This script was generated by crab (version 2.8.8).
Running ./CMSSW.sh with 2 positional parameters: 34 2
Today is Wed Aug 14 20:05:16 CDT 2013
Job submitted on host g19n21.hep.wisc.edu
Linux g19n21.hep.wisc.edu 2.6.18-348.6.1.el5 #1 SMP Tue May 21 15:44:27 EDT 2013 x86_64 x86_64 x86_64 GNU/Linux
>>> current directory (RUNTIME_AREA): /scratch/condor/execute/dir_3116/https_3a_2f_2fwms316.cern.ch_3a9000_2fUw51Hh3Zq9Bm0Qq0smPIVQ
>>> current user: uid=3349(osg_cmsuser2393) gid=622(osg_uscms01) groups=100(users),622(osg_uscms01) context=system_u:system_r:unconfined_execmem_t:s0
>>> directory permission set to 0700
>>> umask set to:  u=rwx,g=,o=
>>> stdout stderr permission set to 0704
>>> voms proxy information:
subject   : /O=GRID-FR/C=FR/O=CNRS/OU=LLR/CN=Ivo Naranjo/CN=proxy/CN=proxy/CN=limited proxy
issuer    : /O=GRID-FR/C=FR/O=CNRS/OU=LLR/CN=Ivo Naranjo/CN=proxy/CN=proxy
identity  : /O=GRID-FR/C=FR/O=CNRS/OU=LLR/CN=Ivo Naranjo/CN=proxy/CN=proxy
type      : limited proxy
strength  : 512 bits
path      : /var/condor/.execute-links/slot29/dir_3116/x509_user_proxy
timeleft  : 176:27:07
key usage : 
=== VO cms extension information ===
VO        : cms
subject   : /O=GRID-FR/C=FR/O=CNRS/OU=LLR/CN=Ivo Naranjo
issuer    : /DC=ch/DC=cern/OU=computers/CN=lcg-voms.cern.ch
attribute : /cms/Role=NULL/Capability=NULL
timeleft  : 176:27:13
uri       : lcg-voms.cern.ch:15002
>>> tar --no-same-permissions -xf /scratch/condor/execute/dir_3116/https_3a_2f_2fwms316.cern.ch_3a9000_2fUw51Hh3Zq9Bm0Qq0smPIVQ/default.tgz :
Successful untar
>>> Include /scratch/condor/execute/dir_3116/https_3a_2f_2fwms316.cern.ch_3a9000_2fUw51Hh3Zq9Bm0Qq0smPIVQ in PYTHONPATH:
strip arguments
env var CRAB_UNIQUE_JOB_ID set to: inaranjo_PFTauIdEff-V18-DYJetsToLL-madgraph-DR53X-Summer12_8xk43p_34_2_j7A
out_files_34
>>> list of expected files on output sandbox
output files: crab_fjr_34.xml CMSSW_34.stdout CMSSW_34.stderr Watchdog_34.log.gz
>>> GridFlavour discovery: 
source OSG GRID setup script
GridFlavour=OSG
>>> SyncSite discovery: 
not reporting SyncSite
>>> SyncCE discovery: 
getting SyncCE from OSG_JOB_CONTACT
SyncCE=cmsgrid01.hep.wisc.edu/jobmanager-condor
>>> info for dashboard:
***** Cat /scratch/condor/execute/dir_3116/https_3a_2f_2fwms316.cern.ch_3a9000_2fUw51Hh3Zq9Bm0Qq0smPIVQ/jobreport.txt *****
MonitorJobID=34_https://wms316.cern.ch:9000/Uw51Hh3Zq9Bm0Qq0smPIVQ
SyncGridJobId=https://wms316.cern.ch:9000/Uw51Hh3Zq9Bm0Qq0smPIVQ
MonitorID=inaranjo_PFTauIdEff-V18-DYJetsToLL-madgraph-DR53X-Summer12_8xk43p
GridFlavour=OSG
SyncCE=cmsgrid01.hep.wisc.edu/jobmanager-condor
***** End Cat jobreport *****
Parameters sent to Dashboard.
>>> setup environment
set SCRAM ARCH to slc5_amd64_gcc462
SCRAM_ARCH = slc5_amd64_gcc462
>>> Created working directory: /var/condor/.execute-links/slot29/dir_3116/cms_LIbCrsMV6766
Change to working directory: /var/condor/.execute-links/slot29/dir_3116/cms_LIbCrsMV6766
>>> current directory (WORKING_DIR): /var/condor/.execute-links/slot29/dir_3116/cms_LIbCrsMV6766
>>> setup CMS OSG environment:
set SCRAM ARCH to slc5_amd64_gcc462
SCRAM_ARCH = slc5_amd64_gcc462
OSG_APP is /cvmfs/cms.hep.wisc.edu/osg/app
sourcing /cvmfs/cms.hep.wisc.edu/osg/app/cmssoft/cms/cmsset_default.sh ...
==> setup cms environment ok
SCRAM_ARCH = slc5_amd64_gcc462
>>> specific cmssw setup environment:
CMSSW_VERSION =  CMSSW_5_3_11_patch3
>>> current directory (SOFTWARE_DIR): /var/condor/.execute-links/slot29/dir_3116/cms_LIbCrsMV6766/CMSSW_5_3_11_patch3
PreserveSeeds: <>
IncrementSeeds:<>
{}
WNHostName=g19n21.hep.wisc.edu
>>> info for dashboard:
***** Cat /scratch/condor/execute/dir_3116/https_3a_2f_2fwms316.cern.ch_3a9000_2fUw51Hh3Zq9Bm0Qq0smPIVQ/jobreport.txt *****
MonitorJobID=34_https://wms316.cern.ch:9000/Uw51Hh3Zq9Bm0Qq0smPIVQ
MonitorID=inaranjo_PFTauIdEff-V18-DYJetsToLL-madgraph-DR53X-Summer12_8xk43p
WNHostName=g19n21.hep.wisc.edu
***** End Cat jobreport *****
Wed Aug 14 20:06:57 2013: ApMon[ERROR]: Error resolving cms-jobmon.cern.ch: [Errno -2] Name or service not known
Parameters sent to Dashboard.
crabWatchdog started as process 12951
>>> moving CMSSW software directories in /var/condor/.execute-links/slot29/dir_3116/cms_LIbCrsMV6766/CMSSW_5_3_11_patch3
mv: cannot stat `/scratch/condor/execute/dir_3116/https_3a_2f_2fwms316.cern.ch_3a9000_2fUw51Hh3Zq9Bm0Qq0smPIVQ/module/': No such file or directory
>>> Include /scratch/condor/execute/dir_3116/https_3a_2f_2fwms316.cern.ch_3a9000_2fUw51Hh3Zq9Bm0Qq0smPIVQ in PYTHONPATH:
PYTHONPATH=/scratch/condor/execute/dir_3116/https_3a_2f_2fwms316.cern.ch_3a9000_2fUw51Hh3Zq9Bm0Qq0smPIVQ/:/scratch/condor/execute/dir_3116/cms_LIbCrsMV6766/CMSSW_5_3_11_patch3/python:/scratch/condor/execute/dir_3116/cms_LIbCrsMV6766/CMSSW_5_3_11_patch3/lib/slc5_amd64_gcc462:/cvmfs/cms.cern.ch/slc5_amd64_gcc462/cms/cmssw-patch/CMSSW_5_3_11_patch3/python:/cvmfs/cms.cern.ch/slc5_amd64_gcc462/cms/cmssw-patch/CMSSW_5_3_11_patch3/lib/slc5_amd64_gcc462:/cvmfs/cms.cern.ch/slc5_amd64_gcc462/cms/cmssw/CMSSW_5_3_11/bin/slc5_amd64_gcc462:/cvmfs/cms.cern.ch/slc5_amd64_gcc462/cms/cmssw/CMSSW_5_3_11/lib/slc5_amd64_gcc462:/cvmfs/cms.cern.ch/slc5_amd64_gcc462/cms/coral/CORAL_2_3_21-cms35/slc5_amd64_gcc462/python:/cvmfs/cms.cern.ch/slc5_amd64_gcc462/cms/coral/CORAL_2_3_21-cms35/slc5_amd64_gcc462/lib:/cvmfs/cms.cern.ch/slc5_amd64_gcc462/external/pyqt/4.8.1/lib/python2.6/site-packages:/cvmfs/cms.cern.ch/slc5_amd64_gcc462/external/py2-scipy/0.8.0/lib/python2.6/site-packages:/cvmfs/cms.cern.ch/slc5_amd64_gcc462/external/py2-matplotlib/1.0.1/lib/python2.6/site-packages:/cvmfs/cms.cern.ch/slc5_amd64_gcc462/external/python-ldap/2.3.5/lib/python2.6/site-packages:/cvmfs/cms.cern.ch/slc5_amd64_gcc462/external/sip/4.11.2/lib/python2.6/site-packages:/cvmfs/cms.cern.ch/slc5_amd64_gcc462/external/py2-pycurl/7.19.0/lib/python2.6/site-packages:/cvmfs/cms.cern.ch/slc5_amd64_gcc462/external/py2-numpy/1.6.1/lib/python2.6/site-packages:/cvmfs/cms.cern.ch/slc5_amd64_gcc462/external/py2-ipython/0.10/lib/python2.6/site-packages:/cvmfs/cms.cern.ch/slc5_amd64_gcc462/external/py2-cx-oracle/5.1-cms11/lib/python2.6/site-packages:/cvmfs/cms.cern.ch/slc5_amd64_gcc462/external/py2-cjson/1.0.5/lib/python2.6/site-packages:/cvmfs/cms.cern.ch/slc5_amd64_gcc462/cms/das-client/1.9.5/bin:/cvmfs/cms.cern.ch/slc5_amd64_gcc462/external/elementtree/1.2.6/share/lib/python2.6/site-packages:/cvmfs/cms.cern.ch/slc5_amd64_gcc462/external/rivet/1.8.2/lib/python2.6/site-packages:/cvmfs/cms.cern.ch/slc5_amd64_gcc462/external/pyminuit2/0.0.1-cms39/lib/python2.6/site-packages:/cvmfs/cms.cern.ch/slc5_amd64_gcc462/external/professor/1.0.0-cms40/lib/python2.6/site-packages:/cvmfs/cms.cern.ch/slc5_amd64_gcc462/lcg/root/5.32.00-cms21/lib:/cvmfs/cms.cern.ch/slc5_amd64_gcc462/cms/dbs-client/DBS_2_1_9-cms3/lib:/cvmfs/cms.cern.ch/slc5_amd64_gcc462/cms/dbs-client/DBS_2_1_9-cms3/lib/DBSAPI:/cvmfs/cms.cern.ch/slc5_amd64_gcc462/external/cvs2git/5419/lib:/scratch/condor/execute/dir_3116/https_3a_2f_2fwms316.cern.ch_3a9000_2fUw51Hh3Zq9Bm0Qq0smPIVQ/
 
# LIMITS USED BY CRAB WATCHDOG:
# RSS  (KBytes)   : 2300000
# VSZ  (KBytes)   : 100000000
# DISK (MBytes)   : 19000
# CPU TIME        : 720h:0m:0s
# WALL CLOCK TIME : 21h:50m:0s
 
ad1530fd04abf2a74b3716344e50f888
PSETHASH = ad1530fd04abf2a74b3716344e50f888
/scratch/condor/execute/dir_3116/https_3a_2f_2fwms316.cern.ch_3a9000_2fUw51Hh3Zq9Bm0Qq0smPIVQ/writeCfg.py pset.py pset.py
Importing .py file
Setting parameters
inputBlocks=/DYJetsToLL_M-50_TuneZ2Star_8TeV-madgraph-tarball/Summer12_DR53X-PU_S10_START53_V7A-v1/AODSIM#f01c8ea8-d3c8-11e1-80c6-003048f02c8a
inputFiles=/store/mc/Summer12_DR53X/DYJetsToLL_M-50_TuneZ2Star_8TeV-madgraph-tarball/AODSIM/PU_S10_START53_V7A-v1/0002/9E37831D-2CD4-E111-9B38-0025B3E05BC4.root;/store/mc/Summer12_DR53X/DYJetsToLL_M-50_TuneZ2Star_8TeV-madgraph-tarball/AODSIM/PU_S10_START53_V7A-v1/0002/DE0A6622-2CD4-E111-912C-002481E15522.root;/store/mc/Summer12_DR53X/DYJetsToLL_M-50_TuneZ2Star_8TeV-madgraph-tarball/AODSIM/PU_S10_START53_V7A-v1/0002/683AFA8A-0CD4-E111-9F59-003048D45FE2.root;/store/mc/Summer12_DR53X/DYJetsToLL_M-50_TuneZ2Star_8TeV-madgraph-tarball/AODSIM/PU_S10_START53_V7A-v1/0002/E0D6B28B-0CD4-E111-90C6-003048D45F42.root;/store/mc/Summer12_DR53X/DYJetsToLL_M-50_TuneZ2Star_8TeV-madgraph-tarball/AODSIM/PU_S10_START53_V7A-v1/0002/0C2B6823-0DD4-E111-BDD3-0025B3E06468.root;/store/mc/Summer12_DR53X/DYJetsToLL_M-50_TuneZ2Star_8TeV-madgraph-tarball/AODSIM/PU_S10_START53_V7A-v1/0002/74603F27-0DD4-E111-998C-0025B31E3C0A.root;/store/mc/Summer12_DR53X/DYJetsToLL_M-50_TuneZ2Star_8TeV-madgraph-tarball/AODSIM/PU_S10_START53_V7A-v1/0002/EE953D2E-0DD4-E111-AAED-0025B3E064F8.root;/store/mc/Summer12_DR53X/DYJetsToLL_M-50_TuneZ2Star_8TeV-madgraph-tarball/AODSIM/PU_S10_START53_V7A-v1/0001/2EAADF51-CBD3-E111-956F-003048D46062.root
parentFiles=
lumisRange=
>>> Executable cmsRun
/cvmfs/cms.cern.ch/slc5_amd64_gcc462/cms/cmssw-patch/CMSSW_5_3_11_patch3/bin/slc5_amd64_gcc462/cmsRun
ok executable found
>>> info for dashboard:
***** Cat /scratch/condor/execute/dir_3116/https_3a_2f_2fwms316.cern.ch_3a9000_2fUw51Hh3Zq9Bm0Qq0smPIVQ/jobreport.txt *****
MonitorJobID=34_https://wms316.cern.ch:9000/Uw51Hh3Zq9Bm0Qq0smPIVQ
MonitorID=inaranjo_PFTauIdEff-V18-DYJetsToLL-madgraph-DR53X-Summer12_8xk43p
ExeStart=cmsRun
***** End Cat jobreport *****
Parameters sent to Dashboard.
>>> cmsRun started at Thu Aug 15 01:07:12 UTC 2013
Terminated
>>> cmsRun ended at Thu Aug 15 22:57:53 UTC 2013
>>> crab_fjr_*.xml  permission set to 0704
>>> info for dashboard:
***** Cat /scratch/condor/execute/dir_3116/https_3a_2f_2fwms316.cern.ch_3a9000_2fUw51Hh3Zq9Bm0Qq0smPIVQ/jobreport.txt *****
MonitorJobID=34_https://wms316.cern.ch:9000/Uw51Hh3Zq9Bm0Qq0smPIVQ
MonitorID=inaranjo_PFTauIdEff-V18-DYJetsToLL-madgraph-DR53X-Summer12_8xk43p
ExeEnd=cmsRun
***** End Cat jobreport *****
Parameters sent to Dashboard.
********** CRAB WRAPPER CMSSW.sh TERMINATED BY A KILL
********** KILL signal was issued by Crab Watchdog
********** because usage of resource WALL TIME was excessive
************** JOB EXIT CODE set to: 50664
Checking output files:  
will tar file crab_fjr_34.xml in  out_files_34
will tar file CMSSW_34.stdout in  out_files_34
will tar file CMSSW_34.stderr in  out_files_34
WARNING: output file Watchdog_34.log.gz not found!
>>> working dir = /var/condor/.execute-links/slot29/dir_3116/cms_LIbCrsMV6766
>>> current directory (RUNTIME_AREA): /scratch/condor/execute/dir_3116/https_3a_2f_2fwms316.cern.ch_3a9000_2fUw51Hh3Zq9Bm0Qq0smPIVQ
>>> Remove working directory: /var/condor/.execute-links/slot29/dir_3116/cms_LIbCrsMV6766
>>> padding time: Wrapper lasting more than 600 seconds. No sleep required.
STOPPING WATCHDOG. CrabWatchdog PID is 12951
./CMSSW.sh: line 122: kill: (12951) - No such process
********** LAST 50 LINES OF WATCHDOG LOG
 Aug 14 20:34:15 CDT	14211	619044	832916	53	1075	1639	cmsRun -j /scratch/condor/execute/dir_3116/https_3a_2f_2fwms316.cern.ch_3a9000_2fUw51Hh3Zq9Bm0Qq0smPIVQ/crab_fjr_34.xml -p pset.py      
 Aug 14 20:35:18 CDT	14211	620288	835476	53	1135	1702	cmsRun -j /scratch/condor/execute/dir_3116/https_3a_2f_2fwms316.cern.ch_3a9000_2fUw51Hh3Zq9Bm0Qq0smPIVQ/crab_fjr_34.xml -p pset.py      
 Aug 14 20:42:35 CDT	14211	620896	835732	53	1553	2140	cmsRun -j /scratch/condor/execute/dir_3116/https_3a_2f_2fwms316.cern.ch_3a9000_2fUw51Hh3Zq9Bm0Qq0smPIVQ/crab_fjr_34.xml -p pset.py      
 Aug 14 20:44:41 CDT	14211	621144	836244	53	1669	2265	cmsRun -j /scratch/condor/execute/dir_3116/https_3a_2f_2fwms316.cern.ch_3a9000_2fUw51Hh3Zq9Bm0Qq0smPIVQ/crab_fjr_34.xml -p pset.py      
 Aug 14 21:20:08 CDT	14211	621720	836244	53	3763	4392	cmsRun -j /scratch/condor/execute/dir_3116/https_3a_2f_2fwms316.cern.ch_3a9000_2fUw51Hh3Zq9Bm0Qq0smPIVQ/crab_fjr_34.xml -p pset.py      
 Aug 14 21:31:35 CDT	14211	621884	836244	53	4412	5079	cmsRun -j /scratch/condor/execute/dir_3116/https_3a_2f_2fwms316.cern.ch_3a9000_2fUw51Hh3Zq9Bm0Qq0smPIVQ/crab_fjr_34.xml -p pset.py      
 Aug 14 21:52:25 CDT	14211	623764	836500	53	5638	6329	cmsRun -j /scratch/condor/execute/dir_3116/https_3a_2f_2fwms316.cern.ch_3a9000_2fUw51Hh3Zq9Bm0Qq0smPIVQ/crab_fjr_34.xml -p pset.py      
 Aug 14 22:10:07 CDT	---	623764	836500	54	----	----	----
 Aug 14 22:18:28 CDT	14211	625248	836756	54	7127	7893	cmsRun -j /scratch/condor/execute/dir_3116/https_3a_2f_2fwms316.cern.ch_3a9000_2fUw51Hh3Zq9Bm0Qq0smPIVQ/crab_fjr_34.xml -p pset.py      
 Aug 14 22:29:57 CDT	14211	626812	839572	54	7790	8581	cmsRun -j /scratch/condor/execute/dir_3116/https_3a_2f_2fwms316.cern.ch_3a9000_2fUw51Hh3Zq9Bm0Qq0smPIVQ/crab_fjr_34.xml -p pset.py      
 Aug 15 00:01:41 CDT	---	626812	839572	55	----	----	----
 Aug 15 00:02:44 CDT	---	626812	839572	56	----	----	----
 Aug 15 00:35:06 CDT	14211	676748	907412	56	15094	16089	cmsRun -j /scratch/condor/execute/dir_3116/https_3a_2f_2fwms316.cern.ch_3a9000_2fUw51Hh3Zq9Bm0Qq0smPIVQ/crab_fjr_34.xml -p pset.py      
 Aug 15 00:36:07 CDT	14211	676748	923028	56	15098	16149	cmsRun -j /scratch/condor/execute/dir_3116/https_3a_2f_2fwms316.cern.ch_3a9000_2fUw51Hh3Zq9Bm0Qq0smPIVQ/crab_fjr_34.xml -p pset.py      
 Aug 15 00:37:07 CDT	14211	725468	925332	56	15099	16210	cmsRun -j /scratch/condor/execute/dir_3116/https_3a_2f_2fwms316.cern.ch_3a9000_2fUw51Hh3Zq9Bm0Qq0smPIVQ/crab_fjr_34.xml -p pset.py      
# TIME			PID	RSS(KB)	VSZ(KB)	Dsk(MB)	tCPU(s)	tWALL(s)	COMMAND
 Aug 15 00:38:08 CDT	14211	738832	925332	56	15102	16270	cmsRun -j /scratch/condor/execute/dir_3116/https_3a_2f_2fwms316.cern.ch_3a9000_2fUw51Hh3Zq9Bm0Qq0smPIVQ/crab_fjr_34.xml -p pset.py      
 Aug 15 01:59:31 CDT	---	738832	925332	57	----	----	----
 Aug 15 03:53:34 CDT	---	738832	925332	58	----	----	----
 Aug 15 05:16:09 CDT	14211	738832	929172	58	31123	32951	cmsRun -j /scratch/condor/execute/dir_3116/https_3a_2f_2fwms316.cern.ch_3a9000_2fUw51Hh3Zq9Bm0Qq0smPIVQ/crab_fjr_34.xml -p pset.py      
 Aug 15 05:47:24 CDT	---	738832	929172	60	----	----	----
 Aug 15 07:39:28 CDT	---	738832	929172	61	----	----	----
 Aug 15 09:29:00 CDT	---	738832	929172	62	----	----	----
 Aug 15 09:53:01 CDT	14211	738832	936596	62	47240	49564	cmsRun -j /scratch/condor/execute/dir_3116/https_3a_2f_2fwms316.cern.ch_3a9000_2fUw51Hh3Zq9Bm0Qq0smPIVQ/crab_fjr_34.xml -p pset.py      
 Aug 15 11:24:42 CDT	---	738832	936596	64	----	----	----
 Aug 15 13:15:42 CDT	---	738832	936596	65	----	----	----
 Aug 15 14:37:16 CDT	14211	738832	939924	65	63797	66618	cmsRun -j /scratch/condor/execute/dir_3116/https_3a_2f_2fwms316.cern.ch_3a9000_2fUw51Hh3Zq9Bm0Qq0smPIVQ/crab_fjr_34.xml -p pset.py      
 Aug 15 14:38:16 CDT	14211	738832	942228	65	63803	66679	cmsRun -j /scratch/condor/execute/dir_3116/https_3a_2f_2fwms316.cern.ch_3a9000_2fUw51Hh3Zq9Bm0Qq0smPIVQ/crab_fjr_34.xml -p pset.py      
 Aug 15 15:09:30 CDT	---	738832	942228	66	----	----	----
 Aug 15 16:30:01 CDT	---	738832	942228	67	----	----	----
 Aug 15 17:01:23 CDT	---	738832	942228	68	----	----	----
 ********************************************************
 * JOB HIT PREDEFINED RESOURCE LIMIT ! PROCESSING HALTED
 *   WALL TIME value is 78654 while limit is 78600
 ********************************************************
send pkill TERM  to all CrabWrapper childs in this Process Tree
  PID TTY      STAT   TIME COMMAND
 6464 ?        SN     0:00 /bin/sh /var/condor/.execute-links/slot29/dir_3116/_osg_wrapper/_osg_wrapper_exec 'UI=000000:NS=0000000004:WM=000006:BH=0000000000:JSS=000003:LM=000000:LRMS=000000:APP=000000:LBS=000000'
 6467 ?        SN     0:00  \_ /usr/bin/time -p -o tmp.sejeXD6373 ./CMSSW.sh 34 2
 6468 ?        SN     0:00      \_ /bin/sh ./CMSSW.sh 34 2
12951 ?        SN     0:14          \_ /bin/bash /scratch/condor/execute/dir_3116/https_3a_2f_2fwms316.cern.ch_3a9000_2fUw51Hh3Zq9Bm0Qq0smPIVQ/crabWatchdog.sh
14210 ?        SN     0:00          \_ /usr/bin/time -f %U %S %P -o cpu_timing.txt cmsRun -j /scratch/condor/execute/dir_3116/https_3a_2f_2fwms316.cern.ch_3a9000_2fUw51Hh3Zq9Bm0Qq0smPIVQ/crab_fjr_34.xml -p pset.py
14211 ?        RNl  1257:14              \_ cmsRun -j /scratch/condor/execute/dir_3116/https_3a_2f_2fwms316.cern.ch_3a9000_2fUw51Hh3Zq9Bm0Qq0smPIVQ/crab_fjr_34.xml -p pset.py
 Sent TERM to: PID 14211 executing: cmsRun -j /scratch/condor/execute/dir_3116/https_3a_2f_2fwms316.cern.ch_3a9000_2fUw51Hh3Zq9Bm0Qq0smPIVQ/crab_fjr_34.xml -p pset.py
 Sent TERM to: PID 14210 executing: /usr/bin/time -f %U %S %P -o cpu_timing.txt cmsRun -j /scratch/condor/execute/dir_3116/https_3a_2f_2fwms316.cern.ch_3a9000_2fUw51Hh3Zq9Bm0Qq0smPIVQ/crab_fjr_34.xml -p pset.py
 Wait 30 sec to let processes close up ...
 OK. Process 14211 is gone
 OK. Process 14210 is gone
Finally gently signal CrabWrapper with USR2
Process cleanup completed, crabWatchdog.sh exiting
********** WATCHDOG LOG ENDED
ZIPPING WATCHDOG LOG
Disk space used:
du -sh /scratch/condor/execute/dir_3116/https_3a_2f_2fwms316.cern.ch_3a9000_2fUw51Hh3Zq9Bm0Qq0smPIVQ
15M	/scratch/condor/execute/dir_3116/https_3a_2f_2fwms316.cern.ch_3a9000_2fUw51Hh3Zq9Bm0Qq0smPIVQ
Found unusual stderr, rename for OSB
