This script was generated by crab (version 2.8.8).
Running ./CMSSW.sh with 2 positional parameters: 202 2
Today is Wed Aug 14 23:28:44 PDT 2013
Job submitted on host cabinet-6-6-36.t2.ucsd.edu
Linux cabinet-6-6-36.t2.ucsd.edu 2.6.32-358.2.1.el6.x86_64 #1 SMP Wed Mar 13 00:26:49 UTC 2013 x86_64 x86_64 x86_64 GNU/Linux
>>> current directory (RUNTIME_AREA): /data2/condor_local/execute/dir_10911/https_3a_2f_2fwms316.cern.ch_3a9000_2fiiwK93ub6IrTF-coFiasHQ
>>> current user: uid=36074(cuser28) gid=36074(cuser28) groups=36074(cuser28)
>>> directory permission set to 0700
>>> umask set to:  u=rwx,g=,o=
>>> stdout stderr permission set to 0704
>>> voms proxy information:
subject   : /O=GRID-FR/C=FR/O=CNRS/OU=LLR/CN=Ivo Naranjo/CN=proxy/CN=proxy/CN=limited proxy/CN=limited proxy
issuer    : /O=GRID-FR/C=FR/O=CNRS/OU=LLR/CN=Ivo Naranjo/CN=proxy/CN=proxy/CN=limited proxy
identity  : /O=GRID-FR/C=FR/O=CNRS/OU=LLR/CN=Ivo Naranjo/CN=proxy/CN=proxy/CN=limited proxy
type      : limited proxy
strength  : 512 bits
path      : /data2/condor_local/execute/dir_10911/x509_user_proxy
timeleft  : 23:59:32
key usage : 
=== VO cms extension information ===
VO        : cms
subject   : /O=GRID-FR/C=FR/O=CNRS/OU=LLR/CN=Ivo Naranjo
issuer    : /DC=ch/DC=cern/OU=computers/CN=lcg-voms.cern.ch
attribute : /cms/Role=NULL/Capability=NULL
timeleft  : 171:03:45
uri       : lcg-voms.cern.ch:15002
>>> tar --no-same-permissions -xf /data2/condor_local/execute/dir_10911/https_3a_2f_2fwms316.cern.ch_3a9000_2fiiwK93ub6IrTF-coFiasHQ/default.tgz :
Successful untar
>>> Include /data2/condor_local/execute/dir_10911/https_3a_2f_2fwms316.cern.ch_3a9000_2fiiwK93ub6IrTF-coFiasHQ in PYTHONPATH:
strip arguments
env var CRAB_UNIQUE_JOB_ID set to: inaranjo_PFTauIdEff-V18-DYJetsToLL-madgraph-DR53X-Summer12_8xk43p_202_2_xm3
out_files_202
>>> list of expected files on output sandbox
output files: crab_fjr_202.xml CMSSW_202.stdout CMSSW_202.stderr Watchdog_202.log.gz
>>> GridFlavour discovery: 
source OSG GRID setup script
GridFlavour=OSG
>>> SyncSite discovery: 
not reporting SyncSite
>>> SyncCE discovery: 
getting SyncCE from OSG_JOB_CONTACT
SyncCE=osg-gw-7.t2.ucsd.edu/jobmanager-condor
>>> info for dashboard:
***** Cat /data2/condor_local/execute/dir_10911/https_3a_2f_2fwms316.cern.ch_3a9000_2fiiwK93ub6IrTF-coFiasHQ/jobreport.txt *****
MonitorJobID=202_https://wms316.cern.ch:9000/iiwK93ub6IrTF-coFiasHQ
SyncGridJobId=https://wms316.cern.ch:9000/iiwK93ub6IrTF-coFiasHQ
MonitorID=inaranjo_PFTauIdEff-V18-DYJetsToLL-madgraph-DR53X-Summer12_8xk43p
GridFlavour=OSG
SyncCE=osg-gw-7.t2.ucsd.edu/jobmanager-condor
***** End Cat jobreport *****
Parameters sent to Dashboard.
>>> setup environment
set SCRAM ARCH to slc5_amd64_gcc462
SCRAM_ARCH = slc5_amd64_gcc462
/bin/mktemp: failed to create directory via template `$_CONDOR_SCRATCH_DIR/cms_XXXXXXXXXXXX': No such file or directory
ERROR ==> OSG  could not be created on WN cabinet-6-6-36.t2.ucsd.edu
Checking output files:  
will tar file crab_fjr_202.xml in  out_files_202
will tar file CMSSW_202.stdout in  out_files_202
will tar file CMSSW_202.stderr in  out_files_202
WARNING: output file Watchdog_202.log.gz not found!
>>> padding time: Sleeping the wrapper for 599 seconds
STOPPING WATCHDOG. CrabWatchdog PID is 
kill: usage: kill [-s sigspec | -n signum | -sigspec] pid | jobspec ... or kill -l [sigspec]
********** LAST 50 LINES OF WATCHDOG LOG
tail: cannot open `Watchdog_202.log' for reading: No such file or directory
********** WATCHDOG LOG ENDED
ZIPPING WATCHDOG LOG
gzip: Watchdog_202.log: No such file or directory
Disk space used:
du -sh /data2/condor_local/execute/dir_10911/https_3a_2f_2fwms316.cern.ch_3a9000_2fiiwK93ub6IrTF-coFiasHQ
59M	/data2/condor_local/execute/dir_10911/https_3a_2f_2fwms316.cern.ch_3a9000_2fiiwK93ub6IrTF-coFiasHQ
Found unusual stderr, rename for OSB
