This script was generated by crab (version 2.8.8).
Running ./CMSSW.sh with 2 positional parameters: 6 2
Today is Wed Aug 14 20:05:21 CDT 2013
Job submitted on host g19n21.hep.wisc.edu
Linux g19n21.hep.wisc.edu 2.6.18-348.6.1.el5 #1 SMP Tue May 21 15:44:27 EDT 2013 x86_64 x86_64 x86_64 GNU/Linux
>>> current directory (RUNTIME_AREA): /scratch/condor/execute/dir_3149/https_3a_2f_2fwms316.cern.ch_3a9000_2f934pXlgCaNEazR7M86wolw
>>> current user: uid=3349(osg_cmsuser2393) gid=622(osg_uscms01) groups=100(users),622(osg_uscms01) context=system_u:system_r:unconfined_execmem_t:s0
>>> directory permission set to 0700
>>> umask set to:  u=rwx,g=,o=
>>> stdout stderr permission set to 0704
>>> voms proxy information:
subject   : /O=GRID-FR/C=FR/O=CNRS/OU=LLR/CN=Ivo Naranjo/CN=proxy/CN=proxy/CN=limited proxy
issuer    : /O=GRID-FR/C=FR/O=CNRS/OU=LLR/CN=Ivo Naranjo/CN=proxy/CN=proxy
identity  : /O=GRID-FR/C=FR/O=CNRS/OU=LLR/CN=Ivo Naranjo/CN=proxy/CN=proxy
type      : limited proxy
strength  : 512 bits
path      : /var/condor/.execute-links/slot31/dir_3149/x509_user_proxy
timeleft  : 176:27:02
key usage : 
=== VO cms extension information ===
VO        : cms
subject   : /O=GRID-FR/C=FR/O=CNRS/OU=LLR/CN=Ivo Naranjo
issuer    : /DC=ch/DC=cern/OU=computers/CN=lcg-voms.cern.ch
attribute : /cms/Role=NULL/Capability=NULL
timeleft  : 176:27:08
uri       : lcg-voms.cern.ch:15002
>>> tar --no-same-permissions -xf /scratch/condor/execute/dir_3149/https_3a_2f_2fwms316.cern.ch_3a9000_2f934pXlgCaNEazR7M86wolw/default.tgz :
Successful untar
>>> Include /scratch/condor/execute/dir_3149/https_3a_2f_2fwms316.cern.ch_3a9000_2f934pXlgCaNEazR7M86wolw in PYTHONPATH:
strip arguments
env var CRAB_UNIQUE_JOB_ID set to: inaranjo_PFTauIdEff-V18-DYJetsToLL-madgraph-DR53X-Summer12_8xk43p_6_2_Unp
out_files_6
>>> list of expected files on output sandbox
output files: crab_fjr_6.xml CMSSW_6.stdout CMSSW_6.stderr Watchdog_6.log.gz
>>> GridFlavour discovery: 
source OSG GRID setup script
GridFlavour=OSG
>>> SyncSite discovery: 
not reporting SyncSite
>>> SyncCE discovery: 
getting SyncCE from OSG_JOB_CONTACT
SyncCE=cmsgrid01.hep.wisc.edu/jobmanager-condor
>>> info for dashboard:
***** Cat /scratch/condor/execute/dir_3149/https_3a_2f_2fwms316.cern.ch_3a9000_2f934pXlgCaNEazR7M86wolw/jobreport.txt *****
MonitorJobID=6_https://wms316.cern.ch:9000/934pXlgCaNEazR7M86wolw
SyncGridJobId=https://wms316.cern.ch:9000/934pXlgCaNEazR7M86wolw
MonitorID=inaranjo_PFTauIdEff-V18-DYJetsToLL-madgraph-DR53X-Summer12_8xk43p
GridFlavour=OSG
SyncCE=cmsgrid01.hep.wisc.edu/jobmanager-condor
***** End Cat jobreport *****
Parameters sent to Dashboard.
>>> setup environment
set SCRAM ARCH to slc5_amd64_gcc462
SCRAM_ARCH = slc5_amd64_gcc462
>>> Created working directory: /var/condor/.execute-links/slot31/dir_3149/cms_PqvkcUgT7506
Change to working directory: /var/condor/.execute-links/slot31/dir_3149/cms_PqvkcUgT7506
>>> current directory (WORKING_DIR): /var/condor/.execute-links/slot31/dir_3149/cms_PqvkcUgT7506
>>> setup CMS OSG environment:
set SCRAM ARCH to slc5_amd64_gcc462
SCRAM_ARCH = slc5_amd64_gcc462
OSG_APP is /cvmfs/cms.hep.wisc.edu/osg/app
sourcing /cvmfs/cms.hep.wisc.edu/osg/app/cmssoft/cms/cmsset_default.sh ...
==> setup cms environment ok
SCRAM_ARCH = slc5_amd64_gcc462
>>> specific cmssw setup environment:
CMSSW_VERSION =  CMSSW_5_3_11_patch3
>>> current directory (SOFTWARE_DIR): /var/condor/.execute-links/slot31/dir_3149/cms_PqvkcUgT7506/CMSSW_5_3_11_patch3
PreserveSeeds: <>
IncrementSeeds:<>
{}
WNHostName=g19n21.hep.wisc.edu
>>> info for dashboard:
***** Cat /scratch/condor/execute/dir_3149/https_3a_2f_2fwms316.cern.ch_3a9000_2f934pXlgCaNEazR7M86wolw/jobreport.txt *****
MonitorJobID=6_https://wms316.cern.ch:9000/934pXlgCaNEazR7M86wolw
MonitorID=inaranjo_PFTauIdEff-V18-DYJetsToLL-madgraph-DR53X-Summer12_8xk43p
WNHostName=g19n21.hep.wisc.edu
***** End Cat jobreport *****
Wed Aug 14 20:06:57 2013: ApMon[ERROR]: Error resolving cms-jobmon.cern.ch: [Errno -2] Name or service not known
Parameters sent to Dashboard.
crabWatchdog started as process 12952
>>> moving CMSSW software directories in /var/condor/.execute-links/slot31/dir_3149/cms_PqvkcUgT7506/CMSSW_5_3_11_patch3
mv: cannot stat `/scratch/condor/execute/dir_3149/https_3a_2f_2fwms316.cern.ch_3a9000_2f934pXlgCaNEazR7M86wolw/module/': No such file or directory
>>> Include /scratch/condor/execute/dir_3149/https_3a_2f_2fwms316.cern.ch_3a9000_2f934pXlgCaNEazR7M86wolw in PYTHONPATH:
PYTHONPATH=/scratch/condor/execute/dir_3149/https_3a_2f_2fwms316.cern.ch_3a9000_2f934pXlgCaNEazR7M86wolw/:/scratch/condor/execute/dir_3149/cms_PqvkcUgT7506/CMSSW_5_3_11_patch3/python:/scratch/condor/execute/dir_3149/cms_PqvkcUgT7506/CMSSW_5_3_11_patch3/lib/slc5_amd64_gcc462:/cvmfs/cms.cern.ch/slc5_amd64_gcc462/cms/cmssw-patch/CMSSW_5_3_11_patch3/python:/cvmfs/cms.cern.ch/slc5_amd64_gcc462/cms/cmssw-patch/CMSSW_5_3_11_patch3/lib/slc5_amd64_gcc462:/cvmfs/cms.cern.ch/slc5_amd64_gcc462/cms/cmssw/CMSSW_5_3_11/bin/slc5_amd64_gcc462:/cvmfs/cms.cern.ch/slc5_amd64_gcc462/cms/cmssw/CMSSW_5_3_11/lib/slc5_amd64_gcc462:/cvmfs/cms.cern.ch/slc5_amd64_gcc462/cms/coral/CORAL_2_3_21-cms35/slc5_amd64_gcc462/python:/cvmfs/cms.cern.ch/slc5_amd64_gcc462/cms/coral/CORAL_2_3_21-cms35/slc5_amd64_gcc462/lib:/cvmfs/cms.cern.ch/slc5_amd64_gcc462/external/pyqt/4.8.1/lib/python2.6/site-packages:/cvmfs/cms.cern.ch/slc5_amd64_gcc462/external/py2-scipy/0.8.0/lib/python2.6/site-packages:/cvmfs/cms.cern.ch/slc5_amd64_gcc462/external/py2-matplotlib/1.0.1/lib/python2.6/site-packages:/cvmfs/cms.cern.ch/slc5_amd64_gcc462/external/python-ldap/2.3.5/lib/python2.6/site-packages:/cvmfs/cms.cern.ch/slc5_amd64_gcc462/external/sip/4.11.2/lib/python2.6/site-packages:/cvmfs/cms.cern.ch/slc5_amd64_gcc462/external/py2-pycurl/7.19.0/lib/python2.6/site-packages:/cvmfs/cms.cern.ch/slc5_amd64_gcc462/external/py2-numpy/1.6.1/lib/python2.6/site-packages:/cvmfs/cms.cern.ch/slc5_amd64_gcc462/external/py2-ipython/0.10/lib/python2.6/site-packages:/cvmfs/cms.cern.ch/slc5_amd64_gcc462/external/py2-cx-oracle/5.1-cms11/lib/python2.6/site-packages:/cvmfs/cms.cern.ch/slc5_amd64_gcc462/external/py2-cjson/1.0.5/lib/python2.6/site-packages:/cvmfs/cms.cern.ch/slc5_amd64_gcc462/cms/das-client/1.9.5/bin:/cvmfs/cms.cern.ch/slc5_amd64_gcc462/external/elementtree/1.2.6/share/lib/python2.6/site-packages:/cvmfs/cms.cern.ch/slc5_amd64_gcc462/external/rivet/1.8.2/lib/python2.6/site-packages:/cvmfs/cms.cern.ch/slc5_amd64_gcc462/external/pyminuit2/0.0.1-cms39/lib/python2.6/site-packages:/cvmfs/cms.cern.ch/slc5_amd64_gcc462/external/professor/1.0.0-cms40/lib/python2.6/site-packages:/cvmfs/cms.cern.ch/slc5_amd64_gcc462/lcg/root/5.32.00-cms21/lib:/cvmfs/cms.cern.ch/slc5_amd64_gcc462/cms/dbs-client/DBS_2_1_9-cms3/lib:/cvmfs/cms.cern.ch/slc5_amd64_gcc462/cms/dbs-client/DBS_2_1_9-cms3/lib/DBSAPI:/cvmfs/cms.cern.ch/slc5_amd64_gcc462/external/cvs2git/5419/lib:/scratch/condor/execute/dir_3149/https_3a_2f_2fwms316.cern.ch_3a9000_2f934pXlgCaNEazR7M86wolw/
 
# LIMITS USED BY CRAB WATCHDOG:
# RSS  (KBytes)   : 2300000
# VSZ  (KBytes)   : 100000000
# DISK (MBytes)   : 19000
# CPU TIME        : 720h:0m:0s
# WALL CLOCK TIME : 21h:50m:0s
 
ad1530fd04abf2a74b3716344e50f888
PSETHASH = ad1530fd04abf2a74b3716344e50f888
/scratch/condor/execute/dir_3149/https_3a_2f_2fwms316.cern.ch_3a9000_2f934pXlgCaNEazR7M86wolw/writeCfg.py pset.py pset.py
Importing .py file
Setting parameters
inputBlocks=/DYJetsToLL_M-50_TuneZ2Star_8TeV-madgraph-tarball/Summer12_DR53X-PU_S10_START53_V7A-v1/AODSIM#f01c8ea8-d3c8-11e1-80c6-003048f02c8a
inputFiles=/store/mc/Summer12_DR53X/DYJetsToLL_M-50_TuneZ2Star_8TeV-madgraph-tarball/AODSIM/PU_S10_START53_V7A-v1/0002/92B20960-21D4-E111-9AD4-003048674016.root;/store/mc/Summer12_DR53X/DYJetsToLL_M-50_TuneZ2Star_8TeV-madgraph-tarball/AODSIM/PU_S10_START53_V7A-v1/0002/D61223C9-22D4-E111-84E6-001E6739811F.root;/store/mc/Summer12_DR53X/DYJetsToLL_M-50_TuneZ2Star_8TeV-madgraph-tarball/AODSIM/PU_S10_START53_V7A-v1/0002/FEE30FCF-22D4-E111-ABF0-0025B3E05CDA.root;/store/mc/Summer12_DR53X/DYJetsToLL_M-50_TuneZ2Star_8TeV-madgraph-tarball/AODSIM/PU_S10_START53_V7A-v1/0002/DACDA685-23D4-E111-B28B-0025B3E06522.root;/store/mc/Summer12_DR53X/DYJetsToLL_M-50_TuneZ2Star_8TeV-madgraph-tarball/AODSIM/PU_S10_START53_V7A-v1/0002/7AD078D1-3AD4-E111-A83F-003048D45F84.root;/store/mc/Summer12_DR53X/DYJetsToLL_M-50_TuneZ2Star_8TeV-madgraph-tarball/AODSIM/PU_S10_START53_V7A-v1/0002/AAC328DB-3AD4-E111-BCB1-002481E14FEE.root;/store/mc/Summer12_DR53X/DYJetsToLL_M-50_TuneZ2Star_8TeV-madgraph-tarball/AODSIM/PU_S10_START53_V7A-v1/0002/88291ADD-3AD4-E111-95D9-003048D47A2E.root;/store/mc/Summer12_DR53X/DYJetsToLL_M-50_TuneZ2Star_8TeV-madgraph-tarball/AODSIM/PU_S10_START53_V7A-v1/0002/924E45DD-3AD4-E111-A33E-003048D47A2E.root
parentFiles=
lumisRange=
>>> Executable cmsRun
/cvmfs/cms.cern.ch/slc5_amd64_gcc462/cms/cmssw-patch/CMSSW_5_3_11_patch3/bin/slc5_amd64_gcc462/cmsRun
ok executable found
>>> info for dashboard:
***** Cat /scratch/condor/execute/dir_3149/https_3a_2f_2fwms316.cern.ch_3a9000_2f934pXlgCaNEazR7M86wolw/jobreport.txt *****
MonitorJobID=6_https://wms316.cern.ch:9000/934pXlgCaNEazR7M86wolw
MonitorID=inaranjo_PFTauIdEff-V18-DYJetsToLL-madgraph-DR53X-Summer12_8xk43p
ExeStart=cmsRun
***** End Cat jobreport *****
Parameters sent to Dashboard.
>>> cmsRun started at Thu Aug 15 01:07:12 UTC 2013
Terminated
>>> cmsRun ended at Thu Aug 15 22:57:51 UTC 2013
>>> crab_fjr_*.xml  permission set to 0704
>>> info for dashboard:
***** Cat /scratch/condor/execute/dir_3149/https_3a_2f_2fwms316.cern.ch_3a9000_2f934pXlgCaNEazR7M86wolw/jobreport.txt *****
MonitorJobID=6_https://wms316.cern.ch:9000/934pXlgCaNEazR7M86wolw
MonitorID=inaranjo_PFTauIdEff-V18-DYJetsToLL-madgraph-DR53X-Summer12_8xk43p
ExeEnd=cmsRun
***** End Cat jobreport *****
Parameters sent to Dashboard.
********** CRAB WRAPPER CMSSW.sh TERMINATED BY A KILL
********** KILL signal was issued by Crab Watchdog
********** because usage of resource WALL TIME was excessive
************** JOB EXIT CODE set to: 50664
Checking output files:  
will tar file crab_fjr_6.xml in  out_files_6
will tar file CMSSW_6.stdout in  out_files_6
will tar file CMSSW_6.stderr in  out_files_6
WARNING: output file Watchdog_6.log.gz not found!
>>> working dir = /var/condor/.execute-links/slot31/dir_3149/cms_PqvkcUgT7506
>>> current directory (RUNTIME_AREA): /scratch/condor/execute/dir_3149/https_3a_2f_2fwms316.cern.ch_3a9000_2f934pXlgCaNEazR7M86wolw
>>> Remove working directory: /var/condor/.execute-links/slot31/dir_3149/cms_PqvkcUgT7506
>>> padding time: Wrapper lasting more than 600 seconds. No sleep required.
STOPPING WATCHDOG. CrabWatchdog PID is 12952
./CMSSW.sh: line 122: kill: (12952) - No such process
********** LAST 50 LINES OF WATCHDOG LOG
 Aug 14 20:45:55 CDT	14204	616748	829844	53	950	2340	cmsRun -j /scratch/condor/execute/dir_3149/https_3a_2f_2fwms316.cern.ch_3a9000_2f934pXlgCaNEazR7M86wolw/crab_fjr_6.xml -p pset.py      
 Aug 14 20:48:02 CDT	14204	619012	832148	53	1074	2467	cmsRun -j /scratch/condor/execute/dir_3149/https_3a_2f_2fwms316.cern.ch_3a9000_2f934pXlgCaNEazR7M86wolw/crab_fjr_6.xml -p pset.py      
 Aug 14 20:54:20 CDT	14204	619512	832148	53	1447	2844	cmsRun -j /scratch/condor/execute/dir_3149/https_3a_2f_2fwms316.cern.ch_3a9000_2f934pXlgCaNEazR7M86wolw/crab_fjr_6.xml -p pset.py      
 Aug 14 20:56:26 CDT	14204	621364	834964	53	1571	2971	cmsRun -j /scratch/condor/execute/dir_3149/https_3a_2f_2fwms316.cern.ch_3a9000_2f934pXlgCaNEazR7M86wolw/crab_fjr_6.xml -p pset.py      
 Aug 14 21:17:24 CDT	14204	621744	834964	53	2812	4228	cmsRun -j /scratch/condor/execute/dir_3149/https_3a_2f_2fwms316.cern.ch_3a9000_2f934pXlgCaNEazR7M86wolw/crab_fjr_6.xml -p pset.py      
 Aug 14 21:19:30 CDT	14204	623332	835988	53	2937	4354	cmsRun -j /scratch/condor/execute/dir_3149/https_3a_2f_2fwms316.cern.ch_3a9000_2f934pXlgCaNEazR7M86wolw/crab_fjr_6.xml -p pset.py      
 Aug 14 21:26:49 CDT	14204	623392	835988	53	3360	4793	cmsRun -j /scratch/condor/execute/dir_3149/https_3a_2f_2fwms316.cern.ch_3a9000_2f934pXlgCaNEazR7M86wolw/crab_fjr_6.xml -p pset.py      
 Aug 14 22:01:29 CDT	14204	625608	836500	53	5366	6873	cmsRun -j /scratch/condor/execute/dir_3149/https_3a_2f_2fwms316.cern.ch_3a9000_2f934pXlgCaNEazR7M86wolw/crab_fjr_6.xml -p pset.py      
 Aug 14 22:15:09 CDT	14204	625608	923284	53	6129	7691	cmsRun -j /scratch/condor/execute/dir_3149/https_3a_2f_2fwms316.cern.ch_3a9000_2f934pXlgCaNEazR7M86wolw/crab_fjr_6.xml -p pset.py      
 Aug 14 22:16:09 CDT	14204	677860	924564	53	6132	7752	cmsRun -j /scratch/condor/execute/dir_3149/https_3a_2f_2fwms316.cern.ch_3a9000_2f934pXlgCaNEazR7M86wolw/crab_fjr_6.xml -p pset.py      
 Aug 14 22:17:10 CDT	14204	735796	926868	53	6132	7812	cmsRun -j /scratch/condor/execute/dir_3149/https_3a_2f_2fwms316.cern.ch_3a9000_2f934pXlgCaNEazR7M86wolw/crab_fjr_6.xml -p pset.py      
 Aug 14 22:21:12 CDT	14204	739300	926868	53	6142	8059	cmsRun -j /scratch/condor/execute/dir_3149/https_3a_2f_2fwms316.cern.ch_3a9000_2f934pXlgCaNEazR7M86wolw/crab_fjr_6.xml -p pset.py      
# TIME			PID	RSS(KB)	VSZ(KB)	Dsk(MB)	tCPU(s)	tWALL(s)	COMMAND
# TIME			PID	RSS(KB)	VSZ(KB)	Dsk(MB)	tCPU(s)	tWALL(s)	COMMAND
 Aug 14 22:23:18 CDT	14204	742600	926868	53	6147	8182	cmsRun -j /scratch/condor/execute/dir_3149/https_3a_2f_2fwms316.cern.ch_3a9000_2f934pXlgCaNEazR7M86wolw/crab_fjr_6.xml -p pset.py      
 Aug 14 22:33:46 CDT	---	742600	926868	54	----	----	----
 Aug 15 00:26:44 CDT	---	742600	926868	56	----	----	----
 Aug 15 02:18:30 CDT	---	742600	926868	57	----	----	----
 Aug 15 03:10:41 CDT	14204	742600	936596	57	22844	25425	cmsRun -j /scratch/condor/execute/dir_3149/https_3a_2f_2fwms316.cern.ch_3a9000_2f934pXlgCaNEazR7M86wolw/crab_fjr_6.xml -p pset.py      
 Aug 15 04:17:39 CDT	---	742600	936596	58	----	----	----
 Aug 15 06:09:39 CDT	---	742600	936596	60	----	----	----
 Aug 15 08:02:32 CDT	14204	742600	939412	60	39669	42935	cmsRun -j /scratch/condor/execute/dir_3149/https_3a_2f_2fwms316.cern.ch_3a9000_2f934pXlgCaNEazR7M86wolw/crab_fjr_6.xml -p pset.py      
 Aug 15 08:08:38 CDT	---	742600	939412	61	----	----	----
 Aug 15 10:00:28 CDT	---	742600	939412	62	----	----	----
 Aug 15 11:50:02 CDT	---	742600	939412	63	----	----	----
 Aug 15 11:51:05 CDT	---	742600	939412	64	----	----	----
 Aug 15 13:49:06 CDT	---	742600	939412	65	----	----	----
 Aug 15 15:38:52 CDT	---	742600	939412	66	----	----	----
 Aug 15 15:46:10 CDT	---	742600	939412	67	----	----	----
 Aug 15 17:25:29 CDT	14204	742600	945812	67	72212	76711	cmsRun -j /scratch/condor/execute/dir_3149/https_3a_2f_2fwms316.cern.ch_3a9000_2f934pXlgCaNEazR7M86wolw/crab_fjr_6.xml -p pset.py      
 Aug 15 17:32:39 CDT	---	742600	945812	68	----	----	----
 ********************************************************
 * JOB HIT PREDEFINED RESOURCE LIMIT ! PROCESSING HALTED
 *   WALL TIME value is 78652 while limit is 78600
 ********************************************************
send pkill TERM  to all CrabWrapper childs in this Process Tree
  PID TTY      STAT   TIME COMMAND
 7186 ?        SN     0:00 /bin/sh /var/condor/.execute-links/slot31/dir_3149/_osg_wrapper/_osg_wrapper_exec 'UI=000000:NS=0000000004:WM=000006:BH=0000000000:JSS=000003:LM=000000:LRMS=000000:APP=000000:LBS=000000'
 7188 ?        SN     0:00  \_ /usr/bin/time -p -o tmp.RiCgSv7038 ./CMSSW.sh 6 2
 7192 ?        SN     0:00      \_ /bin/sh ./CMSSW.sh 6 2
12952 ?        SN     0:14          \_ /bin/bash /scratch/condor/execute/dir_3149/https_3a_2f_2fwms316.cern.ch_3a9000_2f934pXlgCaNEazR7M86wolw/crabWatchdog.sh
14203 ?        SN     0:00          \_ /usr/bin/time -f %U %S %P -o cpu_timing.txt cmsRun -j /scratch/condor/execute/dir_3149/https_3a_2f_2fwms316.cern.ch_3a9000_2f934pXlgCaNEazR7M86wolw/crab_fjr_6.xml -p pset.py
14204 ?        RNl  1232:03              \_ cmsRun -j /scratch/condor/execute/dir_3149/https_3a_2f_2fwms316.cern.ch_3a9000_2f934pXlgCaNEazR7M86wolw/crab_fjr_6.xml -p pset.py
 Sent TERM to: PID 14204 executing: cmsRun -j /scratch/condor/execute/dir_3149/https_3a_2f_2fwms316.cern.ch_3a9000_2f934pXlgCaNEazR7M86wolw/crab_fjr_6.xml -p pset.py
 Sent TERM to: PID 14203 executing: /usr/bin/time -f %U %S %P -o cpu_timing.txt cmsRun -j /scratch/condor/execute/dir_3149/https_3a_2f_2fwms316.cern.ch_3a9000_2f934pXlgCaNEazR7M86wolw/crab_fjr_6.xml -p pset.py
 Wait 30 sec to let processes close up ...
 OK. Process 14204 is gone
 OK. Process 14203 is gone
Finally gently signal CrabWrapper with USR2
Process cleanup completed, crabWatchdog.sh exiting
********** WATCHDOG LOG ENDED
ZIPPING WATCHDOG LOG
Disk space used:
du -sh /scratch/condor/execute/dir_3149/https_3a_2f_2fwms316.cern.ch_3a9000_2f934pXlgCaNEazR7M86wolw
15M	/scratch/condor/execute/dir_3149/https_3a_2f_2fwms316.cern.ch_3a9000_2f934pXlgCaNEazR7M86wolw
Found unusual stderr, rename for OSB
