This script was generated by crab (version 2.8.8).
Running ./CMSSW.sh with 2 positional parameters: 8 2
Today is Wed Aug 14 19:58:34 CDT 2013
Job submitted on host g22n02.hep.wisc.edu
Linux g22n02.hep.wisc.edu 2.6.18-348.6.1.el5 #1 SMP Tue May 21 15:44:27 EDT 2013 x86_64 x86_64 x86_64 GNU/Linux
>>> current directory (RUNTIME_AREA): /var/condor/execute/dir_17027/https_3a_2f_2fwms316.cern.ch_3a9000_2fE3enptY0Q-KxD3Psw_5fT8SQ
>>> current user: uid=3349(osg_cmsuser2393) gid=622(osg_uscms01) groups=100(users),622(osg_uscms01) context=system_u:system_r:unconfined_execmem_t:s0
>>> directory permission set to 0700
>>> umask set to:  u=rwx,g=,o=
>>> stdout stderr permission set to 0704
>>> voms proxy information:
subject   : /O=GRID-FR/C=FR/O=CNRS/OU=LLR/CN=Ivo Naranjo/CN=proxy/CN=proxy/CN=limited proxy
issuer    : /O=GRID-FR/C=FR/O=CNRS/OU=LLR/CN=Ivo Naranjo/CN=proxy/CN=proxy
identity  : /O=GRID-FR/C=FR/O=CNRS/OU=LLR/CN=Ivo Naranjo/CN=proxy/CN=proxy
type      : limited proxy
strength  : 512 bits
path      : /var/condor/.execute-links/slot46/dir_17027/x509_user_proxy
timeleft  : 176:33:49
key usage : 
=== VO cms extension information ===
VO        : cms
subject   : /O=GRID-FR/C=FR/O=CNRS/OU=LLR/CN=Ivo Naranjo
issuer    : /DC=ch/DC=cern/OU=computers/CN=lcg-voms.cern.ch
attribute : /cms/Role=NULL/Capability=NULL
timeleft  : 176:33:55
uri       : lcg-voms.cern.ch:15002
>>> tar --no-same-permissions -xf /var/condor/execute/dir_17027/https_3a_2f_2fwms316.cern.ch_3a9000_2fE3enptY0Q-KxD3Psw_5fT8SQ/default.tgz :
Successful untar
>>> Include /var/condor/execute/dir_17027/https_3a_2f_2fwms316.cern.ch_3a9000_2fE3enptY0Q-KxD3Psw_5fT8SQ in PYTHONPATH:
strip arguments
env var CRAB_UNIQUE_JOB_ID set to: inaranjo_PFTauIdEff-V18-DYJetsToLL-madgraph-DR53X-Summer12_8xk43p_8_2_b29
out_files_8
>>> list of expected files on output sandbox
output files: crab_fjr_8.xml CMSSW_8.stdout CMSSW_8.stderr Watchdog_8.log.gz
>>> GridFlavour discovery: 
source OSG GRID setup script
GridFlavour=OSG
>>> SyncSite discovery: 
not reporting SyncSite
>>> SyncCE discovery: 
getting SyncCE from OSG_JOB_CONTACT
SyncCE=cmsgrid02.hep.wisc.edu/jobmanager-condor
>>> info for dashboard:
***** Cat /var/condor/execute/dir_17027/https_3a_2f_2fwms316.cern.ch_3a9000_2fE3enptY0Q-KxD3Psw_5fT8SQ/jobreport.txt *****
MonitorJobID=8_https://wms316.cern.ch:9000/E3enptY0Q-KxD3Psw_T8SQ
SyncGridJobId=https://wms316.cern.ch:9000/E3enptY0Q-KxD3Psw_T8SQ
MonitorID=inaranjo_PFTauIdEff-V18-DYJetsToLL-madgraph-DR53X-Summer12_8xk43p
GridFlavour=OSG
SyncCE=cmsgrid02.hep.wisc.edu/jobmanager-condor
***** End Cat jobreport *****
Parameters sent to Dashboard.
>>> setup environment
set SCRAM ARCH to slc5_amd64_gcc462
SCRAM_ARCH = slc5_amd64_gcc462
>>> Created working directory: /var/condor/.execute-links/slot46/dir_17027/cms_gHBpLEG18936
Change to working directory: /var/condor/.execute-links/slot46/dir_17027/cms_gHBpLEG18936
>>> current directory (WORKING_DIR): /var/condor/.execute-links/slot46/dir_17027/cms_gHBpLEG18936
>>> setup CMS OSG environment:
set SCRAM ARCH to slc5_amd64_gcc462
SCRAM_ARCH = slc5_amd64_gcc462
OSG_APP is /cvmfs/cms.hep.wisc.edu/osg/app
sourcing /cvmfs/cms.hep.wisc.edu/osg/app/cmssoft/cms/cmsset_default.sh ...
==> setup cms environment ok
SCRAM_ARCH = slc5_amd64_gcc462
>>> specific cmssw setup environment:
CMSSW_VERSION =  CMSSW_5_3_11_patch3
>>> current directory (SOFTWARE_DIR): /var/condor/.execute-links/slot46/dir_17027/cms_gHBpLEG18936/CMSSW_5_3_11_patch3
PreserveSeeds: <>
IncrementSeeds:<>
{}
WNHostName=g22n02.hep.wisc.edu
>>> info for dashboard:
***** Cat /var/condor/execute/dir_17027/https_3a_2f_2fwms316.cern.ch_3a9000_2fE3enptY0Q-KxD3Psw_5fT8SQ/jobreport.txt *****
MonitorJobID=8_https://wms316.cern.ch:9000/E3enptY0Q-KxD3Psw_T8SQ
MonitorID=inaranjo_PFTauIdEff-V18-DYJetsToLL-madgraph-DR53X-Summer12_8xk43p
WNHostName=g22n02.hep.wisc.edu
***** End Cat jobreport *****
Parameters sent to Dashboard.
crabWatchdog started as process 21789
>>> moving CMSSW software directories in /var/condor/.execute-links/slot46/dir_17027/cms_gHBpLEG18936/CMSSW_5_3_11_patch3
mv: cannot stat `/var/condor/execute/dir_17027/https_3a_2f_2fwms316.cern.ch_3a9000_2fE3enptY0Q-KxD3Psw_5fT8SQ/module/': No such file or directory
>>> Include /var/condor/execute/dir_17027/https_3a_2f_2fwms316.cern.ch_3a9000_2fE3enptY0Q-KxD3Psw_5fT8SQ in PYTHONPATH:
PYTHONPATH=/var/condor/execute/dir_17027/https_3a_2f_2fwms316.cern.ch_3a9000_2fE3enptY0Q-KxD3Psw_5fT8SQ/:/var/condor/execute/dir_17027/cms_gHBpLEG18936/CMSSW_5_3_11_patch3/python:/var/condor/execute/dir_17027/cms_gHBpLEG18936/CMSSW_5_3_11_patch3/lib/slc5_amd64_gcc462:/cvmfs/cms.cern.ch/slc5_amd64_gcc462/cms/cmssw-patch/CMSSW_5_3_11_patch3/python:/cvmfs/cms.cern.ch/slc5_amd64_gcc462/cms/cmssw-patch/CMSSW_5_3_11_patch3/lib/slc5_amd64_gcc462:/cvmfs/cms.cern.ch/slc5_amd64_gcc462/cms/cmssw/CMSSW_5_3_11/bin/slc5_amd64_gcc462:/cvmfs/cms.cern.ch/slc5_amd64_gcc462/cms/cmssw/CMSSW_5_3_11/lib/slc5_amd64_gcc462:/cvmfs/cms.cern.ch/slc5_amd64_gcc462/cms/coral/CORAL_2_3_21-cms35/slc5_amd64_gcc462/python:/cvmfs/cms.cern.ch/slc5_amd64_gcc462/cms/coral/CORAL_2_3_21-cms35/slc5_amd64_gcc462/lib:/cvmfs/cms.cern.ch/slc5_amd64_gcc462/external/pyqt/4.8.1/lib/python2.6/site-packages:/cvmfs/cms.cern.ch/slc5_amd64_gcc462/external/py2-scipy/0.8.0/lib/python2.6/site-packages:/cvmfs/cms.cern.ch/slc5_amd64_gcc462/external/py2-matplotlib/1.0.1/lib/python2.6/site-packages:/cvmfs/cms.cern.ch/slc5_amd64_gcc462/external/python-ldap/2.3.5/lib/python2.6/site-packages:/cvmfs/cms.cern.ch/slc5_amd64_gcc462/external/sip/4.11.2/lib/python2.6/site-packages:/cvmfs/cms.cern.ch/slc5_amd64_gcc462/external/py2-pycurl/7.19.0/lib/python2.6/site-packages:/cvmfs/cms.cern.ch/slc5_amd64_gcc462/external/py2-numpy/1.6.1/lib/python2.6/site-packages:/cvmfs/cms.cern.ch/slc5_amd64_gcc462/external/py2-ipython/0.10/lib/python2.6/site-packages:/cvmfs/cms.cern.ch/slc5_amd64_gcc462/external/py2-cx-oracle/5.1-cms11/lib/python2.6/site-packages:/cvmfs/cms.cern.ch/slc5_amd64_gcc462/external/py2-cjson/1.0.5/lib/python2.6/site-packages:/cvmfs/cms.cern.ch/slc5_amd64_gcc462/cms/das-client/1.9.5/bin:/cvmfs/cms.cern.ch/slc5_amd64_gcc462/external/elementtree/1.2.6/share/lib/python2.6/site-packages:/cvmfs/cms.cern.ch/slc5_amd64_gcc462/external/rivet/1.8.2/lib/python2.6/site-packages:/cvmfs/cms.cern.ch/slc5_amd64_gcc462/external/pyminuit2/0.0.1-cms39/lib/python2.6/site-packages:/cvmfs/cms.cern.ch/slc5_amd64_gcc462/external/professor/1.0.0-cms40/lib/python2.6/site-packages:/cvmfs/cms.cern.ch/slc5_amd64_gcc462/lcg/root/5.32.00-cms21/lib:/cvmfs/cms.cern.ch/slc5_amd64_gcc462/cms/dbs-client/DBS_2_1_9-cms3/lib:/cvmfs/cms.cern.ch/slc5_amd64_gcc462/cms/dbs-client/DBS_2_1_9-cms3/lib/DBSAPI:/cvmfs/cms.cern.ch/slc5_amd64_gcc462/external/cvs2git/5419/lib:/var/condor/execute/dir_17027/https_3a_2f_2fwms316.cern.ch_3a9000_2fE3enptY0Q-KxD3Psw_5fT8SQ/
 
# LIMITS USED BY CRAB WATCHDOG:
# RSS  (KBytes)   : 2300000
# VSZ  (KBytes)   : 100000000
# DISK (MBytes)   : 19000
# CPU TIME        : 720h:0m:0s
# WALL CLOCK TIME : 21h:50m:0s
 
ad1530fd04abf2a74b3716344e50f888
PSETHASH = ad1530fd04abf2a74b3716344e50f888
/var/condor/execute/dir_17027/https_3a_2f_2fwms316.cern.ch_3a9000_2fE3enptY0Q-KxD3Psw_5fT8SQ/writeCfg.py pset.py pset.py
Importing .py file
Setting parameters
inputBlocks=/DYJetsToLL_M-50_TuneZ2Star_8TeV-madgraph-tarball/Summer12_DR53X-PU_S10_START53_V7A-v1/AODSIM#f01c8ea8-d3c8-11e1-80c6-003048f02c8a
inputFiles=/store/mc/Summer12_DR53X/DYJetsToLL_M-50_TuneZ2Star_8TeV-madgraph-tarball/AODSIM/PU_S10_START53_V7A-v1/0002/C068D283-23D4-E111-8E0D-003048D4605E.root;/store/mc/Summer12_DR53X/DYJetsToLL_M-50_TuneZ2Star_8TeV-madgraph-tarball/AODSIM/PU_S10_START53_V7A-v1/0002/4CA00272-23D4-E111-8262-001E6739811F.root;/store/mc/Summer12_DR53X/DYJetsToLL_M-50_TuneZ2Star_8TeV-madgraph-tarball/AODSIM/PU_S10_START53_V7A-v1/0002/6EC3CD7A-23D4-E111-9D34-0025B31E3CBE.root;/store/mc/Summer12_DR53X/DYJetsToLL_M-50_TuneZ2Star_8TeV-madgraph-tarball/AODSIM/PU_S10_START53_V7A-v1/0002/AC332674-23D4-E111-A97A-001E67398C1E.root;/store/mc/Summer12_DR53X/DYJetsToLL_M-50_TuneZ2Star_8TeV-madgraph-tarball/AODSIM/PU_S10_START53_V7A-v1/0002/8C0EBC2D-32D4-E111-A9E3-001E67397035.root;/store/mc/Summer12_DR53X/DYJetsToLL_M-50_TuneZ2Star_8TeV-madgraph-tarball/AODSIM/PU_S10_START53_V7A-v1/0002/900A8037-32D4-E111-92BE-003048D47A30.root;/store/mc/Summer12_DR53X/DYJetsToLL_M-50_TuneZ2Star_8TeV-madgraph-tarball/AODSIM/PU_S10_START53_V7A-v1/0002/0C96742C-32D4-E111-AA52-001E67397BC5.root;/store/mc/Summer12_DR53X/DYJetsToLL_M-50_TuneZ2Star_8TeV-madgraph-tarball/AODSIM/PU_S10_START53_V7A-v1/0002/08F2D8C9-32D4-E111-9DAF-003048D47716.root;/store/mc/Summer12_DR53X/DYJetsToLL_M-50_TuneZ2Star_8TeV-madgraph-tarball/AODSIM/PU_S10_START53_V7A-v1/0002/48A72EC5-32D4-E111-B47F-001E6739703A.root
parentFiles=
lumisRange=
>>> Executable cmsRun
/cvmfs/cms.cern.ch/slc5_amd64_gcc462/cms/cmssw-patch/CMSSW_5_3_11_patch3/bin/slc5_amd64_gcc462/cmsRun
ok executable found
>>> info for dashboard:
***** Cat /var/condor/execute/dir_17027/https_3a_2f_2fwms316.cern.ch_3a9000_2fE3enptY0Q-KxD3Psw_5fT8SQ/jobreport.txt *****
MonitorJobID=8_https://wms316.cern.ch:9000/E3enptY0Q-KxD3Psw_T8SQ
MonitorID=inaranjo_PFTauIdEff-V18-DYJetsToLL-madgraph-DR53X-Summer12_8xk43p
ExeStart=cmsRun
***** End Cat jobreport *****
Parameters sent to Dashboard.
>>> cmsRun started at Thu Aug 15 00:59:21 UTC 2013
Terminated
>>> cmsRun ended at Thu Aug 15 22:49:34 UTC 2013
>>> crab_fjr_*.xml  permission set to 0704
>>> info for dashboard:
***** Cat /var/condor/execute/dir_17027/https_3a_2f_2fwms316.cern.ch_3a9000_2fE3enptY0Q-KxD3Psw_5fT8SQ/jobreport.txt *****
MonitorJobID=8_https://wms316.cern.ch:9000/E3enptY0Q-KxD3Psw_T8SQ
MonitorID=inaranjo_PFTauIdEff-V18-DYJetsToLL-madgraph-DR53X-Summer12_8xk43p
ExeEnd=cmsRun
***** End Cat jobreport *****
Parameters sent to Dashboard.
********** CRAB WRAPPER CMSSW.sh TERMINATED BY A KILL
********** KILL signal was issued by Crab Watchdog
********** because usage of resource WALL TIME was excessive
************** JOB EXIT CODE set to: 50664
Checking output files:  
will tar file crab_fjr_8.xml in  out_files_8
will tar file CMSSW_8.stdout in  out_files_8
will tar file CMSSW_8.stderr in  out_files_8
WARNING: output file Watchdog_8.log.gz not found!
>>> working dir = /var/condor/.execute-links/slot46/dir_17027/cms_gHBpLEG18936
>>> current directory (RUNTIME_AREA): /var/condor/execute/dir_17027/https_3a_2f_2fwms316.cern.ch_3a9000_2fE3enptY0Q-KxD3Psw_5fT8SQ
>>> Remove working directory: /var/condor/.execute-links/slot46/dir_17027/cms_gHBpLEG18936
>>> padding time: Wrapper lasting more than 600 seconds. No sleep required.
STOPPING WATCHDOG. CrabWatchdog PID is 21789
./CMSSW.sh: line 122: kill: (21789) - No such process
********** LAST 50 LINES OF WATCHDOG LOG
# TIME			PID	RSS(KB)	VSZ(KB)	Dsk(MB)	tCPU(s)	tWALL(s)	COMMAND
# TIME			PID	RSS(KB)	VSZ(KB)	Dsk(MB)	tCPU(s)	tWALL(s)	COMMAND
# TIME			PID	RSS(KB)	VSZ(KB)	Dsk(MB)	tCPU(s)	tWALL(s)	COMMAND
# TIME			PID	RSS(KB)	VSZ(KB)	Dsk(MB)	tCPU(s)	tWALL(s)	COMMAND
# TIME			PID	RSS(KB)	VSZ(KB)	Dsk(MB)	tCPU(s)	tWALL(s)	COMMAND
# TIME			PID	RSS(KB)	VSZ(KB)	Dsk(MB)	tCPU(s)	tWALL(s)	COMMAND
# TIME			PID	RSS(KB)	VSZ(KB)	Dsk(MB)	tCPU(s)	tWALL(s)	COMMAND
# TIME			PID	RSS(KB)	VSZ(KB)	Dsk(MB)	tCPU(s)	tWALL(s)	COMMAND
# TIME			PID	RSS(KB)	VSZ(KB)	Dsk(MB)	tCPU(s)	tWALL(s)	COMMAND
# TIME			PID	RSS(KB)	VSZ(KB)	Dsk(MB)	tCPU(s)	tWALL(s)	COMMAND
# TIME			PID	RSS(KB)	VSZ(KB)	Dsk(MB)	tCPU(s)	tWALL(s)	COMMAND
# TIME			PID	RSS(KB)	VSZ(KB)	Dsk(MB)	tCPU(s)	tWALL(s)	COMMAND
# TIME			PID	RSS(KB)	VSZ(KB)	Dsk(MB)	tCPU(s)	tWALL(s)	COMMAND
# TIME			PID	RSS(KB)	VSZ(KB)	Dsk(MB)	tCPU(s)	tWALL(s)	COMMAND
# TIME			PID	RSS(KB)	VSZ(KB)	Dsk(MB)	tCPU(s)	tWALL(s)	COMMAND
# TIME			PID	RSS(KB)	VSZ(KB)	Dsk(MB)	tCPU(s)	tWALL(s)	COMMAND
# TIME			PID	RSS(KB)	VSZ(KB)	Dsk(MB)	tCPU(s)	tWALL(s)	COMMAND
# TIME			PID	RSS(KB)	VSZ(KB)	Dsk(MB)	tCPU(s)	tWALL(s)	COMMAND
# TIME			PID	RSS(KB)	VSZ(KB)	Dsk(MB)	tCPU(s)	tWALL(s)	COMMAND
 Aug 15 06:58:38 CDT	---	735052	938900	61	----	----	----
 Aug 15 08:42:52 CDT	---	735052	938900	62	----	----	----
 Aug 15 08:52:15 CDT	22857	735052	939156	62	43835	46387	cmsRun -j /var/condor/execute/dir_17027/https_3a_2f_2fwms316.cern.ch_3a9000_2fE3enptY0Q-KxD3Psw_5fT8SQ/crab_fjr_8.xml -p pset.py      
 Aug 15 10:33:02 CDT	---	735052	939156	63	----	----	----
 Aug 15 10:34:04 CDT	---	735052	939156	64	----	----	----
 Aug 15 12:18:49 CDT	---	735052	939156	65	----	----	----
 Aug 15 13:27:29 CDT	22857	735052	944020	65	59745	62901	cmsRun -j /var/condor/execute/dir_17027/https_3a_2f_2fwms316.cern.ch_3a9000_2fE3enptY0Q-KxD3Psw_5fT8SQ/crab_fjr_8.xml -p pset.py      
 Aug 15 13:28:29 CDT	22857	735052	946324	65	59750	62962	cmsRun -j /var/condor/execute/dir_17027/https_3a_2f_2fwms316.cern.ch_3a9000_2fE3enptY0Q-KxD3Psw_5fT8SQ/crab_fjr_8.xml -p pset.py      
 Aug 15 14:10:02 CDT	---	735052	946324	66	----	----	----
 Aug 15 15:55:08 CDT	---	735052	946324	67	----	----	----
 Aug 15 15:56:10 CDT	---	735052	946324	68	----	----	----
 Aug 15 17:48:28 CDT	---	735052	946324	69	----	----	----
 ********************************************************
 * JOB HIT PREDEFINED RESOURCE LIMIT ! PROCESSING HALTED
 *   WALL TIME value is 78624 while limit is 78600
 ********************************************************
send pkill TERM  to all CrabWrapper childs in this Process Tree
  PID TTY      STAT   TIME COMMAND
18828 ?        SN     0:00 /bin/sh /var/condor/.execute-links/slot46/dir_17027/_osg_wrapper/_osg_wrapper_exec 'UI=000000:NS=0000000004:WM=000006:BH=0000000000:JSS=000003:LM=000000:LRMS=000000:APP=000000:LBS=000000'
18831 ?        SN     0:00  \_ /usr/bin/time -p -o tmp.kXeQR18744 ./CMSSW.sh 8 2
18832 ?        SN     0:00      \_ /bin/sh ./CMSSW.sh 8 2
21789 ?        SN     0:14          \_ /bin/bash /var/condor/execute/dir_17027/https_3a_2f_2fwms316.cern.ch_3a9000_2fE3enptY0Q-KxD3Psw_5fT8SQ/crabWatchdog.sh
22856 ?        SN     0:00          \_ /usr/bin/time -f %U %S %P -o cpu_timing.txt cmsRun -j /var/condor/execute/dir_17027/https_3a_2f_2fwms316.cern.ch_3a9000_2fE3enptY0Q-KxD3Psw_5fT8SQ/crab_fjr_8.xml -p pset.py
22857 ?        RNl  1245:51              \_ cmsRun -j /var/condor/execute/dir_17027/https_3a_2f_2fwms316.cern.ch_3a9000_2fE3enptY0Q-KxD3Psw_5fT8SQ/crab_fjr_8.xml -p pset.py
 Sent TERM to: PID 22857 executing: cmsRun -j /var/condor/execute/dir_17027/https_3a_2f_2fwms316.cern.ch_3a9000_2fE3enptY0Q-KxD3Psw_5fT8SQ/crab_fjr_8.xml -p pset.py
 Sent TERM to: PID 22856 executing: /usr/bin/time -f %U %S %P -o cpu_timing.txt cmsRun -j /var/condor/execute/dir_17027/https_3a_2f_2fwms316.cern.ch_3a9000_2fE3enptY0Q-KxD3Psw_5fT8SQ/crab_fjr_8.xml -p pset.py
 Wait 30 sec to let processes close up ...
 OK. Process 22857 is gone
 OK. Process 22856 is gone
Finally gently signal CrabWrapper with USR2
Process cleanup completed, crabWatchdog.sh exiting
********** WATCHDOG LOG ENDED
ZIPPING WATCHDOG LOG
Disk space used:
du -sh /var/condor/execute/dir_17027/https_3a_2f_2fwms316.cern.ch_3a9000_2fE3enptY0Q-KxD3Psw_5fT8SQ
15M	/var/condor/execute/dir_17027/https_3a_2f_2fwms316.cern.ch_3a9000_2fE3enptY0Q-KxD3Psw_5fT8SQ
Found unusual stderr, rename for OSB
`/var/condor/execute/dir_17027/https_3a_2f_2fwms316.cern.ch_3a9000_2fE3enptY0Q-KxD3Psw_5fT8SQ/CMSSW_8.stdout' -> `CMSSW_8.stderr'
crab_fjr_8.xml
CMSSW_8.stdout
CMSSW_8.stderr
Watchdog_8.log.gz
Total Output dimension: 6320
WARNING: output files size limit is set to: 55000000
Total Output dimension 6320 is fine.
JOB_EXIT_STATUS = 50664
>>> info for dashboard:
***** Cat /var/condor/execute/dir_17027/https_3a_2f_2fwms316.cern.ch_3a9000_2fE3enptY0Q-KxD3Psw_5fT8SQ/jobreport.txt *****
MonitorJobID=8_https://wms316.cern.ch:9000/E3enptY0Q-KxD3Psw_T8SQ
MonitorID=inaranjo_PFTauIdEff-V18-DYJetsToLL-madgraph-DR53X-Summer12_8xk43p
ExeEnd=cmsRun
CrabUserCpuTime=
CrabSysCpuTime=
CrabCpuPercentage=
CrabWrapperTime=78723
CrabStageoutTime=NULL
JobExitCode=50664
***** End Cat jobreport *****
Parameters sent to Dashboard.
crab_fjr_8.xml
