This script was generated by crab (version 2.8.8).
Running ./CMSSW.sh with 2 positional parameters: 165 2
Today is Wed Aug 14 20:05:34 CDT 2013
Job submitted on host g18n19.hep.wisc.edu
Linux g18n19.hep.wisc.edu 2.6.18-348.3.1.el5 #1 SMP Mon Mar 11 15:43:13 EDT 2013 x86_64 x86_64 x86_64 GNU/Linux
>>> current directory (RUNTIME_AREA): /scratch/condor/execute/dir_27803/https_3a_2f_2fwms316.cern.ch_3a9000_2fzg9Xgr5qYBS-MFXWbGJT8g
>>> current user: uid=3349(osg_cmsuser2393) gid=622(osg_uscms01) groups=100(users),622(osg_uscms01) context=system_u:system_r:unconfined_execmem_t:s0
>>> directory permission set to 0700
>>> umask set to:  u=rwx,g=,o=
>>> stdout stderr permission set to 0704
>>> voms proxy information:
subject   : /O=GRID-FR/C=FR/O=CNRS/OU=LLR/CN=Ivo Naranjo/CN=proxy/CN=proxy/CN=limited proxy
issuer    : /O=GRID-FR/C=FR/O=CNRS/OU=LLR/CN=Ivo Naranjo/CN=proxy/CN=proxy
identity  : /O=GRID-FR/C=FR/O=CNRS/OU=LLR/CN=Ivo Naranjo/CN=proxy/CN=proxy
type      : limited proxy
strength  : 512 bits
path      : /var/condor/.execute-links/slot17/dir_27803/x509_user_proxy
timeleft  : 176:26:49
key usage : 
=== VO cms extension information ===
VO        : cms
subject   : /O=GRID-FR/C=FR/O=CNRS/OU=LLR/CN=Ivo Naranjo
issuer    : /DC=ch/DC=cern/OU=computers/CN=lcg-voms.cern.ch
attribute : /cms/Role=NULL/Capability=NULL
timeleft  : 176:26:55
uri       : lcg-voms.cern.ch:15002
>>> tar --no-same-permissions -xf /scratch/condor/execute/dir_27803/https_3a_2f_2fwms316.cern.ch_3a9000_2fzg9Xgr5qYBS-MFXWbGJT8g/default.tgz :
Successful untar
>>> Include /scratch/condor/execute/dir_27803/https_3a_2f_2fwms316.cern.ch_3a9000_2fzg9Xgr5qYBS-MFXWbGJT8g in PYTHONPATH:
strip arguments
env var CRAB_UNIQUE_JOB_ID set to: inaranjo_PFTauIdEff-V18-DYJetsToLL-madgraph-DR53X-Summer12_8xk43p_165_2_8K6
out_files_165
>>> list of expected files on output sandbox
output files: crab_fjr_165.xml CMSSW_165.stdout CMSSW_165.stderr Watchdog_165.log.gz
>>> GridFlavour discovery: 
source OSG GRID setup script
GridFlavour=OSG
>>> SyncSite discovery: 
not reporting SyncSite
>>> SyncCE discovery: 
getting SyncCE from OSG_JOB_CONTACT
SyncCE=cmsgrid01.hep.wisc.edu/jobmanager-condor
>>> info for dashboard:
***** Cat /scratch/condor/execute/dir_27803/https_3a_2f_2fwms316.cern.ch_3a9000_2fzg9Xgr5qYBS-MFXWbGJT8g/jobreport.txt *****
MonitorJobID=165_https://wms316.cern.ch:9000/zg9Xgr5qYBS-MFXWbGJT8g
SyncGridJobId=https://wms316.cern.ch:9000/zg9Xgr5qYBS-MFXWbGJT8g
MonitorID=inaranjo_PFTauIdEff-V18-DYJetsToLL-madgraph-DR53X-Summer12_8xk43p
GridFlavour=OSG
SyncCE=cmsgrid01.hep.wisc.edu/jobmanager-condor
***** End Cat jobreport *****
Parameters sent to Dashboard.
>>> setup environment
set SCRAM ARCH to slc5_amd64_gcc462
SCRAM_ARCH = slc5_amd64_gcc462
>>> Created working directory: /var/condor/.execute-links/slot17/dir_27803/cms_KAzyKvX30175
Change to working directory: /var/condor/.execute-links/slot17/dir_27803/cms_KAzyKvX30175
>>> current directory (WORKING_DIR): /var/condor/.execute-links/slot17/dir_27803/cms_KAzyKvX30175
>>> setup CMS OSG environment:
set SCRAM ARCH to slc5_amd64_gcc462
SCRAM_ARCH = slc5_amd64_gcc462
OSG_APP is /cvmfs/cms.hep.wisc.edu/osg/app
sourcing /cvmfs/cms.hep.wisc.edu/osg/app/cmssoft/cms/cmsset_default.sh ...
==> setup cms environment ok
SCRAM_ARCH = slc5_amd64_gcc462
>>> specific cmssw setup environment:
CMSSW_VERSION =  CMSSW_5_3_11_patch3
>>> current directory (SOFTWARE_DIR): /var/condor/.execute-links/slot17/dir_27803/cms_KAzyKvX30175/CMSSW_5_3_11_patch3
PreserveSeeds: <>
IncrementSeeds:<>
{}
WNHostName=g18n19.hep.wisc.edu
>>> info for dashboard:
***** Cat /scratch/condor/execute/dir_27803/https_3a_2f_2fwms316.cern.ch_3a9000_2fzg9Xgr5qYBS-MFXWbGJT8g/jobreport.txt *****
MonitorJobID=165_https://wms316.cern.ch:9000/zg9Xgr5qYBS-MFXWbGJT8g
MonitorID=inaranjo_PFTauIdEff-V18-DYJetsToLL-madgraph-DR53X-Summer12_8xk43p
WNHostName=g18n19.hep.wisc.edu
***** End Cat jobreport *****
Parameters sent to Dashboard.
crabWatchdog started as process 32759
>>> moving CMSSW software directories in /var/condor/.execute-links/slot17/dir_27803/cms_KAzyKvX30175/CMSSW_5_3_11_patch3
mv: cannot stat `/scratch/condor/execute/dir_27803/https_3a_2f_2fwms316.cern.ch_3a9000_2fzg9Xgr5qYBS-MFXWbGJT8g/module/': No such file or directory
>>> Include /scratch/condor/execute/dir_27803/https_3a_2f_2fwms316.cern.ch_3a9000_2fzg9Xgr5qYBS-MFXWbGJT8g in PYTHONPATH:
PYTHONPATH=/scratch/condor/execute/dir_27803/https_3a_2f_2fwms316.cern.ch_3a9000_2fzg9Xgr5qYBS-MFXWbGJT8g/:/scratch/condor/execute/dir_27803/cms_KAzyKvX30175/CMSSW_5_3_11_patch3/python:/scratch/condor/execute/dir_27803/cms_KAzyKvX30175/CMSSW_5_3_11_patch3/lib/slc5_amd64_gcc462:/cvmfs/cms.cern.ch/slc5_amd64_gcc462/cms/cmssw-patch/CMSSW_5_3_11_patch3/python:/cvmfs/cms.cern.ch/slc5_amd64_gcc462/cms/cmssw-patch/CMSSW_5_3_11_patch3/lib/slc5_amd64_gcc462:/cvmfs/cms.cern.ch/slc5_amd64_gcc462/cms/cmssw/CMSSW_5_3_11/bin/slc5_amd64_gcc462:/cvmfs/cms.cern.ch/slc5_amd64_gcc462/cms/cmssw/CMSSW_5_3_11/lib/slc5_amd64_gcc462:/cvmfs/cms.cern.ch/slc5_amd64_gcc462/cms/coral/CORAL_2_3_21-cms35/slc5_amd64_gcc462/python:/cvmfs/cms.cern.ch/slc5_amd64_gcc462/cms/coral/CORAL_2_3_21-cms35/slc5_amd64_gcc462/lib:/cvmfs/cms.cern.ch/slc5_amd64_gcc462/external/pyqt/4.8.1/lib/python2.6/site-packages:/cvmfs/cms.cern.ch/slc5_amd64_gcc462/external/py2-scipy/0.8.0/lib/python2.6/site-packages:/cvmfs/cms.cern.ch/slc5_amd64_gcc462/external/py2-matplotlib/1.0.1/lib/python2.6/site-packages:/cvmfs/cms.cern.ch/slc5_amd64_gcc462/external/python-ldap/2.3.5/lib/python2.6/site-packages:/cvmfs/cms.cern.ch/slc5_amd64_gcc462/external/sip/4.11.2/lib/python2.6/site-packages:/cvmfs/cms.cern.ch/slc5_amd64_gcc462/external/py2-pycurl/7.19.0/lib/python2.6/site-packages:/cvmfs/cms.cern.ch/slc5_amd64_gcc462/external/py2-numpy/1.6.1/lib/python2.6/site-packages:/cvmfs/cms.cern.ch/slc5_amd64_gcc462/external/py2-ipython/0.10/lib/python2.6/site-packages:/cvmfs/cms.cern.ch/slc5_amd64_gcc462/external/py2-cx-oracle/5.1-cms11/lib/python2.6/site-packages:/cvmfs/cms.cern.ch/slc5_amd64_gcc462/external/py2-cjson/1.0.5/lib/python2.6/site-packages:/cvmfs/cms.cern.ch/slc5_amd64_gcc462/cms/das-client/1.9.5/bin:/cvmfs/cms.cern.ch/slc5_amd64_gcc462/external/elementtree/1.2.6/share/lib/python2.6/site-packages:/cvmfs/cms.cern.ch/slc5_amd64_gcc462/external/rivet/1.8.2/lib/python2.6/site-packages:/cvmfs/cms.cern.ch/slc5_amd64_gcc462/external/pyminuit2/0.0.1-cms39/lib/python2.6/site-packages:/cvmfs/cms.cern.ch/slc5_amd64_gcc462/external/professor/1.0.0-cms40/lib/python2.6/site-packages:/cvmfs/cms.cern.ch/slc5_amd64_gcc462/lcg/root/5.32.00-cms21/lib:/cvmfs/cms.cern.ch/slc5_amd64_gcc462/cms/dbs-client/DBS_2_1_9-cms3/lib:/cvmfs/cms.cern.ch/slc5_amd64_gcc462/cms/dbs-client/DBS_2_1_9-cms3/lib/DBSAPI:/cvmfs/cms.cern.ch/slc5_amd64_gcc462/external/cvs2git/5419/lib:/scratch/condor/execute/dir_27803/https_3a_2f_2fwms316.cern.ch_3a9000_2fzg9Xgr5qYBS-MFXWbGJT8g/
 
# LIMITS USED BY CRAB WATCHDOG:
# RSS  (KBytes)   : 2300000
# VSZ  (KBytes)   : 100000000
# DISK (MBytes)   : 19000
# CPU TIME        : 720h:0m:0s
# WALL CLOCK TIME : 21h:50m:0s
 
ad1530fd04abf2a74b3716344e50f888
PSETHASH = ad1530fd04abf2a74b3716344e50f888
/scratch/condor/execute/dir_27803/https_3a_2f_2fwms316.cern.ch_3a9000_2fzg9Xgr5qYBS-MFXWbGJT8g/writeCfg.py pset.py pset.py
Importing .py file
Setting parameters
inputBlocks=/DYJetsToLL_M-50_TuneZ2Star_8TeV-madgraph-tarball/Summer12_DR53X-PU_S10_START53_V7A-v1/AODSIM#32e717f2-d352-11e1-80c6-003048f02c8a
inputFiles=/store/mc/Summer12_DR53X/DYJetsToLL_M-50_TuneZ2Star_8TeV-madgraph-tarball/AODSIM/PU_S10_START53_V7A-v1/0001/720E58B5-56D3-E111-B319-0025B3E06508.root;/store/mc/Summer12_DR53X/DYJetsToLL_M-50_TuneZ2Star_8TeV-madgraph-tarball/AODSIM/PU_S10_START53_V7A-v1/0001/68048218-56D3-E111-8E7D-003048673E84.root;/store/mc/Summer12_DR53X/DYJetsToLL_M-50_TuneZ2Star_8TeV-madgraph-tarball/AODSIM/PU_S10_START53_V7A-v1/0001/C27D83B1-56D3-E111-9526-001E6739730A.root;/store/mc/Summer12_DR53X/DYJetsToLL_M-50_TuneZ2Star_8TeV-madgraph-tarball/AODSIM/PU_S10_START53_V7A-v1/0001/04A77BAD-56D3-E111-91C8-001E67397EDB.root;/store/mc/Summer12_DR53X/DYJetsToLL_M-50_TuneZ2Star_8TeV-madgraph-tarball/AODSIM/PU_S10_START53_V7A-v1/0001/1227D7F5-83D3-E111-AE39-0025B3E05D6E.root;/store/mc/Summer12_DR53X/DYJetsToLL_M-50_TuneZ2Star_8TeV-madgraph-tarball/AODSIM/PU_S10_START53_V7A-v1/0001/7070EFF9-83D3-E111-AE89-0025B3E0650E.root;/store/mc/Summer12_DR53X/DYJetsToLL_M-50_TuneZ2Star_8TeV-madgraph-tarball/AODSIM/PU_S10_START53_V7A-v1/0001/3A431492-84D3-E111-BA79-003048D4601E.root;/store/mc/Summer12_DR53X/DYJetsToLL_M-50_TuneZ2Star_8TeV-madgraph-tarball/AODSIM/PU_S10_START53_V7A-v1/0001/C4A825CD-98D3-E111-8DC5-003048D47722.root;/store/mc/Summer12_DR53X/DYJetsToLL_M-50_TuneZ2Star_8TeV-madgraph-tarball/AODSIM/PU_S10_START53_V7A-v1/0001/5E138A68-99D3-E111-94CB-002481E75CD2.root
parentFiles=
lumisRange=
>>> Executable cmsRun
/cvmfs/cms.cern.ch/slc5_amd64_gcc462/cms/cmssw-patch/CMSSW_5_3_11_patch3/bin/slc5_amd64_gcc462/cmsRun
ok executable found
>>> info for dashboard:
***** Cat /scratch/condor/execute/dir_27803/https_3a_2f_2fwms316.cern.ch_3a9000_2fzg9Xgr5qYBS-MFXWbGJT8g/jobreport.txt *****
MonitorJobID=165_https://wms316.cern.ch:9000/zg9Xgr5qYBS-MFXWbGJT8g
MonitorID=inaranjo_PFTauIdEff-V18-DYJetsToLL-madgraph-DR53X-Summer12_8xk43p
ExeStart=cmsRun
***** End Cat jobreport *****
Parameters sent to Dashboard.
>>> cmsRun started at Thu Aug 15 01:06:52 UTC 2013
Terminated
>>> cmsRun ended at Thu Aug 15 22:57:31 UTC 2013
>>> crab_fjr_*.xml  permission set to 0704
>>> info for dashboard:
***** Cat /scratch/condor/execute/dir_27803/https_3a_2f_2fwms316.cern.ch_3a9000_2fzg9Xgr5qYBS-MFXWbGJT8g/jobreport.txt *****
MonitorJobID=165_https://wms316.cern.ch:9000/zg9Xgr5qYBS-MFXWbGJT8g
MonitorID=inaranjo_PFTauIdEff-V18-DYJetsToLL-madgraph-DR53X-Summer12_8xk43p
ExeEnd=cmsRun
***** End Cat jobreport *****
Parameters sent to Dashboard.
********** CRAB WRAPPER CMSSW.sh TERMINATED BY A KILL
********** KILL signal was issued by Crab Watchdog
********** because usage of resource WALL TIME was excessive
************** JOB EXIT CODE set to: 50664
Checking output files:  
will tar file crab_fjr_165.xml in  out_files_165
will tar file CMSSW_165.stdout in  out_files_165
will tar file CMSSW_165.stderr in  out_files_165
WARNING: output file Watchdog_165.log.gz not found!
>>> working dir = /var/condor/.execute-links/slot17/dir_27803/cms_KAzyKvX30175
>>> current directory (RUNTIME_AREA): /scratch/condor/execute/dir_27803/https_3a_2f_2fwms316.cern.ch_3a9000_2fzg9Xgr5qYBS-MFXWbGJT8g
>>> Remove working directory: /var/condor/.execute-links/slot17/dir_27803/cms_KAzyKvX30175
>>> padding time: Wrapper lasting more than 600 seconds. No sleep required.
STOPPING WATCHDOG. CrabWatchdog PID is 32759
./CMSSW.sh: line 122: kill: (32759) - No such process
********** LAST 50 LINES OF WATCHDOG LOG
# TIME			PID	RSS(KB)	VSZ(KB)	Dsk(MB)	tCPU(s)	tWALL(s)	COMMAND
# TIME			PID	RSS(KB)	VSZ(KB)	Dsk(MB)	tCPU(s)	tWALL(s)	COMMAND
# TIME			PID	RSS(KB)	VSZ(KB)	Dsk(MB)	tCPU(s)	tWALL(s)	COMMAND
# TIME			PID	RSS(KB)	VSZ(KB)	Dsk(MB)	tCPU(s)	tWALL(s)	COMMAND
# TIME			PID	RSS(KB)	VSZ(KB)	Dsk(MB)	tCPU(s)	tWALL(s)	COMMAND
# TIME			PID	RSS(KB)	VSZ(KB)	Dsk(MB)	tCPU(s)	tWALL(s)	COMMAND
# TIME			PID	RSS(KB)	VSZ(KB)	Dsk(MB)	tCPU(s)	tWALL(s)	COMMAND
# TIME			PID	RSS(KB)	VSZ(KB)	Dsk(MB)	tCPU(s)	tWALL(s)	COMMAND
# TIME			PID	RSS(KB)	VSZ(KB)	Dsk(MB)	tCPU(s)	tWALL(s)	COMMAND
# TIME			PID	RSS(KB)	VSZ(KB)	Dsk(MB)	tCPU(s)	tWALL(s)	COMMAND
# TIME			PID	RSS(KB)	VSZ(KB)	Dsk(MB)	tCPU(s)	tWALL(s)	COMMAND
# TIME			PID	RSS(KB)	VSZ(KB)	Dsk(MB)	tCPU(s)	tWALL(s)	COMMAND
# TIME			PID	RSS(KB)	VSZ(KB)	Dsk(MB)	tCPU(s)	tWALL(s)	COMMAND
# TIME			PID	RSS(KB)	VSZ(KB)	Dsk(MB)	tCPU(s)	tWALL(s)	COMMAND
# TIME			PID	RSS(KB)	VSZ(KB)	Dsk(MB)	tCPU(s)	tWALL(s)	COMMAND
# TIME			PID	RSS(KB)	VSZ(KB)	Dsk(MB)	tCPU(s)	tWALL(s)	COMMAND
 Aug 15 01:38:03 CDT	---	740456	936852	57	----	----	----
 Aug 15 03:14:42 CDT	---	740456	936852	58	----	----	----
 Aug 15 04:51:30 CDT	1236	740456	938900	58	29069	31494	cmsRun -j /scratch/condor/execute/dir_27803/https_3a_2f_2fwms316.cern.ch_3a9000_2fzg9Xgr5qYBS-MFXWbGJT8g/crab_fjr_165.xml -p pset.py      
 Aug 15 04:51:30 CDT	---	740456	938900	60	----	----	----
 Aug 15 04:52:31 CDT	1236	740456	939924	60	29073	31555	cmsRun -j /scratch/condor/execute/dir_27803/https_3a_2f_2fwms316.cern.ch_3a9000_2fzg9Xgr5qYBS-MFXWbGJT8g/crab_fjr_165.xml -p pset.py      
 Aug 15 06:31:18 CDT	---	740456	939924	61	----	----	----
 Aug 15 08:10:02 CDT	---	740456	939924	62	----	----	----
 Aug 15 08:59:56 CDT	1236	740456	943252	62	43458	46400	cmsRun -j /scratch/condor/execute/dir_27803/https_3a_2f_2fwms316.cern.ch_3a9000_2fzg9Xgr5qYBS-MFXWbGJT8g/crab_fjr_165.xml -p pset.py      
 Aug 15 09:50:57 CDT	---	740456	943252	64	----	----	----
 Aug 15 11:28:37 CDT	---	740456	943252	65	----	----	----
 Aug 15 13:06:25 CDT	---	740456	943252	66	----	----	----
 Aug 15 13:08:30 CDT	1236	740456	945812	66	58023	61314	cmsRun -j /scratch/condor/execute/dir_27803/https_3a_2f_2fwms316.cern.ch_3a9000_2fzg9Xgr5qYBS-MFXWbGJT8g/crab_fjr_165.xml -p pset.py      
 Aug 15 14:48:13 CDT	---	740456	945812	67	----	----	----
 Aug 15 14:49:15 CDT	---	740456	945812	68	----	----	----
 Aug 15 16:31:00 CDT	---	740456	945812	69	----	----	----
 ********************************************************
 * JOB HIT PREDEFINED RESOURCE LIMIT ! PROCESSING HALTED
 *   WALL TIME value is 78647 while limit is 78600
 ********************************************************
send pkill TERM  to all CrabWrapper childs in this Process Tree
  PID TTY      STAT   TIME COMMAND
30141 ?        SN     0:00 /bin/sh /var/condor/.execute-links/slot17/dir_27803/_osg_wrapper/_osg_wrapper_exec 'UI=000000:NS=0000000004:WM=000006:BH=0000000000:JSS=000003:LM=000000:LRMS=000000:APP=000000:LBS=000000'
30144 ?        SN     0:00  \_ /usr/bin/time -p -o tmp.zoyfJ30081 ./CMSSW.sh 165 2
30146 ?        SN     0:00      \_ /bin/sh ./CMSSW.sh 165 2
32759 ?        SN     0:13          \_ /bin/bash /scratch/condor/execute/dir_27803/https_3a_2f_2fwms316.cern.ch_3a9000_2fzg9Xgr5qYBS-MFXWbGJT8g/crabWatchdog.sh
 1233 ?        SN     0:00          \_ /usr/bin/time -f %U %S %P -o cpu_timing.txt cmsRun -j /scratch/condor/execute/dir_27803/https_3a_2f_2fwms316.cern.ch_3a9000_2fzg9Xgr5qYBS-MFXWbGJT8g/crab_fjr_165.xml -p pset.py
 1236 ?        RNl  1244:03              \_ cmsRun -j /scratch/condor/execute/dir_27803/https_3a_2f_2fwms316.cern.ch_3a9000_2fzg9Xgr5qYBS-MFXWbGJT8g/crab_fjr_165.xml -p pset.py
 Sent TERM to: PID 1236 executing: cmsRun -j /scratch/condor/execute/dir_27803/https_3a_2f_2fwms316.cern.ch_3a9000_2fzg9Xgr5qYBS-MFXWbGJT8g/crab_fjr_165.xml -p pset.py
 Sent TERM to: PID 1233 executing: /usr/bin/time -f %U %S %P -o cpu_timing.txt cmsRun -j /scratch/condor/execute/dir_27803/https_3a_2f_2fwms316.cern.ch_3a9000_2fzg9Xgr5qYBS-MFXWbGJT8g/crab_fjr_165.xml -p pset.py
 Wait 30 sec to let processes close up ...
 OK. Process 1236 is gone
 OK. Process 1233 is gone
Finally gently signal CrabWrapper with USR2
Process cleanup completed, crabWatchdog.sh exiting
********** WATCHDOG LOG ENDED
ZIPPING WATCHDOG LOG
Disk space used:
du -sh /scratch/condor/execute/dir_27803/https_3a_2f_2fwms316.cern.ch_3a9000_2fzg9Xgr5qYBS-MFXWbGJT8g
15M	/scratch/condor/execute/dir_27803/https_3a_2f_2fwms316.cern.ch_3a9000_2fzg9Xgr5qYBS-MFXWbGJT8g
Found unusual stderr, rename for OSB
`/scratch/condor/execute/dir_27803/https_3a_2f_2fwms316.cern.ch_3a9000_2fzg9Xgr5qYBS-MFXWbGJT8g/CMSSW_165.stdout' -> `CMSSW_165.stderr'
crab_fjr_165.xml
CMSSW_165.stdout
CMSSW_165.stderr
Watchdog_165.log.gz
Total Output dimension: 6457
WARNING: output files size limit is set to: 55000000
Total Output dimension 6457 is fine.
JOB_EXIT_STATUS = 50664
>>> info for dashboard:
***** Cat /scratch/condor/execute/dir_27803/https_3a_2f_2fwms316.cern.ch_3a9000_2fzg9Xgr5qYBS-MFXWbGJT8g/jobreport.txt *****
MonitorJobID=165_https://wms316.cern.ch:9000/zg9Xgr5qYBS-MFXWbGJT8g
MonitorID=inaranjo_PFTauIdEff-V18-DYJetsToLL-madgraph-DR53X-Summer12_8xk43p
ExeEnd=cmsRun
CrabUserCpuTime=
CrabSysCpuTime=
CrabCpuPercentage=
CrabWrapperTime=78876
CrabStageoutTime=NULL
JobExitCode=50664
***** End Cat jobreport *****
Parameters sent to Dashboard.
crab_fjr_165.xml
