This script was generated by crab (version 2.8.8).
Running ./CMSSW.sh with 2 positional parameters: 88 2
Today is Wed Aug 14 23:28:44 PDT 2013
Job submitted on host cabinet-8-8-3.t2.ucsd.edu
Linux cabinet-8-8-3.t2.ucsd.edu 2.6.32-358.6.2.el6.x86_64 #1 SMP Thu May 16 20:59:36 UTC 2013 x86_64 x86_64 x86_64 GNU/Linux
>>> current directory (RUNTIME_AREA): /data5/condor_local/execute/dir_8991/https_3a_2f_2fwms316.cern.ch_3a9000_2fOdNd5gIv-iIQUuK0QOqDGg
>>> current user: uid=36051(cuser5) gid=36051(cuser5) groups=36051(cuser5)
>>> directory permission set to 0700
>>> umask set to:  u=rwx,g=,o=
>>> stdout stderr permission set to 0704
>>> voms proxy information:
subject   : /O=GRID-FR/C=FR/O=CNRS/OU=LLR/CN=Ivo Naranjo/CN=proxy/CN=proxy/CN=limited proxy/CN=limited proxy
issuer    : /O=GRID-FR/C=FR/O=CNRS/OU=LLR/CN=Ivo Naranjo/CN=proxy/CN=proxy/CN=limited proxy
identity  : /O=GRID-FR/C=FR/O=CNRS/OU=LLR/CN=Ivo Naranjo/CN=proxy/CN=proxy/CN=limited proxy
type      : limited proxy
strength  : 512 bits
path      : /data5/condor_local/execute/dir_8991/x509_user_proxy
timeleft  : 23:59:31
key usage : 
=== VO cms extension information ===
VO        : cms
subject   : /O=GRID-FR/C=FR/O=CNRS/OU=LLR/CN=Ivo Naranjo
issuer    : /DC=ch/DC=cern/OU=computers/CN=lcg-voms.cern.ch
attribute : /cms/Role=NULL/Capability=NULL
timeleft  : 171:03:45
uri       : lcg-voms.cern.ch:15002
>>> tar --no-same-permissions -xf /data5/condor_local/execute/dir_8991/https_3a_2f_2fwms316.cern.ch_3a9000_2fOdNd5gIv-iIQUuK0QOqDGg/default.tgz :
Successful untar
>>> Include /data5/condor_local/execute/dir_8991/https_3a_2f_2fwms316.cern.ch_3a9000_2fOdNd5gIv-iIQUuK0QOqDGg in PYTHONPATH:
strip arguments
env var CRAB_UNIQUE_JOB_ID set to: inaranjo_PFTauIdEff-V18-DYJetsToLL-madgraph-DR53X-Summer12_8xk43p_88_2_4Yv
out_files_88
>>> list of expected files on output sandbox
output files: crab_fjr_88.xml CMSSW_88.stdout CMSSW_88.stderr Watchdog_88.log.gz
>>> GridFlavour discovery: 
source OSG GRID setup script
GridFlavour=OSG
>>> SyncSite discovery: 
not reporting SyncSite
>>> SyncCE discovery: 
getting SyncCE from OSG_JOB_CONTACT
SyncCE=osg-gw-7.t2.ucsd.edu/jobmanager-condor
>>> info for dashboard:
***** Cat /data5/condor_local/execute/dir_8991/https_3a_2f_2fwms316.cern.ch_3a9000_2fOdNd5gIv-iIQUuK0QOqDGg/jobreport.txt *****
MonitorJobID=88_https://wms316.cern.ch:9000/OdNd5gIv-iIQUuK0QOqDGg
SyncGridJobId=https://wms316.cern.ch:9000/OdNd5gIv-iIQUuK0QOqDGg
MonitorID=inaranjo_PFTauIdEff-V18-DYJetsToLL-madgraph-DR53X-Summer12_8xk43p
GridFlavour=OSG
SyncCE=osg-gw-7.t2.ucsd.edu/jobmanager-condor
***** End Cat jobreport *****
Parameters sent to Dashboard.
>>> setup environment
set SCRAM ARCH to slc5_amd64_gcc462
SCRAM_ARCH = slc5_amd64_gcc462
/bin/mktemp: failed to create directory via template `$_CONDOR_SCRATCH_DIR/cms_XXXXXXXXXXXX': No such file or directory
ERROR ==> OSG  could not be created on WN cabinet-8-8-3.t2.ucsd.edu
Checking output files:  
will tar file crab_fjr_88.xml in  out_files_88
will tar file CMSSW_88.stdout in  out_files_88
will tar file CMSSW_88.stderr in  out_files_88
WARNING: output file Watchdog_88.log.gz not found!
>>> padding time: Sleeping the wrapper for 599 seconds
STOPPING WATCHDOG. CrabWatchdog PID is 
kill: usage: kill [-s sigspec | -n signum | -sigspec] pid | jobspec ... or kill -l [sigspec]
********** LAST 50 LINES OF WATCHDOG LOG
tail: cannot open `Watchdog_88.log' for reading: No such file or directory
********** WATCHDOG LOG ENDED
ZIPPING WATCHDOG LOG
gzip: Watchdog_88.log: No such file or directory
Disk space used:
du -sh /data5/condor_local/execute/dir_8991/https_3a_2f_2fwms316.cern.ch_3a9000_2fOdNd5gIv-iIQUuK0QOqDGg
59M	/data5/condor_local/execute/dir_8991/https_3a_2f_2fwms316.cern.ch_3a9000_2fOdNd5gIv-iIQUuK0QOqDGg
Found unusual stderr, rename for OSB
`/data5/condor_local/execute/dir_8991/https_3a_2f_2fwms316.cern.ch_3a9000_2fOdNd5gIv-iIQUuK0QOqDGg/CMSSW_88.stdout' -> `CMSSW_88.stderr'
crab_fjr_88.xml
CMSSW_88.stdout
tar: CMSSW_88.stdout: file changed as we read it
CMSSW_88.stderr
tar: Watchdog_88.log.gz: Cannot stat: No such file or directory
tar: Exiting with failure status due to previous errors
Total Output dimension: 2048
WARNING: output files size limit is set to: 55000000
Total Output dimension 2048 is fine.
JOB_EXIT_STATUS = 10016
>>> info for dashboard:
***** Cat /data5/condor_local/execute/dir_8991/https_3a_2f_2fwms316.cern.ch_3a9000_2fOdNd5gIv-iIQUuK0QOqDGg/jobreport.txt *****
MonitorJobID=88_https://wms316.cern.ch:9000/OdNd5gIv-iIQUuK0QOqDGg
MonitorID=inaranjo_PFTauIdEff-V18-DYJetsToLL-madgraph-DR53X-Summer12_8xk43p
CrabUserCpuTime=
CrabSysCpuTime=
CrabCpuPercentage=
CrabWrapperTime=600
CrabStageoutTime=NULL
JobExitCode=10016
***** End Cat jobreport *****
Parameters sent to Dashboard.
crab_fjr_88.xml
