This script was generated by crab (version 2.8.8).
Running ./CMSSW.sh with 2 positional parameters: 216 2
Today is Wed Aug 14 19:58:55 CDT 2013
Job submitted on host g18n26.hep.wisc.edu
Linux g18n26.hep.wisc.edu 2.6.18-348.3.1.el5 #1 SMP Mon Mar 11 15:43:13 EDT 2013 x86_64 x86_64 x86_64 GNU/Linux
>>> current directory (RUNTIME_AREA): /scratch/condor/execute/dir_1685/https_3a_2f_2fwms316.cern.ch_3a9000_2f5z2asrL0m05WMr49AMKUvQ
>>> current user: uid=3349(osg_cmsuser2393) gid=622(osg_uscms01) groups=100(users),622(osg_uscms01) context=system_u:system_r:unconfined_execmem_t:s0
>>> directory permission set to 0700
>>> umask set to:  u=rwx,g=,o=
>>> stdout stderr permission set to 0704
>>> voms proxy information:
subject   : /O=GRID-FR/C=FR/O=CNRS/OU=LLR/CN=Ivo Naranjo/CN=proxy/CN=proxy/CN=limited proxy
issuer    : /O=GRID-FR/C=FR/O=CNRS/OU=LLR/CN=Ivo Naranjo/CN=proxy/CN=proxy
identity  : /O=GRID-FR/C=FR/O=CNRS/OU=LLR/CN=Ivo Naranjo/CN=proxy/CN=proxy
type      : limited proxy
strength  : 512 bits
path      : /var/condor/.execute-links/slot30/dir_1685/x509_user_proxy
timeleft  : 176:33:28
key usage : 
=== VO cms extension information ===
VO        : cms
subject   : /O=GRID-FR/C=FR/O=CNRS/OU=LLR/CN=Ivo Naranjo
issuer    : /DC=ch/DC=cern/OU=computers/CN=lcg-voms.cern.ch
attribute : /cms/Role=NULL/Capability=NULL
timeleft  : 176:33:34
uri       : lcg-voms.cern.ch:15002
>>> tar --no-same-permissions -xf /scratch/condor/execute/dir_1685/https_3a_2f_2fwms316.cern.ch_3a9000_2f5z2asrL0m05WMr49AMKUvQ/default.tgz :
Successful untar
>>> Include /scratch/condor/execute/dir_1685/https_3a_2f_2fwms316.cern.ch_3a9000_2f5z2asrL0m05WMr49AMKUvQ in PYTHONPATH:
strip arguments
env var CRAB_UNIQUE_JOB_ID set to: inaranjo_PFTauIdEff-V18-DYJetsToLL-madgraph-DR53X-Summer12_8xk43p_216_2_Bu2
out_files_216
>>> list of expected files on output sandbox
output files: crab_fjr_216.xml CMSSW_216.stdout CMSSW_216.stderr Watchdog_216.log.gz
>>> GridFlavour discovery: 
source OSG GRID setup script
GridFlavour=OSG
>>> SyncSite discovery: 
not reporting SyncSite
>>> SyncCE discovery: 
getting SyncCE from OSG_JOB_CONTACT
SyncCE=cmsgrid02.hep.wisc.edu/jobmanager-condor
>>> info for dashboard:
***** Cat /scratch/condor/execute/dir_1685/https_3a_2f_2fwms316.cern.ch_3a9000_2f5z2asrL0m05WMr49AMKUvQ/jobreport.txt *****
MonitorJobID=216_https://wms316.cern.ch:9000/5z2asrL0m05WMr49AMKUvQ
SyncGridJobId=https://wms316.cern.ch:9000/5z2asrL0m05WMr49AMKUvQ
MonitorID=inaranjo_PFTauIdEff-V18-DYJetsToLL-madgraph-DR53X-Summer12_8xk43p
GridFlavour=OSG
SyncCE=cmsgrid02.hep.wisc.edu/jobmanager-condor
***** End Cat jobreport *****
Parameters sent to Dashboard.
>>> setup environment
set SCRAM ARCH to slc5_amd64_gcc462
SCRAM_ARCH = slc5_amd64_gcc462
>>> Created working directory: /var/condor/.execute-links/slot30/dir_1685/cms_oFsSqaKB4321
Change to working directory: /var/condor/.execute-links/slot30/dir_1685/cms_oFsSqaKB4321
>>> current directory (WORKING_DIR): /var/condor/.execute-links/slot30/dir_1685/cms_oFsSqaKB4321
>>> setup CMS OSG environment:
set SCRAM ARCH to slc5_amd64_gcc462
SCRAM_ARCH = slc5_amd64_gcc462
OSG_APP is /cvmfs/cms.hep.wisc.edu/osg/app
sourcing /cvmfs/cms.hep.wisc.edu/osg/app/cmssoft/cms/cmsset_default.sh ...
==> setup cms environment ok
SCRAM_ARCH = slc5_amd64_gcc462
>>> specific cmssw setup environment:
CMSSW_VERSION =  CMSSW_5_3_11_patch3
>>> current directory (SOFTWARE_DIR): /var/condor/.execute-links/slot30/dir_1685/cms_oFsSqaKB4321/CMSSW_5_3_11_patch3
PreserveSeeds: <>
IncrementSeeds:<>
{}
WNHostName=g18n26.hep.wisc.edu
>>> info for dashboard:
***** Cat /scratch/condor/execute/dir_1685/https_3a_2f_2fwms316.cern.ch_3a9000_2f5z2asrL0m05WMr49AMKUvQ/jobreport.txt *****
MonitorJobID=216_https://wms316.cern.ch:9000/5z2asrL0m05WMr49AMKUvQ
MonitorID=inaranjo_PFTauIdEff-V18-DYJetsToLL-madgraph-DR53X-Summer12_8xk43p
WNHostName=g18n26.hep.wisc.edu
***** End Cat jobreport *****
Parameters sent to Dashboard.
crabWatchdog started as process 8094
>>> moving CMSSW software directories in /var/condor/.execute-links/slot30/dir_1685/cms_oFsSqaKB4321/CMSSW_5_3_11_patch3
mv: cannot stat `/scratch/condor/execute/dir_1685/https_3a_2f_2fwms316.cern.ch_3a9000_2f5z2asrL0m05WMr49AMKUvQ/module/': No such file or directory
>>> Include /scratch/condor/execute/dir_1685/https_3a_2f_2fwms316.cern.ch_3a9000_2f5z2asrL0m05WMr49AMKUvQ in PYTHONPATH:
PYTHONPATH=/scratch/condor/execute/dir_1685/https_3a_2f_2fwms316.cern.ch_3a9000_2f5z2asrL0m05WMr49AMKUvQ/:/scratch/condor/execute/dir_1685/cms_oFsSqaKB4321/CMSSW_5_3_11_patch3/python:/scratch/condor/execute/dir_1685/cms_oFsSqaKB4321/CMSSW_5_3_11_patch3/lib/slc5_amd64_gcc462:/cvmfs/cms.cern.ch/slc5_amd64_gcc462/cms/cmssw-patch/CMSSW_5_3_11_patch3/python:/cvmfs/cms.cern.ch/slc5_amd64_gcc462/cms/cmssw-patch/CMSSW_5_3_11_patch3/lib/slc5_amd64_gcc462:/cvmfs/cms.cern.ch/slc5_amd64_gcc462/cms/cmssw/CMSSW_5_3_11/bin/slc5_amd64_gcc462:/cvmfs/cms.cern.ch/slc5_amd64_gcc462/cms/cmssw/CMSSW_5_3_11/lib/slc5_amd64_gcc462:/cvmfs/cms.cern.ch/slc5_amd64_gcc462/cms/coral/CORAL_2_3_21-cms35/slc5_amd64_gcc462/python:/cvmfs/cms.cern.ch/slc5_amd64_gcc462/cms/coral/CORAL_2_3_21-cms35/slc5_amd64_gcc462/lib:/cvmfs/cms.cern.ch/slc5_amd64_gcc462/external/pyqt/4.8.1/lib/python2.6/site-packages:/cvmfs/cms.cern.ch/slc5_amd64_gcc462/external/py2-scipy/0.8.0/lib/python2.6/site-packages:/cvmfs/cms.cern.ch/slc5_amd64_gcc462/external/py2-matplotlib/1.0.1/lib/python2.6/site-packages:/cvmfs/cms.cern.ch/slc5_amd64_gcc462/external/python-ldap/2.3.5/lib/python2.6/site-packages:/cvmfs/cms.cern.ch/slc5_amd64_gcc462/external/sip/4.11.2/lib/python2.6/site-packages:/cvmfs/cms.cern.ch/slc5_amd64_gcc462/external/py2-pycurl/7.19.0/lib/python2.6/site-packages:/cvmfs/cms.cern.ch/slc5_amd64_gcc462/external/py2-numpy/1.6.1/lib/python2.6/site-packages:/cvmfs/cms.cern.ch/slc5_amd64_gcc462/external/py2-ipython/0.10/lib/python2.6/site-packages:/cvmfs/cms.cern.ch/slc5_amd64_gcc462/external/py2-cx-oracle/5.1-cms11/lib/python2.6/site-packages:/cvmfs/cms.cern.ch/slc5_amd64_gcc462/external/py2-cjson/1.0.5/lib/python2.6/site-packages:/cvmfs/cms.cern.ch/slc5_amd64_gcc462/cms/das-client/1.9.5/bin:/cvmfs/cms.cern.ch/slc5_amd64_gcc462/external/elementtree/1.2.6/share/lib/python2.6/site-packages:/cvmfs/cms.cern.ch/slc5_amd64_gcc462/external/rivet/1.8.2/lib/python2.6/site-packages:/cvmfs/cms.cern.ch/slc5_amd64_gcc462/external/pyminuit2/0.0.1-cms39/lib/python2.6/site-packages:/cvmfs/cms.cern.ch/slc5_amd64_gcc462/external/professor/1.0.0-cms40/lib/python2.6/site-packages:/cvmfs/cms.cern.ch/slc5_amd64_gcc462/lcg/root/5.32.00-cms21/lib:/cvmfs/cms.cern.ch/slc5_amd64_gcc462/cms/dbs-client/DBS_2_1_9-cms3/lib:/cvmfs/cms.cern.ch/slc5_amd64_gcc462/cms/dbs-client/DBS_2_1_9-cms3/lib/DBSAPI:/cvmfs/cms.cern.ch/slc5_amd64_gcc462/external/cvs2git/5419/lib:/scratch/condor/execute/dir_1685/https_3a_2f_2fwms316.cern.ch_3a9000_2f5z2asrL0m05WMr49AMKUvQ/
 
# LIMITS USED BY CRAB WATCHDOG:
# RSS  (KBytes)   : 2300000
# VSZ  (KBytes)   : 100000000
# DISK (MBytes)   : 19000
# CPU TIME        : 720h:0m:0s
# WALL CLOCK TIME : 21h:50m:0s
 
ad1530fd04abf2a74b3716344e50f888
PSETHASH = ad1530fd04abf2a74b3716344e50f888
/scratch/condor/execute/dir_1685/https_3a_2f_2fwms316.cern.ch_3a9000_2f5z2asrL0m05WMr49AMKUvQ/writeCfg.py pset.py pset.py
Importing .py file
Setting parameters
inputBlocks=/DYJetsToLL_M-50_TuneZ2Star_8TeV-madgraph-tarball/Summer12_DR53X-PU_S10_START53_V7A-v1/AODSIM#9f3619b0-d2dc-11e1-80c6-003048f02c8a
inputFiles=/store/mc/Summer12_DR53X/DYJetsToLL_M-50_TuneZ2Star_8TeV-madgraph-tarball/AODSIM/PU_S10_START53_V7A-v1/0000/18252BFE-FBD2-E111-999B-003048D46236.root;/store/mc/Summer12_DR53X/DYJetsToLL_M-50_TuneZ2Star_8TeV-madgraph-tarball/AODSIM/PU_S10_START53_V7A-v1/0000/C28F0F05-FCD2-E111-83FA-0025B3E05DE0.root;/store/mc/Summer12_DR53X/DYJetsToLL_M-50_TuneZ2Star_8TeV-madgraph-tarball/AODSIM/PU_S10_START53_V7A-v1/0000/54AB3F34-03D3-E111-8E60-0025B3E05D68.root;/store/mc/Summer12_DR53X/DYJetsToLL_M-50_TuneZ2Star_8TeV-madgraph-tarball/AODSIM/PU_S10_START53_V7A-v1/0000/1E792C37-03D3-E111-B7A2-001E673986A6.root;/store/mc/Summer12_DR53X/DYJetsToLL_M-50_TuneZ2Star_8TeV-madgraph-tarball/AODSIM/PU_S10_START53_V7A-v1/0000/48C67766-E4D2-E111-B88E-002481E14F20.root;/store/mc/Summer12_DR53X/DYJetsToLL_M-50_TuneZ2Star_8TeV-madgraph-tarball/AODSIM/PU_S10_START53_V7A-v1/0000/A8621995-E5D2-E111-A5AE-001E67397D73.root;/store/mc/Summer12_DR53X/DYJetsToLL_M-50_TuneZ2Star_8TeV-madgraph-tarball/AODSIM/PU_S10_START53_V7A-v1/0000/CA448B7A-EED2-E111-899C-003048D4775E.root;/store/mc/Summer12_DR53X/DYJetsToLL_M-50_TuneZ2Star_8TeV-madgraph-tarball/AODSIM/PU_S10_START53_V7A-v1/0000/AEA5D478-EED2-E111-BCB8-0025B3E0638E.root
parentFiles=
lumisRange=
>>> Executable cmsRun
/cvmfs/cms.cern.ch/slc5_amd64_gcc462/cms/cmssw-patch/CMSSW_5_3_11_patch3/bin/slc5_amd64_gcc462/cmsRun
ok executable found
>>> info for dashboard:
***** Cat /scratch/condor/execute/dir_1685/https_3a_2f_2fwms316.cern.ch_3a9000_2f5z2asrL0m05WMr49AMKUvQ/jobreport.txt *****
MonitorJobID=216_https://wms316.cern.ch:9000/5z2asrL0m05WMr49AMKUvQ
MonitorID=inaranjo_PFTauIdEff-V18-DYJetsToLL-madgraph-DR53X-Summer12_8xk43p
ExeStart=cmsRun
***** End Cat jobreport *****
Parameters sent to Dashboard.
>>> cmsRun started at Thu Aug 15 01:00:24 UTC 2013
Terminated
>>> cmsRun ended at Thu Aug 15 22:50:33 UTC 2013
>>> crab_fjr_*.xml  permission set to 0704
>>> info for dashboard:
***** Cat /scratch/condor/execute/dir_1685/https_3a_2f_2fwms316.cern.ch_3a9000_2f5z2asrL0m05WMr49AMKUvQ/jobreport.txt *****
MonitorJobID=216_https://wms316.cern.ch:9000/5z2asrL0m05WMr49AMKUvQ
MonitorID=inaranjo_PFTauIdEff-V18-DYJetsToLL-madgraph-DR53X-Summer12_8xk43p
ExeEnd=cmsRun
***** End Cat jobreport *****
Parameters sent to Dashboard.
********** CRAB WRAPPER CMSSW.sh TERMINATED BY A KILL
********** KILL signal was issued by Crab Watchdog
********** because usage of resource WALL TIME was excessive
************** JOB EXIT CODE set to: 50664
Checking output files:  
will tar file crab_fjr_216.xml in  out_files_216
will tar file CMSSW_216.stdout in  out_files_216
will tar file CMSSW_216.stderr in  out_files_216
WARNING: output file Watchdog_216.log.gz not found!
>>> working dir = /var/condor/.execute-links/slot30/dir_1685/cms_oFsSqaKB4321
>>> current directory (RUNTIME_AREA): /scratch/condor/execute/dir_1685/https_3a_2f_2fwms316.cern.ch_3a9000_2f5z2asrL0m05WMr49AMKUvQ
>>> Remove working directory: /var/condor/.execute-links/slot30/dir_1685/cms_oFsSqaKB4321
>>> padding time: Wrapper lasting more than 600 seconds. No sleep required.
STOPPING WATCHDOG. CrabWatchdog PID is 8094
./CMSSW.sh: line 122: kill: (8094) - No such process
********** LAST 50 LINES OF WATCHDOG LOG
# TIME			PID	RSS(KB)	VSZ(KB)	Dsk(MB)	tCPU(s)	tWALL(s)	COMMAND
# TIME			PID	RSS(KB)	VSZ(KB)	Dsk(MB)	tCPU(s)	tWALL(s)	COMMAND
# TIME			PID	RSS(KB)	VSZ(KB)	Dsk(MB)	tCPU(s)	tWALL(s)	COMMAND
# TIME			PID	RSS(KB)	VSZ(KB)	Dsk(MB)	tCPU(s)	tWALL(s)	COMMAND
# TIME			PID	RSS(KB)	VSZ(KB)	Dsk(MB)	tCPU(s)	tWALL(s)	COMMAND
# TIME			PID	RSS(KB)	VSZ(KB)	Dsk(MB)	tCPU(s)	tWALL(s)	COMMAND
# TIME			PID	RSS(KB)	VSZ(KB)	Dsk(MB)	tCPU(s)	tWALL(s)	COMMAND
# TIME			PID	RSS(KB)	VSZ(KB)	Dsk(MB)	tCPU(s)	tWALL(s)	COMMAND
# TIME			PID	RSS(KB)	VSZ(KB)	Dsk(MB)	tCPU(s)	tWALL(s)	COMMAND
# TIME			PID	RSS(KB)	VSZ(KB)	Dsk(MB)	tCPU(s)	tWALL(s)	COMMAND
# TIME			PID	RSS(KB)	VSZ(KB)	Dsk(MB)	tCPU(s)	tWALL(s)	COMMAND
# TIME			PID	RSS(KB)	VSZ(KB)	Dsk(MB)	tCPU(s)	tWALL(s)	COMMAND
# TIME			PID	RSS(KB)	VSZ(KB)	Dsk(MB)	tCPU(s)	tWALL(s)	COMMAND
# TIME			PID	RSS(KB)	VSZ(KB)	Dsk(MB)	tCPU(s)	tWALL(s)	COMMAND
 Aug 15 03:12:35 CDT	9131	727564	927124	57	24887	25941	cmsRun -j /scratch/condor/execute/dir_1685/https_3a_2f_2fwms316.cern.ch_3a9000_2f5z2asrL0m05WMr49AMKUvQ/crab_fjr_216.xml -p pset.py      
 Aug 15 03:14:36 CDT	9131	727564	929428	57	24890	26062	cmsRun -j /scratch/condor/execute/dir_1685/https_3a_2f_2fwms316.cern.ch_3a9000_2f5z2asrL0m05WMr49AMKUvQ/crab_fjr_216.xml -p pset.py      
 Aug 15 03:21:44 CDT	---	727564	929428	58	----	----	----
 Aug 15 05:04:54 CDT	---	727564	929428	60	----	----	----
 Aug 15 06:49:01 CDT	---	727564	929428	61	----	----	----
 Aug 15 07:35:52 CDT	9131	727564	929940	61	40075	41738	cmsRun -j /scratch/condor/execute/dir_1685/https_3a_2f_2fwms316.cern.ch_3a9000_2f5z2asrL0m05WMr49AMKUvQ/crab_fjr_216.xml -p pset.py      
 Aug 15 08:35:07 CDT	---	727564	929940	62	----	----	----
 Aug 15 10:16:05 CDT	---	727564	929940	63	----	----	----
 Aug 15 10:17:07 CDT	---	727564	929940	64	----	----	----
 Aug 15 11:20:35 CDT	9131	737352	935828	64	53178	55221	cmsRun -j /scratch/condor/execute/dir_1685/https_3a_2f_2fwms316.cern.ch_3a9000_2f5z2asrL0m05WMr49AMKUvQ/crab_fjr_216.xml -p pset.py      
 Aug 15 12:03:25 CDT	---	737352	935828	65	----	----	----
 Aug 15 13:48:38 CDT	---	737352	935828	66	----	----	----
 Aug 15 15:31:46 CDT	---	737352	935828	67	----	----	----
 Aug 15 15:32:48 CDT	---	737352	935828	68	----	----	----
 Aug 15 15:53:50 CDT	9131	737352	938900	68	69052	71616	cmsRun -j /scratch/condor/execute/dir_1685/https_3a_2f_2fwms316.cern.ch_3a9000_2f5z2asrL0m05WMr49AMKUvQ/crab_fjr_216.xml -p pset.py      
 Aug 15 15:54:50 CDT	9131	737352	941204	68	69059	71676	cmsRun -j /scratch/condor/execute/dir_1685/https_3a_2f_2fwms316.cern.ch_3a9000_2f5z2asrL0m05WMr49AMKUvQ/crab_fjr_216.xml -p pset.py      
 Aug 15 17:20:14 CDT	---	737352	941204	69	----	----	----
 ********************************************************
 * JOB HIT PREDEFINED RESOURCE LIMIT ! PROCESSING HALTED
 *   WALL TIME value is 78616 while limit is 78600
 ********************************************************
send pkill TERM  to all CrabWrapper childs in this Process Tree
  PID TTY      STAT   TIME COMMAND
 4288 ?        SN     0:00 /bin/sh /var/condor/.execute-links/slot30/dir_1685/_osg_wrapper/_osg_wrapper_exec 'UI=000000:NS=0000000004:WM=000006:BH=0000000000:JSS=000003:LM=000000:LRMS=000000:APP=000000:LBS=000000'
 4292 ?        SN     0:00  \_ /usr/bin/time -p -o tmp.HhrhZF4273 ./CMSSW.sh 216 2
 4293 ?        SN     0:00      \_ /bin/sh ./CMSSW.sh 216 2
 8094 ?        SN     0:13          \_ /bin/bash /scratch/condor/execute/dir_1685/https_3a_2f_2fwms316.cern.ch_3a9000_2f5z2asrL0m05WMr49AMKUvQ/crabWatchdog.sh
 9130 ?        SN     0:00          \_ /usr/bin/time -f %U %S %P -o cpu_timing.txt cmsRun -j /scratch/condor/execute/dir_1685/https_3a_2f_2fwms316.cern.ch_3a9000_2f5z2asrL0m05WMr49AMKUvQ/crab_fjr_216.xml -p pset.py
 9131 ?        RNl  1263:34              \_ cmsRun -j /scratch/condor/execute/dir_1685/https_3a_2f_2fwms316.cern.ch_3a9000_2f5z2asrL0m05WMr49AMKUvQ/crab_fjr_216.xml -p pset.py
 Sent TERM to: PID 9131 executing: cmsRun -j /scratch/condor/execute/dir_1685/https_3a_2f_2fwms316.cern.ch_3a9000_2f5z2asrL0m05WMr49AMKUvQ/crab_fjr_216.xml -p pset.py
 Sent TERM to: PID 9130 executing: /usr/bin/time -f %U %S %P -o cpu_timing.txt cmsRun -j /scratch/condor/execute/dir_1685/https_3a_2f_2fwms316.cern.ch_3a9000_2f5z2asrL0m05WMr49AMKUvQ/crab_fjr_216.xml -p pset.py
 Wait 30 sec to let processes close up ...
 OK. Process 9131 is gone
 OK. Process 9130 is gone
Finally gently signal CrabWrapper with USR2
Process cleanup completed, crabWatchdog.sh exiting
********** WATCHDOG LOG ENDED
ZIPPING WATCHDOG LOG
Disk space used:
du -sh /scratch/condor/execute/dir_1685/https_3a_2f_2fwms316.cern.ch_3a9000_2f5z2asrL0m05WMr49AMKUvQ
15M	/scratch/condor/execute/dir_1685/https_3a_2f_2fwms316.cern.ch_3a9000_2f5z2asrL0m05WMr49AMKUvQ
Found unusual stderr, rename for OSB
`/scratch/condor/execute/dir_1685/https_3a_2f_2fwms316.cern.ch_3a9000_2f5z2asrL0m05WMr49AMKUvQ/CMSSW_216.stdout' -> `CMSSW_216.stderr'
crab_fjr_216.xml
CMSSW_216.stdout
CMSSW_216.stderr
Watchdog_216.log.gz
Total Output dimension: 6548
WARNING: output files size limit is set to: 55000000
Total Output dimension 6548 is fine.
JOB_EXIT_STATUS = 50664
>>> info for dashboard:
***** Cat /scratch/condor/execute/dir_1685/https_3a_2f_2fwms316.cern.ch_3a9000_2f5z2asrL0m05WMr49AMKUvQ/jobreport.txt *****
MonitorJobID=216_https://wms316.cern.ch:9000/5z2asrL0m05WMr49AMKUvQ
MonitorID=inaranjo_PFTauIdEff-V18-DYJetsToLL-madgraph-DR53X-Summer12_8xk43p
ExeEnd=cmsRun
CrabUserCpuTime=
CrabSysCpuTime=
CrabCpuPercentage=
CrabWrapperTime=78806
CrabStageoutTime=NULL
JobExitCode=50664
***** End Cat jobreport *****
Parameters sent to Dashboard.
crab_fjr_216.xml
