This script was generated by crab (version 2.8.8).
Running ./CMSSW.sh with 2 positional parameters: 22 2
Today is Wed Aug 14 23:34:25 PDT 2013
Job submitted on host cabinet-2-2-22.t2.ucsd.edu
Linux cabinet-2-2-22.t2.ucsd.edu 2.6.32-358.11.1.el6.x86_64 #1 SMP Wed Jun 12 03:34:52 UTC 2013 x86_64 x86_64 x86_64 GNU/Linux
>>> current directory (RUNTIME_AREA): /data2/condor_local/execute/dir_24268/https_3a_2f_2fwms316.cern.ch_3a9000_2f8YwvvXW3K5wDE-rea3fO7A
>>> current user: uid=36056(cuser10) gid=36056(cuser10) groups=36056(cuser10)
>>> directory permission set to 0700
>>> umask set to:  u=rwx,g=,o=
>>> stdout stderr permission set to 0704
>>> voms proxy information:
subject   : /O=GRID-FR/C=FR/O=CNRS/OU=LLR/CN=Ivo Naranjo/CN=proxy/CN=proxy/CN=limited proxy/CN=limited proxy
issuer    : /O=GRID-FR/C=FR/O=CNRS/OU=LLR/CN=Ivo Naranjo/CN=proxy/CN=proxy/CN=limited proxy
identity  : /O=GRID-FR/C=FR/O=CNRS/OU=LLR/CN=Ivo Naranjo/CN=proxy/CN=proxy/CN=limited proxy
type      : limited proxy
strength  : 512 bits
path      : /data2/condor_local/execute/dir_24268/x509_user_proxy
timeleft  : 23:59:30
key usage : 
=== VO cms extension information ===
VO        : cms
subject   : /O=GRID-FR/C=FR/O=CNRS/OU=LLR/CN=Ivo Naranjo
issuer    : /DC=ch/DC=cern/OU=computers/CN=lcg-voms.cern.ch
attribute : /cms/Role=NULL/Capability=NULL
timeleft  : 170:58:04
uri       : lcg-voms.cern.ch:15002
>>> tar --no-same-permissions -xf /data2/condor_local/execute/dir_24268/https_3a_2f_2fwms316.cern.ch_3a9000_2f8YwvvXW3K5wDE-rea3fO7A/default.tgz :
Successful untar
>>> Include /data2/condor_local/execute/dir_24268/https_3a_2f_2fwms316.cern.ch_3a9000_2f8YwvvXW3K5wDE-rea3fO7A in PYTHONPATH:
strip arguments
env var CRAB_UNIQUE_JOB_ID set to: inaranjo_PFTauIdEff-V18-DYJetsToLL-madgraph-DR53X-Summer12_8xk43p_22_2_HM4
out_files_22
>>> list of expected files on output sandbox
output files: crab_fjr_22.xml CMSSW_22.stdout CMSSW_22.stderr Watchdog_22.log.gz
>>> GridFlavour discovery: 
source OSG GRID setup script
GridFlavour=OSG
>>> SyncSite discovery: 
not reporting SyncSite
>>> SyncCE discovery: 
getting SyncCE from OSG_JOB_CONTACT
SyncCE=osg-gw-6.t2.ucsd.edu/jobmanager-condor
>>> info for dashboard:
***** Cat /data2/condor_local/execute/dir_24268/https_3a_2f_2fwms316.cern.ch_3a9000_2f8YwvvXW3K5wDE-rea3fO7A/jobreport.txt *****
MonitorJobID=22_https://wms316.cern.ch:9000/8YwvvXW3K5wDE-rea3fO7A
SyncGridJobId=https://wms316.cern.ch:9000/8YwvvXW3K5wDE-rea3fO7A
MonitorID=inaranjo_PFTauIdEff-V18-DYJetsToLL-madgraph-DR53X-Summer12_8xk43p
GridFlavour=OSG
SyncCE=osg-gw-6.t2.ucsd.edu/jobmanager-condor
***** End Cat jobreport *****
Parameters sent to Dashboard.
>>> setup environment
set SCRAM ARCH to slc5_amd64_gcc462
SCRAM_ARCH = slc5_amd64_gcc462
/bin/mktemp: failed to create directory via template `$_CONDOR_SCRATCH_DIR/cms_XXXXXXXXXXXX': No such file or directory
ERROR ==> OSG  could not be created on WN cabinet-2-2-22.t2.ucsd.edu
Checking output files:  
will tar file crab_fjr_22.xml in  out_files_22
will tar file CMSSW_22.stdout in  out_files_22
will tar file CMSSW_22.stderr in  out_files_22
WARNING: output file Watchdog_22.log.gz not found!
>>> padding time: Sleeping the wrapper for 599 seconds
STOPPING WATCHDOG. CrabWatchdog PID is 
kill: usage: kill [-s sigspec | -n signum | -sigspec] pid | jobspec ... or kill -l [sigspec]
********** LAST 50 LINES OF WATCHDOG LOG
tail: cannot open `Watchdog_22.log' for reading: No such file or directory
********** WATCHDOG LOG ENDED
ZIPPING WATCHDOG LOG
gzip: Watchdog_22.log: No such file or directory
Disk space used:
du -sh /data2/condor_local/execute/dir_24268/https_3a_2f_2fwms316.cern.ch_3a9000_2f8YwvvXW3K5wDE-rea3fO7A
59M	/data2/condor_local/execute/dir_24268/https_3a_2f_2fwms316.cern.ch_3a9000_2f8YwvvXW3K5wDE-rea3fO7A
Found unusual stderr, rename for OSB
`/data2/condor_local/execute/dir_24268/https_3a_2f_2fwms316.cern.ch_3a9000_2f8YwvvXW3K5wDE-rea3fO7A/CMSSW_22.stdout' -> `CMSSW_22.stderr'
crab_fjr_22.xml
CMSSW_22.stdout
tar: CMSSW_22.stdout: file changed as we read it
CMSSW_22.stderr
tar: Watchdog_22.log.gz: Cannot stat: No such file or directory
tar: Exiting with failure status due to previous errors
Total Output dimension: 2048
WARNING: output files size limit is set to: 55000000
Total Output dimension 2048 is fine.
JOB_EXIT_STATUS = 10016
>>> info for dashboard:
***** Cat /data2/condor_local/execute/dir_24268/https_3a_2f_2fwms316.cern.ch_3a9000_2f8YwvvXW3K5wDE-rea3fO7A/jobreport.txt *****
MonitorJobID=22_https://wms316.cern.ch:9000/8YwvvXW3K5wDE-rea3fO7A
MonitorID=inaranjo_PFTauIdEff-V18-DYJetsToLL-madgraph-DR53X-Summer12_8xk43p
CrabUserCpuTime=
CrabSysCpuTime=
CrabCpuPercentage=
CrabWrapperTime=600
CrabStageoutTime=NULL
JobExitCode=10016
***** End Cat jobreport *****
Parameters sent to Dashboard.
crab_fjr_22.xml
