This script was generated by crab (version 2.8.8).
Running ./CMSSW.sh with 2 positional parameters: 232 2
Today is Wed Aug 14 19:59:07 CDT 2013
Job submitted on host g18n11.hep.wisc.edu
Linux g18n11.hep.wisc.edu 2.6.18-348.3.1.el5 #1 SMP Mon Mar 11 15:43:13 EDT 2013 x86_64 x86_64 x86_64 GNU/Linux
>>> current directory (RUNTIME_AREA): /scratch/condor/execute/dir_28968/https_3a_2f_2fwms316.cern.ch_3a9000_2f--wigccuvsyU3lhtyhNLig
>>> current user: uid=3349(osg_cmsuser2393) gid=622(osg_uscms01) groups=100(users),622(osg_uscms01) context=system_u:system_r:unconfined_execmem_t:s0
>>> directory permission set to 0700
>>> umask set to:  u=rwx,g=,o=
>>> stdout stderr permission set to 0704
>>> voms proxy information:
subject   : /O=GRID-FR/C=FR/O=CNRS/OU=LLR/CN=Ivo Naranjo/CN=proxy/CN=proxy/CN=limited proxy
issuer    : /O=GRID-FR/C=FR/O=CNRS/OU=LLR/CN=Ivo Naranjo/CN=proxy/CN=proxy
identity  : /O=GRID-FR/C=FR/O=CNRS/OU=LLR/CN=Ivo Naranjo/CN=proxy/CN=proxy
type      : limited proxy
strength  : 512 bits
path      : /var/condor/.execute-links/slot30/dir_28968/x509_user_proxy
timeleft  : 176:33:16
key usage : 
=== VO cms extension information ===
VO        : cms
subject   : /O=GRID-FR/C=FR/O=CNRS/OU=LLR/CN=Ivo Naranjo
issuer    : /DC=ch/DC=cern/OU=computers/CN=lcg-voms.cern.ch
attribute : /cms/Role=NULL/Capability=NULL
timeleft  : 176:33:22
uri       : lcg-voms.cern.ch:15002
>>> tar --no-same-permissions -xf /scratch/condor/execute/dir_28968/https_3a_2f_2fwms316.cern.ch_3a9000_2f--wigccuvsyU3lhtyhNLig/default.tgz :
Successful untar
>>> Include /scratch/condor/execute/dir_28968/https_3a_2f_2fwms316.cern.ch_3a9000_2f--wigccuvsyU3lhtyhNLig in PYTHONPATH:
strip arguments
env var CRAB_UNIQUE_JOB_ID set to: inaranjo_PFTauIdEff-V18-DYJetsToLL-madgraph-DR53X-Summer12_8xk43p_232_2_D9l
out_files_232
>>> list of expected files on output sandbox
output files: crab_fjr_232.xml CMSSW_232.stdout CMSSW_232.stderr Watchdog_232.log.gz
>>> GridFlavour discovery: 
source OSG GRID setup script
GridFlavour=OSG
>>> SyncSite discovery: 
not reporting SyncSite
>>> SyncCE discovery: 
getting SyncCE from OSG_JOB_CONTACT
SyncCE=cmsgrid02.hep.wisc.edu/jobmanager-condor
>>> info for dashboard:
***** Cat /scratch/condor/execute/dir_28968/https_3a_2f_2fwms316.cern.ch_3a9000_2f--wigccuvsyU3lhtyhNLig/jobreport.txt *****
MonitorJobID=232_https://wms316.cern.ch:9000/--wigccuvsyU3lhtyhNLig
SyncGridJobId=https://wms316.cern.ch:9000/--wigccuvsyU3lhtyhNLig
MonitorID=inaranjo_PFTauIdEff-V18-DYJetsToLL-madgraph-DR53X-Summer12_8xk43p
GridFlavour=OSG
SyncCE=cmsgrid02.hep.wisc.edu/jobmanager-condor
***** End Cat jobreport *****
Parameters sent to Dashboard.
>>> setup environment
set SCRAM ARCH to slc5_amd64_gcc462
SCRAM_ARCH = slc5_amd64_gcc462
>>> Created working directory: /var/condor/.execute-links/slot30/dir_28968/cms_uqHKeyK31623
Change to working directory: /var/condor/.execute-links/slot30/dir_28968/cms_uqHKeyK31623
>>> current directory (WORKING_DIR): /var/condor/.execute-links/slot30/dir_28968/cms_uqHKeyK31623
>>> setup CMS OSG environment:
set SCRAM ARCH to slc5_amd64_gcc462
SCRAM_ARCH = slc5_amd64_gcc462
OSG_APP is /cvmfs/cms.hep.wisc.edu/osg/app
sourcing /cvmfs/cms.hep.wisc.edu/osg/app/cmssoft/cms/cmsset_default.sh ...
==> setup cms environment ok
SCRAM_ARCH = slc5_amd64_gcc462
>>> specific cmssw setup environment:
CMSSW_VERSION =  CMSSW_5_3_11_patch3
>>> current directory (SOFTWARE_DIR): /var/condor/.execute-links/slot30/dir_28968/cms_uqHKeyK31623/CMSSW_5_3_11_patch3
PreserveSeeds: <>
IncrementSeeds:<>
{}
WNHostName=g18n11.hep.wisc.edu
>>> info for dashboard:
***** Cat /scratch/condor/execute/dir_28968/https_3a_2f_2fwms316.cern.ch_3a9000_2f--wigccuvsyU3lhtyhNLig/jobreport.txt *****
MonitorJobID=232_https://wms316.cern.ch:9000/--wigccuvsyU3lhtyhNLig
MonitorID=inaranjo_PFTauIdEff-V18-DYJetsToLL-madgraph-DR53X-Summer12_8xk43p
WNHostName=g18n11.hep.wisc.edu
***** End Cat jobreport *****
Parameters sent to Dashboard.
crabWatchdog started as process 31876
>>> moving CMSSW software directories in /var/condor/.execute-links/slot30/dir_28968/cms_uqHKeyK31623/CMSSW_5_3_11_patch3
mv: cannot stat `/scratch/condor/execute/dir_28968/https_3a_2f_2fwms316.cern.ch_3a9000_2f--wigccuvsyU3lhtyhNLig/module/': No such file or directory
>>> Include /scratch/condor/execute/dir_28968/https_3a_2f_2fwms316.cern.ch_3a9000_2f--wigccuvsyU3lhtyhNLig in PYTHONPATH:
PYTHONPATH=/scratch/condor/execute/dir_28968/https_3a_2f_2fwms316.cern.ch_3a9000_2f--wigccuvsyU3lhtyhNLig/:/scratch/condor/execute/dir_28968/cms_uqHKeyK31623/CMSSW_5_3_11_patch3/python:/scratch/condor/execute/dir_28968/cms_uqHKeyK31623/CMSSW_5_3_11_patch3/lib/slc5_amd64_gcc462:/cvmfs/cms.cern.ch/slc5_amd64_gcc462/cms/cmssw-patch/CMSSW_5_3_11_patch3/python:/cvmfs/cms.cern.ch/slc5_amd64_gcc462/cms/cmssw-patch/CMSSW_5_3_11_patch3/lib/slc5_amd64_gcc462:/cvmfs/cms.cern.ch/slc5_amd64_gcc462/cms/cmssw/CMSSW_5_3_11/bin/slc5_amd64_gcc462:/cvmfs/cms.cern.ch/slc5_amd64_gcc462/cms/cmssw/CMSSW_5_3_11/lib/slc5_amd64_gcc462:/cvmfs/cms.cern.ch/slc5_amd64_gcc462/cms/coral/CORAL_2_3_21-cms35/slc5_amd64_gcc462/python:/cvmfs/cms.cern.ch/slc5_amd64_gcc462/cms/coral/CORAL_2_3_21-cms35/slc5_amd64_gcc462/lib:/cvmfs/cms.cern.ch/slc5_amd64_gcc462/external/pyqt/4.8.1/lib/python2.6/site-packages:/cvmfs/cms.cern.ch/slc5_amd64_gcc462/external/py2-scipy/0.8.0/lib/python2.6/site-packages:/cvmfs/cms.cern.ch/slc5_amd64_gcc462/external/py2-matplotlib/1.0.1/lib/python2.6/site-packages:/cvmfs/cms.cern.ch/slc5_amd64_gcc462/external/python-ldap/2.3.5/lib/python2.6/site-packages:/cvmfs/cms.cern.ch/slc5_amd64_gcc462/external/sip/4.11.2/lib/python2.6/site-packages:/cvmfs/cms.cern.ch/slc5_amd64_gcc462/external/py2-pycurl/7.19.0/lib/python2.6/site-packages:/cvmfs/cms.cern.ch/slc5_amd64_gcc462/external/py2-numpy/1.6.1/lib/python2.6/site-packages:/cvmfs/cms.cern.ch/slc5_amd64_gcc462/external/py2-ipython/0.10/lib/python2.6/site-packages:/cvmfs/cms.cern.ch/slc5_amd64_gcc462/external/py2-cx-oracle/5.1-cms11/lib/python2.6/site-packages:/cvmfs/cms.cern.ch/slc5_amd64_gcc462/external/py2-cjson/1.0.5/lib/python2.6/site-packages:/cvmfs/cms.cern.ch/slc5_amd64_gcc462/cms/das-client/1.9.5/bin:/cvmfs/cms.cern.ch/slc5_amd64_gcc462/external/elementtree/1.2.6/share/lib/python2.6/site-packages:/cvmfs/cms.cern.ch/slc5_amd64_gcc462/external/rivet/1.8.2/lib/python2.6/site-packages:/cvmfs/cms.cern.ch/slc5_amd64_gcc462/external/pyminuit2/0.0.1-cms39/lib/python2.6/site-packages:/cvmfs/cms.cern.ch/slc5_amd64_gcc462/external/professor/1.0.0-cms40/lib/python2.6/site-packages:/cvmfs/cms.cern.ch/slc5_amd64_gcc462/lcg/root/5.32.00-cms21/lib:/cvmfs/cms.cern.ch/slc5_amd64_gcc462/cms/dbs-client/DBS_2_1_9-cms3/lib:/cvmfs/cms.cern.ch/slc5_amd64_gcc462/cms/dbs-client/DBS_2_1_9-cms3/lib/DBSAPI:/cvmfs/cms.cern.ch/slc5_amd64_gcc462/external/cvs2git/5419/lib:/scratch/condor/execute/dir_28968/https_3a_2f_2fwms316.cern.ch_3a9000_2f--wigccuvsyU3lhtyhNLig/
 
# LIMITS USED BY CRAB WATCHDOG:
# RSS  (KBytes)   : 2300000
# VSZ  (KBytes)   : 100000000
# DISK (MBytes)   : 19000
# CPU TIME        : 720h:0m:0s
# WALL CLOCK TIME : 21h:50m:0s
 
ad1530fd04abf2a74b3716344e50f888
PSETHASH = ad1530fd04abf2a74b3716344e50f888
/scratch/condor/execute/dir_28968/https_3a_2f_2fwms316.cern.ch_3a9000_2f--wigccuvsyU3lhtyhNLig/writeCfg.py pset.py pset.py
Importing .py file
Setting parameters
inputBlocks=/DYJetsToLL_M-50_TuneZ2Star_8TeV-madgraph-tarball/Summer12_DR53X-PU_S10_START53_V7A-v1/AODSIM#9f3619b0-d2dc-11e1-80c6-003048f02c8a
inputFiles=/store/mc/Summer12_DR53X/DYJetsToLL_M-50_TuneZ2Star_8TeV-madgraph-tarball/AODSIM/PU_S10_START53_V7A-v1/0000/0A191C6F-E6D2-E111-9BBD-001E67396A40.root;/store/mc/Summer12_DR53X/DYJetsToLL_M-50_TuneZ2Star_8TeV-madgraph-tarball/AODSIM/PU_S10_START53_V7A-v1/0000/8C2F016F-E6D2-E111-8CDA-001E67398110.root;/store/mc/Summer12_DR53X/DYJetsToLL_M-50_TuneZ2Star_8TeV-madgraph-tarball/AODSIM/PU_S10_START53_V7A-v1/0000/A445AF6F-E6D2-E111-9E84-002481E14F20.root;/store/mc/Summer12_DR53X/DYJetsToLL_M-50_TuneZ2Star_8TeV-madgraph-tarball/AODSIM/PU_S10_START53_V7A-v1/0001/847D9C38-09D3-E111-A541-001E67396A13.root;/store/mc/Summer12_DR53X/DYJetsToLL_M-50_TuneZ2Star_8TeV-madgraph-tarball/AODSIM/PU_S10_START53_V7A-v1/0001/186E36CE-09D3-E111-91B0-001E67398412.root;/store/mc/Summer12_DR53X/DYJetsToLL_M-50_TuneZ2Star_8TeV-madgraph-tarball/AODSIM/PU_S10_START53_V7A-v1/0001/74D21FCF-09D3-E111-BE38-003048D476AA.root;/store/mc/Summer12_DR53X/DYJetsToLL_M-50_TuneZ2Star_8TeV-madgraph-tarball/AODSIM/PU_S10_START53_V7A-v1/0000/B6405A64-F8D2-E111-92D5-001E6739702B.root;/store/mc/Summer12_DR53X/DYJetsToLL_M-50_TuneZ2Star_8TeV-madgraph-tarball/AODSIM/PU_S10_START53_V7A-v1/0000/2AD7A85B-F8D2-E111-9B95-0025B3E0645C.root
parentFiles=
lumisRange=
>>> Executable cmsRun
/cvmfs/cms.cern.ch/slc5_amd64_gcc462/cms/cmssw-patch/CMSSW_5_3_11_patch3/bin/slc5_amd64_gcc462/cmsRun
ok executable found
>>> info for dashboard:
***** Cat /scratch/condor/execute/dir_28968/https_3a_2f_2fwms316.cern.ch_3a9000_2f--wigccuvsyU3lhtyhNLig/jobreport.txt *****
MonitorJobID=232_https://wms316.cern.ch:9000/--wigccuvsyU3lhtyhNLig
MonitorID=inaranjo_PFTauIdEff-V18-DYJetsToLL-madgraph-DR53X-Summer12_8xk43p
ExeStart=cmsRun
***** End Cat jobreport *****
Parameters sent to Dashboard.
>>> cmsRun started at Thu Aug 15 00:59:32 UTC 2013
Terminated
>>> cmsRun ended at Thu Aug 15 22:49:44 UTC 2013
>>> crab_fjr_*.xml  permission set to 0704
>>> info for dashboard:
***** Cat /scratch/condor/execute/dir_28968/https_3a_2f_2fwms316.cern.ch_3a9000_2f--wigccuvsyU3lhtyhNLig/jobreport.txt *****
MonitorJobID=232_https://wms316.cern.ch:9000/--wigccuvsyU3lhtyhNLig
MonitorID=inaranjo_PFTauIdEff-V18-DYJetsToLL-madgraph-DR53X-Summer12_8xk43p
ExeEnd=cmsRun
***** End Cat jobreport *****
Parameters sent to Dashboard.
********** CRAB WRAPPER CMSSW.sh TERMINATED BY A KILL
********** KILL signal was issued by Crab Watchdog
********** because usage of resource WALL TIME was excessive
************** JOB EXIT CODE set to: 50664
Checking output files:  
will tar file crab_fjr_232.xml in  out_files_232
will tar file CMSSW_232.stdout in  out_files_232
will tar file CMSSW_232.stderr in  out_files_232
WARNING: output file Watchdog_232.log.gz not found!
>>> working dir = /var/condor/.execute-links/slot30/dir_28968/cms_uqHKeyK31623
>>> current directory (RUNTIME_AREA): /scratch/condor/execute/dir_28968/https_3a_2f_2fwms316.cern.ch_3a9000_2f--wigccuvsyU3lhtyhNLig
>>> Remove working directory: /var/condor/.execute-links/slot30/dir_28968/cms_uqHKeyK31623
>>> padding time: Wrapper lasting more than 600 seconds. No sleep required.
STOPPING WATCHDOG. CrabWatchdog PID is 31876
./CMSSW.sh: line 122: kill: (31876) - No such process
********** LAST 50 LINES OF WATCHDOG LOG
# TIME			PID	RSS(KB)	VSZ(KB)	Dsk(MB)	tCPU(s)	tWALL(s)	COMMAND
# TIME			PID	RSS(KB)	VSZ(KB)	Dsk(MB)	tCPU(s)	tWALL(s)	COMMAND
# TIME			PID	RSS(KB)	VSZ(KB)	Dsk(MB)	tCPU(s)	tWALL(s)	COMMAND
# TIME			PID	RSS(KB)	VSZ(KB)	Dsk(MB)	tCPU(s)	tWALL(s)	COMMAND
# TIME			PID	RSS(KB)	VSZ(KB)	Dsk(MB)	tCPU(s)	tWALL(s)	COMMAND
# TIME			PID	RSS(KB)	VSZ(KB)	Dsk(MB)	tCPU(s)	tWALL(s)	COMMAND
# TIME			PID	RSS(KB)	VSZ(KB)	Dsk(MB)	tCPU(s)	tWALL(s)	COMMAND
# TIME			PID	RSS(KB)	VSZ(KB)	Dsk(MB)	tCPU(s)	tWALL(s)	COMMAND
# TIME			PID	RSS(KB)	VSZ(KB)	Dsk(MB)	tCPU(s)	tWALL(s)	COMMAND
# TIME			PID	RSS(KB)	VSZ(KB)	Dsk(MB)	tCPU(s)	tWALL(s)	COMMAND
# TIME			PID	RSS(KB)	VSZ(KB)	Dsk(MB)	tCPU(s)	tWALL(s)	COMMAND
# TIME			PID	RSS(KB)	VSZ(KB)	Dsk(MB)	tCPU(s)	tWALL(s)	COMMAND
# TIME			PID	RSS(KB)	VSZ(KB)	Dsk(MB)	tCPU(s)	tWALL(s)	COMMAND
# TIME			PID	RSS(KB)	VSZ(KB)	Dsk(MB)	tCPU(s)	tWALL(s)	COMMAND
# TIME			PID	RSS(KB)	VSZ(KB)	Dsk(MB)	tCPU(s)	tWALL(s)	COMMAND
# TIME			PID	RSS(KB)	VSZ(KB)	Dsk(MB)	tCPU(s)	tWALL(s)	COMMAND
 Aug 15 06:27:21 CDT	---	734488	938928	61	----	----	----
 Aug 15 07:04:41 CDT	32419	734488	939952	61	38009	39920	cmsRun -j /scratch/condor/execute/dir_28968/https_3a_2f_2fwms316.cern.ch_3a9000_2f--wigccuvsyU3lhtyhNLig/crab_fjr_232.xml -p pset.py      
 Aug 15 07:06:42 CDT	32419	734488	942256	61	38013	40041	cmsRun -j /scratch/condor/execute/dir_28968/https_3a_2f_2fwms316.cern.ch_3a9000_2f--wigccuvsyU3lhtyhNLig/crab_fjr_232.xml -p pset.py      
 Aug 15 08:12:03 CDT	---	734488	942256	62	----	----	----
 Aug 15 09:48:29 CDT	---	734488	942256	63	----	----	----
 Aug 15 09:49:32 CDT	---	734488	942256	64	----	----	----
 Aug 15 11:19:50 CDT	32419	734488	944816	64	52804	55229	cmsRun -j /scratch/condor/execute/dir_28968/https_3a_2f_2fwms316.cern.ch_3a9000_2f--wigccuvsyU3lhtyhNLig/crab_fjr_232.xml -p pset.py      
 Aug 15 11:32:12 CDT	---	734488	944816	65	----	----	----
 Aug 15 13:14:34 CDT	---	734488	944816	66	----	----	----
 Aug 15 14:54:16 CDT	---	734488	944816	67	----	----	----
 Aug 15 14:55:18 CDT	---	734488	944816	68	----	----	----
 Aug 15 15:45:08 CDT	32419	734488	947888	68	68109	71147	cmsRun -j /scratch/condor/execute/dir_28968/https_3a_2f_2fwms316.cern.ch_3a9000_2f--wigccuvsyU3lhtyhNLig/crab_fjr_232.xml -p pset.py      
 Aug 15 16:43:13 CDT	---	734488	947888	69	----	----	----
 ********************************************************
 * JOB HIT PREDEFINED RESOURCE LIMIT ! PROCESSING HALTED
 *   WALL TIME value is 78618 while limit is 78600
 ********************************************************
send pkill TERM  to all CrabWrapper childs in this Process Tree
  PID TTY      STAT   TIME COMMAND
31428 ?        SN     0:00 /bin/sh /var/condor/.execute-links/slot30/dir_28968/_osg_wrapper/_osg_wrapper_exec 'UI=000000:NS=0000000004:WM=000006:BH=0000000000:JSS=000003:LM=000000:LRMS=000000:APP=000000:LBS=000000'
31432 ?        SN     0:00  \_ /usr/bin/time -p -o tmp.ZTKtJ31350 ./CMSSW.sh 232 2
31434 ?        SN     0:00      \_ /bin/sh ./CMSSW.sh 232 2
31876 ?        SN     0:14          \_ /bin/bash /scratch/condor/execute/dir_28968/https_3a_2f_2fwms316.cern.ch_3a9000_2f--wigccuvsyU3lhtyhNLig/crabWatchdog.sh
32417 ?        SN     0:00          \_ /usr/bin/time -f %U %S %P -o cpu_timing.txt cmsRun -j /scratch/condor/execute/dir_28968/https_3a_2f_2fwms316.cern.ch_3a9000_2f--wigccuvsyU3lhtyhNLig/crab_fjr_232.xml -p pset.py
32419 ?        RNl  1253:52              \_ cmsRun -j /scratch/condor/execute/dir_28968/https_3a_2f_2fwms316.cern.ch_3a9000_2f--wigccuvsyU3lhtyhNLig/crab_fjr_232.xml -p pset.py
 Sent TERM to: PID 32419 executing: cmsRun -j /scratch/condor/execute/dir_28968/https_3a_2f_2fwms316.cern.ch_3a9000_2f--wigccuvsyU3lhtyhNLig/crab_fjr_232.xml -p pset.py
 Sent TERM to: PID 32417 executing: /usr/bin/time -f %U %S %P -o cpu_timing.txt cmsRun -j /scratch/condor/execute/dir_28968/https_3a_2f_2fwms316.cern.ch_3a9000_2f--wigccuvsyU3lhtyhNLig/crab_fjr_232.xml -p pset.py
 Wait 30 sec to let processes close up ...
 Process 32419 is still there. Send KILL Did it die ? do a ps 32419
  PID TTY      STAT   TIME COMMAND
 Process 32419 gone at last
 OK. Process 32417 is gone
Finally gently signal CrabWrapper with USR2
Process cleanup completed, crabWatchdog.sh exiting
********** WATCHDOG LOG ENDED
ZIPPING WATCHDOG LOG
Disk space used:
du -sh /scratch/condor/execute/dir_28968/https_3a_2f_2fwms316.cern.ch_3a9000_2f--wigccuvsyU3lhtyhNLig
15M	/scratch/condor/execute/dir_28968/https_3a_2f_2fwms316.cern.ch_3a9000_2f--wigccuvsyU3lhtyhNLig
Found unusual stderr, rename for OSB
