This script was generated by crab (version 2.8.8).
Running ./CMSSW.sh with 2 positional parameters: 233 2
Today is Wed Aug 14 19:59:46 CDT 2013
Job submitted on host g18n06.hep.wisc.edu
Linux g18n06.hep.wisc.edu 2.6.18-348.3.1.el5 #1 SMP Mon Mar 11 15:43:13 EDT 2013 x86_64 x86_64 x86_64 GNU/Linux
>>> current directory (RUNTIME_AREA): /scratch/condor/execute/dir_29385/https_3a_2f_2fwms316.cern.ch_3a9000_2f3rcJjOrV6R7Kh7kHoHTBWw
>>> current user: uid=3349(osg_cmsuser2393) gid=622(osg_uscms01) groups=100(users),622(osg_uscms01) context=system_u:system_r:unconfined_execmem_t:s0
>>> directory permission set to 0700
>>> umask set to:  u=rwx,g=,o=
>>> stdout stderr permission set to 0704
>>> voms proxy information:
subject   : /O=GRID-FR/C=FR/O=CNRS/OU=LLR/CN=Ivo Naranjo/CN=proxy/CN=proxy/CN=limited proxy
issuer    : /O=GRID-FR/C=FR/O=CNRS/OU=LLR/CN=Ivo Naranjo/CN=proxy/CN=proxy
identity  : /O=GRID-FR/C=FR/O=CNRS/OU=LLR/CN=Ivo Naranjo/CN=proxy/CN=proxy
type      : limited proxy
strength  : 512 bits
path      : /var/condor/.execute-links/slot25/dir_29385/x509_user_proxy
timeleft  : 176:32:37
key usage : 
=== VO cms extension information ===
VO        : cms
subject   : /O=GRID-FR/C=FR/O=CNRS/OU=LLR/CN=Ivo Naranjo
issuer    : /DC=ch/DC=cern/OU=computers/CN=lcg-voms.cern.ch
attribute : /cms/Role=NULL/Capability=NULL
timeleft  : 176:32:43
uri       : lcg-voms.cern.ch:15002
>>> tar --no-same-permissions -xf /scratch/condor/execute/dir_29385/https_3a_2f_2fwms316.cern.ch_3a9000_2f3rcJjOrV6R7Kh7kHoHTBWw/default.tgz :
Successful untar
>>> Include /scratch/condor/execute/dir_29385/https_3a_2f_2fwms316.cern.ch_3a9000_2f3rcJjOrV6R7Kh7kHoHTBWw in PYTHONPATH:
strip arguments
env var CRAB_UNIQUE_JOB_ID set to: inaranjo_PFTauIdEff-V18-DYJetsToLL-madgraph-DR53X-Summer12_8xk43p_233_2_l9l
out_files_233
>>> list of expected files on output sandbox
output files: crab_fjr_233.xml CMSSW_233.stdout CMSSW_233.stderr Watchdog_233.log.gz
>>> GridFlavour discovery: 
source OSG GRID setup script
GridFlavour=OSG
>>> SyncSite discovery: 
not reporting SyncSite
>>> SyncCE discovery: 
getting SyncCE from OSG_JOB_CONTACT
SyncCE=cmsgrid02.hep.wisc.edu/jobmanager-condor
>>> info for dashboard:
***** Cat /scratch/condor/execute/dir_29385/https_3a_2f_2fwms316.cern.ch_3a9000_2f3rcJjOrV6R7Kh7kHoHTBWw/jobreport.txt *****
MonitorJobID=233_https://wms316.cern.ch:9000/3rcJjOrV6R7Kh7kHoHTBWw
SyncGridJobId=https://wms316.cern.ch:9000/3rcJjOrV6R7Kh7kHoHTBWw
MonitorID=inaranjo_PFTauIdEff-V18-DYJetsToLL-madgraph-DR53X-Summer12_8xk43p
GridFlavour=OSG
SyncCE=cmsgrid02.hep.wisc.edu/jobmanager-condor
***** End Cat jobreport *****
Parameters sent to Dashboard.
>>> setup environment
set SCRAM ARCH to slc5_amd64_gcc462
SCRAM_ARCH = slc5_amd64_gcc462
>>> Created working directory: /var/condor/.execute-links/slot25/dir_29385/cms_DMjJRjl32739
Change to working directory: /var/condor/.execute-links/slot25/dir_29385/cms_DMjJRjl32739
>>> current directory (WORKING_DIR): /var/condor/.execute-links/slot25/dir_29385/cms_DMjJRjl32739
>>> setup CMS OSG environment:
set SCRAM ARCH to slc5_amd64_gcc462
SCRAM_ARCH = slc5_amd64_gcc462
OSG_APP is /cvmfs/cms.hep.wisc.edu/osg/app
sourcing /cvmfs/cms.hep.wisc.edu/osg/app/cmssoft/cms/cmsset_default.sh ...
==> setup cms environment ok
SCRAM_ARCH = slc5_amd64_gcc462
>>> specific cmssw setup environment:
CMSSW_VERSION =  CMSSW_5_3_11_patch3
>>> current directory (SOFTWARE_DIR): /var/condor/.execute-links/slot25/dir_29385/cms_DMjJRjl32739/CMSSW_5_3_11_patch3
PreserveSeeds: <>
IncrementSeeds:<>
{}
WNHostName=g18n06.hep.wisc.edu
>>> info for dashboard:
***** Cat /scratch/condor/execute/dir_29385/https_3a_2f_2fwms316.cern.ch_3a9000_2f3rcJjOrV6R7Kh7kHoHTBWw/jobreport.txt *****
MonitorJobID=233_https://wms316.cern.ch:9000/3rcJjOrV6R7Kh7kHoHTBWw
MonitorID=inaranjo_PFTauIdEff-V18-DYJetsToLL-madgraph-DR53X-Summer12_8xk43p
WNHostName=g18n06.hep.wisc.edu
***** End Cat jobreport *****
Parameters sent to Dashboard.
crabWatchdog started as process 2206
>>> moving CMSSW software directories in /var/condor/.execute-links/slot25/dir_29385/cms_DMjJRjl32739/CMSSW_5_3_11_patch3
mv: cannot stat `/scratch/condor/execute/dir_29385/https_3a_2f_2fwms316.cern.ch_3a9000_2f3rcJjOrV6R7Kh7kHoHTBWw/module/': No such file or directory
>>> Include /scratch/condor/execute/dir_29385/https_3a_2f_2fwms316.cern.ch_3a9000_2f3rcJjOrV6R7Kh7kHoHTBWw in PYTHONPATH:
PYTHONPATH=/scratch/condor/execute/dir_29385/https_3a_2f_2fwms316.cern.ch_3a9000_2f3rcJjOrV6R7Kh7kHoHTBWw/:/scratch/condor/execute/dir_29385/cms_DMjJRjl32739/CMSSW_5_3_11_patch3/python:/scratch/condor/execute/dir_29385/cms_DMjJRjl32739/CMSSW_5_3_11_patch3/lib/slc5_amd64_gcc462:/cvmfs/cms.cern.ch/slc5_amd64_gcc462/cms/cmssw-patch/CMSSW_5_3_11_patch3/python:/cvmfs/cms.cern.ch/slc5_amd64_gcc462/cms/cmssw-patch/CMSSW_5_3_11_patch3/lib/slc5_amd64_gcc462:/cvmfs/cms.cern.ch/slc5_amd64_gcc462/cms/cmssw/CMSSW_5_3_11/bin/slc5_amd64_gcc462:/cvmfs/cms.cern.ch/slc5_amd64_gcc462/cms/cmssw/CMSSW_5_3_11/lib/slc5_amd64_gcc462:/cvmfs/cms.cern.ch/slc5_amd64_gcc462/cms/coral/CORAL_2_3_21-cms35/slc5_amd64_gcc462/python:/cvmfs/cms.cern.ch/slc5_amd64_gcc462/cms/coral/CORAL_2_3_21-cms35/slc5_amd64_gcc462/lib:/cvmfs/cms.cern.ch/slc5_amd64_gcc462/external/pyqt/4.8.1/lib/python2.6/site-packages:/cvmfs/cms.cern.ch/slc5_amd64_gcc462/external/py2-scipy/0.8.0/lib/python2.6/site-packages:/cvmfs/cms.cern.ch/slc5_amd64_gcc462/external/py2-matplotlib/1.0.1/lib/python2.6/site-packages:/cvmfs/cms.cern.ch/slc5_amd64_gcc462/external/python-ldap/2.3.5/lib/python2.6/site-packages:/cvmfs/cms.cern.ch/slc5_amd64_gcc462/external/sip/4.11.2/lib/python2.6/site-packages:/cvmfs/cms.cern.ch/slc5_amd64_gcc462/external/py2-pycurl/7.19.0/lib/python2.6/site-packages:/cvmfs/cms.cern.ch/slc5_amd64_gcc462/external/py2-numpy/1.6.1/lib/python2.6/site-packages:/cvmfs/cms.cern.ch/slc5_amd64_gcc462/external/py2-ipython/0.10/lib/python2.6/site-packages:/cvmfs/cms.cern.ch/slc5_amd64_gcc462/external/py2-cx-oracle/5.1-cms11/lib/python2.6/site-packages:/cvmfs/cms.cern.ch/slc5_amd64_gcc462/external/py2-cjson/1.0.5/lib/python2.6/site-packages:/cvmfs/cms.cern.ch/slc5_amd64_gcc462/cms/das-client/1.9.5/bin:/cvmfs/cms.cern.ch/slc5_amd64_gcc462/external/elementtree/1.2.6/share/lib/python2.6/site-packages:/cvmfs/cms.cern.ch/slc5_amd64_gcc462/external/rivet/1.8.2/lib/python2.6/site-packages:/cvmfs/cms.cern.ch/slc5_amd64_gcc462/external/pyminuit2/0.0.1-cms39/lib/python2.6/site-packages:/cvmfs/cms.cern.ch/slc5_amd64_gcc462/external/professor/1.0.0-cms40/lib/python2.6/site-packages:/cvmfs/cms.cern.ch/slc5_amd64_gcc462/lcg/root/5.32.00-cms21/lib:/cvmfs/cms.cern.ch/slc5_amd64_gcc462/cms/dbs-client/DBS_2_1_9-cms3/lib:/cvmfs/cms.cern.ch/slc5_amd64_gcc462/cms/dbs-client/DBS_2_1_9-cms3/lib/DBSAPI:/cvmfs/cms.cern.ch/slc5_amd64_gcc462/external/cvs2git/5419/lib:/scratch/condor/execute/dir_29385/https_3a_2f_2fwms316.cern.ch_3a9000_2f3rcJjOrV6R7Kh7kHoHTBWw/
 
# LIMITS USED BY CRAB WATCHDOG:
# RSS  (KBytes)   : 2300000
# VSZ  (KBytes)   : 100000000
# DISK (MBytes)   : 19000
# CPU TIME        : 720h:0m:0s
# WALL CLOCK TIME : 21h:50m:0s
 
ad1530fd04abf2a74b3716344e50f888
PSETHASH = ad1530fd04abf2a74b3716344e50f888
/scratch/condor/execute/dir_29385/https_3a_2f_2fwms316.cern.ch_3a9000_2f3rcJjOrV6R7Kh7kHoHTBWw/writeCfg.py pset.py pset.py
Importing .py file
Setting parameters
inputBlocks=/DYJetsToLL_M-50_TuneZ2Star_8TeV-madgraph-tarball/Summer12_DR53X-PU_S10_START53_V7A-v1/AODSIM#9f3619b0-d2dc-11e1-80c6-003048f02c8a
inputFiles=/store/mc/Summer12_DR53X/DYJetsToLL_M-50_TuneZ2Star_8TeV-madgraph-tarball/AODSIM/PU_S10_START53_V7A-v1/0000/2AD7A85B-F8D2-E111-9B95-0025B3E0645C.root;/store/mc/Summer12_DR53X/DYJetsToLL_M-50_TuneZ2Star_8TeV-madgraph-tarball/AODSIM/PU_S10_START53_V7A-v1/0000/AAEF3959-EAD2-E111-A6F8-003048D460AE.root;/store/mc/Summer12_DR53X/DYJetsToLL_M-50_TuneZ2Star_8TeV-madgraph-tarball/AODSIM/PU_S10_START53_V7A-v1/0000/D6D14259-ECD2-E111-9B9A-003048D477BA.root;/store/mc/Summer12_DR53X/DYJetsToLL_M-50_TuneZ2Star_8TeV-madgraph-tarball/AODSIM/PU_S10_START53_V7A-v1/0000/34A66A59-ECD2-E111-A76D-003048D46026.root;/store/mc/Summer12_DR53X/DYJetsToLL_M-50_TuneZ2Star_8TeV-madgraph-tarball/AODSIM/PU_S10_START53_V7A-v1/0000/CEB89AF4-ECD2-E111-B19D-0025B3E05CDA.root;/store/mc/Summer12_DR53X/DYJetsToLL_M-50_TuneZ2Star_8TeV-madgraph-tarball/AODSIM/PU_S10_START53_V7A-v1/0000/3E927BF7-ECD2-E111-9FAB-003048D476E2.root;/store/mc/Summer12_DR53X/DYJetsToLL_M-50_TuneZ2Star_8TeV-madgraph-tarball/AODSIM/PU_S10_START53_V7A-v1/0000/2CD723F9-ECD2-E111-A88A-001E67396A09.root;/store/mc/Summer12_DR53X/DYJetsToLL_M-50_TuneZ2Star_8TeV-madgraph-tarball/AODSIM/PU_S10_START53_V7A-v1/0000/0E8B07FD-ECD2-E111-BD9F-0025B31E3C24.root;/store/mc/Summer12_DR53X/DYJetsToLL_M-50_TuneZ2Star_8TeV-madgraph-tarball/AODSIM/PU_S10_START53_V7A-v1/0000/1EDED0F8-ECD2-E111-B9D2-003048D477A6.root
parentFiles=
lumisRange=
>>> Executable cmsRun
/cvmfs/cms.cern.ch/slc5_amd64_gcc462/cms/cmssw-patch/CMSSW_5_3_11_patch3/bin/slc5_amd64_gcc462/cmsRun
ok executable found
>>> info for dashboard:
***** Cat /scratch/condor/execute/dir_29385/https_3a_2f_2fwms316.cern.ch_3a9000_2f3rcJjOrV6R7Kh7kHoHTBWw/jobreport.txt *****
MonitorJobID=233_https://wms316.cern.ch:9000/3rcJjOrV6R7Kh7kHoHTBWw
MonitorID=inaranjo_PFTauIdEff-V18-DYJetsToLL-madgraph-DR53X-Summer12_8xk43p
ExeStart=cmsRun
***** End Cat jobreport *****
Parameters sent to Dashboard.
>>> cmsRun started at Thu Aug 15 01:00:34 UTC 2013
Terminated
>>> cmsRun ended at Thu Aug 15 22:50:18 UTC 2013
>>> crab_fjr_*.xml  permission set to 0704
>>> info for dashboard:
***** Cat /scratch/condor/execute/dir_29385/https_3a_2f_2fwms316.cern.ch_3a9000_2f3rcJjOrV6R7Kh7kHoHTBWw/jobreport.txt *****
MonitorJobID=233_https://wms316.cern.ch:9000/3rcJjOrV6R7Kh7kHoHTBWw
MonitorID=inaranjo_PFTauIdEff-V18-DYJetsToLL-madgraph-DR53X-Summer12_8xk43p
ExeEnd=cmsRun
***** End Cat jobreport *****
Parameters sent to Dashboard.
********** CRAB WRAPPER CMSSW.sh TERMINATED BY A KILL
********** KILL signal was issued by Crab Watchdog
********** because usage of resource WALL TIME was excessive
************** JOB EXIT CODE set to: 50664
Checking output files:  
will tar file crab_fjr_233.xml in  out_files_233
will tar file CMSSW_233.stdout in  out_files_233
will tar file CMSSW_233.stderr in  out_files_233
WARNING: output file Watchdog_233.log.gz not found!
>>> working dir = /var/condor/.execute-links/slot25/dir_29385/cms_DMjJRjl32739
>>> current directory (RUNTIME_AREA): /scratch/condor/execute/dir_29385/https_3a_2f_2fwms316.cern.ch_3a9000_2f3rcJjOrV6R7Kh7kHoHTBWw
>>> Remove working directory: /var/condor/.execute-links/slot25/dir_29385/cms_DMjJRjl32739
>>> padding time: Wrapper lasting more than 600 seconds. No sleep required.
STOPPING WATCHDOG. CrabWatchdog PID is 2206
./CMSSW.sh: line 122: kill: (2206) - No such process
********** LAST 50 LINES OF WATCHDOG LOG
# TIME			PID	RSS(KB)	VSZ(KB)	Dsk(MB)	tCPU(s)	tWALL(s)	COMMAND
# TIME			PID	RSS(KB)	VSZ(KB)	Dsk(MB)	tCPU(s)	tWALL(s)	COMMAND
# TIME			PID	RSS(KB)	VSZ(KB)	Dsk(MB)	tCPU(s)	tWALL(s)	COMMAND
# TIME			PID	RSS(KB)	VSZ(KB)	Dsk(MB)	tCPU(s)	tWALL(s)	COMMAND
# TIME			PID	RSS(KB)	VSZ(KB)	Dsk(MB)	tCPU(s)	tWALL(s)	COMMAND
# TIME			PID	RSS(KB)	VSZ(KB)	Dsk(MB)	tCPU(s)	tWALL(s)	COMMAND
# TIME			PID	RSS(KB)	VSZ(KB)	Dsk(MB)	tCPU(s)	tWALL(s)	COMMAND
# TIME			PID	RSS(KB)	VSZ(KB)	Dsk(MB)	tCPU(s)	tWALL(s)	COMMAND
# TIME			PID	RSS(KB)	VSZ(KB)	Dsk(MB)	tCPU(s)	tWALL(s)	COMMAND
# TIME			PID	RSS(KB)	VSZ(KB)	Dsk(MB)	tCPU(s)	tWALL(s)	COMMAND
# TIME			PID	RSS(KB)	VSZ(KB)	Dsk(MB)	tCPU(s)	tWALL(s)	COMMAND
# TIME			PID	RSS(KB)	VSZ(KB)	Dsk(MB)	tCPU(s)	tWALL(s)	COMMAND
# TIME			PID	RSS(KB)	VSZ(KB)	Dsk(MB)	tCPU(s)	tWALL(s)	COMMAND
# TIME			PID	RSS(KB)	VSZ(KB)	Dsk(MB)	tCPU(s)	tWALL(s)	COMMAND
# TIME			PID	RSS(KB)	VSZ(KB)	Dsk(MB)	tCPU(s)	tWALL(s)	COMMAND
# TIME			PID	RSS(KB)	VSZ(KB)	Dsk(MB)	tCPU(s)	tWALL(s)	COMMAND
# TIME			PID	RSS(KB)	VSZ(KB)	Dsk(MB)	tCPU(s)	tWALL(s)	COMMAND
 Aug 15 03:02:28 CDT	---	730204	931472	58	----	----	----
 Aug 15 04:40:17 CDT	---	730204	931472	60	----	----	----
 Aug 15 06:18:07 CDT	---	730204	931472	61	----	----	----
 Aug 15 06:51:24 CDT	3726	730204	936592	61	36892	39077	cmsRun -j /scratch/condor/execute/dir_29385/https_3a_2f_2fwms316.cern.ch_3a9000_2f3rcJjOrV6R7Kh7kHoHTBWw/crab_fjr_233.xml -p pset.py      
 Aug 15 07:59:57 CDT	---	730204	936592	62	----	----	----
 Aug 15 09:37:42 CDT	---	730204	936592	63	----	----	----
 Aug 15 09:38:45 CDT	---	730204	936592	64	----	----	----
 Aug 15 11:02:52 CDT	3726	730204	944016	64	51502	54165	cmsRun -j /scratch/condor/execute/dir_29385/https_3a_2f_2fwms316.cern.ch_3a9000_2f3rcJjOrV6R7Kh7kHoHTBWw/crab_fjr_233.xml -p pset.py      
 Aug 15 11:03:52 CDT	3726	730204	946320	64	51509	54226	cmsRun -j /scratch/condor/execute/dir_29385/https_3a_2f_2fwms316.cern.ch_3a9000_2f3rcJjOrV6R7Kh7kHoHTBWw/crab_fjr_233.xml -p pset.py      
 Aug 15 11:19:28 CDT	---	730204	946320	65	----	----	----
 Aug 15 12:57:18 CDT	---	730204	946320	66	----	----	----
 Aug 15 14:39:01 CDT	---	730204	946320	67	----	----	----
 Aug 15 14:40:04 CDT	---	730204	946320	68	----	----	----
 Aug 15 16:16:42 CDT	---	730204	946320	69	----	----	----
 ********************************************************
 * JOB HIT PREDEFINED RESOURCE LIMIT ! PROCESSING HALTED
 *   WALL TIME value is 78609 while limit is 78600
 ********************************************************
send pkill TERM  to all CrabWrapper childs in this Process Tree
  PID TTY      STAT   TIME COMMAND
32538 ?        SN     0:00 /bin/sh /var/condor/.execute-links/slot25/dir_29385/_osg_wrapper/_osg_wrapper_exec 'UI=000000:NS=0000000004:WM=000006:BH=0000000000:JSS=000003:LM=000000:LRMS=000000:APP=000000:LBS=000000'
32542 ?        SN     0:00  \_ /usr/bin/time -p -o tmp.EQMRS32514 ./CMSSW.sh 233 2
32543 ?        SN     0:00      \_ /bin/sh ./CMSSW.sh 233 2
 2206 ?        RN     0:14          \_ /bin/bash /scratch/condor/execute/dir_29385/https_3a_2f_2fwms316.cern.ch_3a9000_2f3rcJjOrV6R7Kh7kHoHTBWw/crabWatchdog.sh
 3725 ?        SN     0:00          \_ /usr/bin/time -f %U %S %P -o cpu_timing.txt cmsRun -j /scratch/condor/execute/dir_29385/https_3a_2f_2fwms316.cern.ch_3a9000_2f3rcJjOrV6R7Kh7kHoHTBWw/crab_fjr_233.xml -p pset.py
 3726 ?        RNl  1248:46              \_ cmsRun -j /scratch/condor/execute/dir_29385/https_3a_2f_2fwms316.cern.ch_3a9000_2f3rcJjOrV6R7Kh7kHoHTBWw/crab_fjr_233.xml -p pset.py
 Sent TERM to: PID 3726 executing: cmsRun -j /scratch/condor/execute/dir_29385/https_3a_2f_2fwms316.cern.ch_3a9000_2f3rcJjOrV6R7Kh7kHoHTBWw/crab_fjr_233.xml -p pset.py
 Sent TERM to: PID 3725 executing: /usr/bin/time -f %U %S %P -o cpu_timing.txt cmsRun -j /scratch/condor/execute/dir_29385/https_3a_2f_2fwms316.cern.ch_3a9000_2f3rcJjOrV6R7Kh7kHoHTBWw/crab_fjr_233.xml -p pset.py
 Wait 30 sec to let processes close up ...
 OK. Process 3726 is gone
 OK. Process 3725 is gone
Finally gently signal CrabWrapper with USR2
Process cleanup completed, crabWatchdog.sh exiting
********** WATCHDOG LOG ENDED
ZIPPING WATCHDOG LOG
Disk space used:
du -sh /scratch/condor/execute/dir_29385/https_3a_2f_2fwms316.cern.ch_3a9000_2f3rcJjOrV6R7Kh7kHoHTBWw
15M	/scratch/condor/execute/dir_29385/https_3a_2f_2fwms316.cern.ch_3a9000_2f3rcJjOrV6R7Kh7kHoHTBWw
Found unusual stderr, rename for OSB
