This script was generated by crab (version 2.8.8).
Running ./CMSSW.sh with 2 positional parameters: 39 2
Today is Wed Aug 14 19:58:35 CDT 2013
Job submitted on host g23n06.hep.wisc.edu
Linux g23n06.hep.wisc.edu 2.6.18-348.6.1.el5 #1 SMP Tue May 21 15:44:27 EDT 2013 x86_64 x86_64 x86_64 GNU/Linux
>>> current directory (RUNTIME_AREA): /var/condor/execute/dir_25454/https_3a_2f_2fwms316.cern.ch_3a9000_2fIKb61SWBIPnlBzFJba-gxQ
>>> current user: uid=3349(osg_cmsuser2393) gid=622(osg_uscms01) groups=100(users),622(osg_uscms01) context=system_u:system_r:unconfined_execmem_t:s0
>>> directory permission set to 0700
>>> umask set to:  u=rwx,g=,o=
>>> stdout stderr permission set to 0704
>>> voms proxy information:
subject   : /O=GRID-FR/C=FR/O=CNRS/OU=LLR/CN=Ivo Naranjo/CN=proxy/CN=proxy/CN=limited proxy
issuer    : /O=GRID-FR/C=FR/O=CNRS/OU=LLR/CN=Ivo Naranjo/CN=proxy/CN=proxy
identity  : /O=GRID-FR/C=FR/O=CNRS/OU=LLR/CN=Ivo Naranjo/CN=proxy/CN=proxy
type      : limited proxy
strength  : 512 bits
path      : /var/condor/.execute-links/slot12/dir_25454/x509_user_proxy
timeleft  : 176:33:48
key usage : 
=== VO cms extension information ===
VO        : cms
subject   : /O=GRID-FR/C=FR/O=CNRS/OU=LLR/CN=Ivo Naranjo
issuer    : /DC=ch/DC=cern/OU=computers/CN=lcg-voms.cern.ch
attribute : /cms/Role=NULL/Capability=NULL
timeleft  : 176:33:54
uri       : lcg-voms.cern.ch:15002
>>> tar --no-same-permissions -xf /var/condor/execute/dir_25454/https_3a_2f_2fwms316.cern.ch_3a9000_2fIKb61SWBIPnlBzFJba-gxQ/default.tgz :
Successful untar
>>> Include /var/condor/execute/dir_25454/https_3a_2f_2fwms316.cern.ch_3a9000_2fIKb61SWBIPnlBzFJba-gxQ in PYTHONPATH:
strip arguments
env var CRAB_UNIQUE_JOB_ID set to: inaranjo_PFTauIdEff-V18-DYJetsToLL-madgraph-DR53X-Summer12_8xk43p_39_2_Tft
out_files_39
>>> list of expected files on output sandbox
output files: crab_fjr_39.xml CMSSW_39.stdout CMSSW_39.stderr Watchdog_39.log.gz
>>> GridFlavour discovery: 
source OSG GRID setup script
GridFlavour=OSG
>>> SyncSite discovery: 
not reporting SyncSite
>>> SyncCE discovery: 
getting SyncCE from OSG_JOB_CONTACT
SyncCE=cmsgrid02.hep.wisc.edu/jobmanager-condor
>>> info for dashboard:
***** Cat /var/condor/execute/dir_25454/https_3a_2f_2fwms316.cern.ch_3a9000_2fIKb61SWBIPnlBzFJba-gxQ/jobreport.txt *****
MonitorJobID=39_https://wms316.cern.ch:9000/IKb61SWBIPnlBzFJba-gxQ
SyncGridJobId=https://wms316.cern.ch:9000/IKb61SWBIPnlBzFJba-gxQ
MonitorID=inaranjo_PFTauIdEff-V18-DYJetsToLL-madgraph-DR53X-Summer12_8xk43p
GridFlavour=OSG
SyncCE=cmsgrid02.hep.wisc.edu/jobmanager-condor
***** End Cat jobreport *****
Parameters sent to Dashboard.
>>> setup environment
set SCRAM ARCH to slc5_amd64_gcc462
SCRAM_ARCH = slc5_amd64_gcc462
>>> Created working directory: /var/condor/.execute-links/slot12/dir_25454/cms_UoJJFwX26946
Change to working directory: /var/condor/.execute-links/slot12/dir_25454/cms_UoJJFwX26946
>>> current directory (WORKING_DIR): /var/condor/.execute-links/slot12/dir_25454/cms_UoJJFwX26946
>>> setup CMS OSG environment:
set SCRAM ARCH to slc5_amd64_gcc462
SCRAM_ARCH = slc5_amd64_gcc462
OSG_APP is /cvmfs/cms.hep.wisc.edu/osg/app
sourcing /cvmfs/cms.hep.wisc.edu/osg/app/cmssoft/cms/cmsset_default.sh ...
==> setup cms environment ok
SCRAM_ARCH = slc5_amd64_gcc462
>>> specific cmssw setup environment:
CMSSW_VERSION =  CMSSW_5_3_11_patch3
>>> current directory (SOFTWARE_DIR): /var/condor/.execute-links/slot12/dir_25454/cms_UoJJFwX26946/CMSSW_5_3_11_patch3
PreserveSeeds: <>
IncrementSeeds:<>
{}
WNHostName=g23n06.hep.wisc.edu
>>> info for dashboard:
***** Cat /var/condor/execute/dir_25454/https_3a_2f_2fwms316.cern.ch_3a9000_2fIKb61SWBIPnlBzFJba-gxQ/jobreport.txt *****
MonitorJobID=39_https://wms316.cern.ch:9000/IKb61SWBIPnlBzFJba-gxQ
MonitorID=inaranjo_PFTauIdEff-V18-DYJetsToLL-madgraph-DR53X-Summer12_8xk43p
WNHostName=g23n06.hep.wisc.edu
***** End Cat jobreport *****
Parameters sent to Dashboard.
crabWatchdog started as process 27893
>>> moving CMSSW software directories in /var/condor/.execute-links/slot12/dir_25454/cms_UoJJFwX26946/CMSSW_5_3_11_patch3
mv: cannot stat `/var/condor/execute/dir_25454/https_3a_2f_2fwms316.cern.ch_3a9000_2fIKb61SWBIPnlBzFJba-gxQ/module/': No such file or directory
>>> Include /var/condor/execute/dir_25454/https_3a_2f_2fwms316.cern.ch_3a9000_2fIKb61SWBIPnlBzFJba-gxQ in PYTHONPATH:
PYTHONPATH=/var/condor/execute/dir_25454/https_3a_2f_2fwms316.cern.ch_3a9000_2fIKb61SWBIPnlBzFJba-gxQ/:/var/condor/execute/dir_25454/cms_UoJJFwX26946/CMSSW_5_3_11_patch3/python:/var/condor/execute/dir_25454/cms_UoJJFwX26946/CMSSW_5_3_11_patch3/lib/slc5_amd64_gcc462:/cvmfs/cms.cern.ch/slc5_amd64_gcc462/cms/cmssw-patch/CMSSW_5_3_11_patch3/python:/cvmfs/cms.cern.ch/slc5_amd64_gcc462/cms/cmssw-patch/CMSSW_5_3_11_patch3/lib/slc5_amd64_gcc462:/cvmfs/cms.cern.ch/slc5_amd64_gcc462/cms/cmssw/CMSSW_5_3_11/bin/slc5_amd64_gcc462:/cvmfs/cms.cern.ch/slc5_amd64_gcc462/cms/cmssw/CMSSW_5_3_11/lib/slc5_amd64_gcc462:/cvmfs/cms.cern.ch/slc5_amd64_gcc462/cms/coral/CORAL_2_3_21-cms35/slc5_amd64_gcc462/python:/cvmfs/cms.cern.ch/slc5_amd64_gcc462/cms/coral/CORAL_2_3_21-cms35/slc5_amd64_gcc462/lib:/cvmfs/cms.cern.ch/slc5_amd64_gcc462/external/pyqt/4.8.1/lib/python2.6/site-packages:/cvmfs/cms.cern.ch/slc5_amd64_gcc462/external/py2-scipy/0.8.0/lib/python2.6/site-packages:/cvmfs/cms.cern.ch/slc5_amd64_gcc462/external/py2-matplotlib/1.0.1/lib/python2.6/site-packages:/cvmfs/cms.cern.ch/slc5_amd64_gcc462/external/python-ldap/2.3.5/lib/python2.6/site-packages:/cvmfs/cms.cern.ch/slc5_amd64_gcc462/external/sip/4.11.2/lib/python2.6/site-packages:/cvmfs/cms.cern.ch/slc5_amd64_gcc462/external/py2-pycurl/7.19.0/lib/python2.6/site-packages:/cvmfs/cms.cern.ch/slc5_amd64_gcc462/external/py2-numpy/1.6.1/lib/python2.6/site-packages:/cvmfs/cms.cern.ch/slc5_amd64_gcc462/external/py2-ipython/0.10/lib/python2.6/site-packages:/cvmfs/cms.cern.ch/slc5_amd64_gcc462/external/py2-cx-oracle/5.1-cms11/lib/python2.6/site-packages:/cvmfs/cms.cern.ch/slc5_amd64_gcc462/external/py2-cjson/1.0.5/lib/python2.6/site-packages:/cvmfs/cms.cern.ch/slc5_amd64_gcc462/cms/das-client/1.9.5/bin:/cvmfs/cms.cern.ch/slc5_amd64_gcc462/external/elementtree/1.2.6/share/lib/python2.6/site-packages:/cvmfs/cms.cern.ch/slc5_amd64_gcc462/external/rivet/1.8.2/lib/python2.6/site-packages:/cvmfs/cms.cern.ch/slc5_amd64_gcc462/external/pyminuit2/0.0.1-cms39/lib/python2.6/site-packages:/cvmfs/cms.cern.ch/slc5_amd64_gcc462/external/professor/1.0.0-cms40/lib/python2.6/site-packages:/cvmfs/cms.cern.ch/slc5_amd64_gcc462/lcg/root/5.32.00-cms21/lib:/cvmfs/cms.cern.ch/slc5_amd64_gcc462/cms/dbs-client/DBS_2_1_9-cms3/lib:/cvmfs/cms.cern.ch/slc5_amd64_gcc462/cms/dbs-client/DBS_2_1_9-cms3/lib/DBSAPI:/cvmfs/cms.cern.ch/slc5_amd64_gcc462/external/cvs2git/5419/lib:/var/condor/execute/dir_25454/https_3a_2f_2fwms316.cern.ch_3a9000_2fIKb61SWBIPnlBzFJba-gxQ/
 
# LIMITS USED BY CRAB WATCHDOG:
# RSS  (KBytes)   : 2300000
# VSZ  (KBytes)   : 100000000
# DISK (MBytes)   : 19000
# CPU TIME        : 720h:0m:0s
# WALL CLOCK TIME : 21h:50m:0s
 
ad1530fd04abf2a74b3716344e50f888
PSETHASH = ad1530fd04abf2a74b3716344e50f888
/var/condor/execute/dir_25454/https_3a_2f_2fwms316.cern.ch_3a9000_2fIKb61SWBIPnlBzFJba-gxQ/writeCfg.py pset.py pset.py
Importing .py file
Setting parameters
inputBlocks=/DYJetsToLL_M-50_TuneZ2Star_8TeV-madgraph-tarball/Summer12_DR53X-PU_S10_START53_V7A-v1/AODSIM#f01c8ea8-d3c8-11e1-80c6-003048f02c8a
inputFiles=/store/mc/Summer12_DR53X/DYJetsToLL_M-50_TuneZ2Star_8TeV-madgraph-tarball/AODSIM/PU_S10_START53_V7A-v1/0002/9A4B1767-11D4-E111-BB16-0025B31E3330.root;/store/mc/Summer12_DR53X/DYJetsToLL_M-50_TuneZ2Star_8TeV-madgraph-tarball/AODSIM/PU_S10_START53_V7A-v1/0002/5078DA6B-11D4-E111-A3F2-002481E14F5C.root;/store/mc/Summer12_DR53X/DYJetsToLL_M-50_TuneZ2Star_8TeV-madgraph-tarball/AODSIM/PU_S10_START53_V7A-v1/0002/2428D2DB-25D4-E111-867B-003048D45FC8.root;/store/mc/Summer12_DR53X/DYJetsToLL_M-50_TuneZ2Star_8TeV-madgraph-tarball/AODSIM/PU_S10_START53_V7A-v1/0002/A47DA9DE-25D4-E111-A8E4-003048D47A2E.root;/store/mc/Summer12_DR53X/DYJetsToLL_M-50_TuneZ2Star_8TeV-madgraph-tarball/AODSIM/PU_S10_START53_V7A-v1/0002/F24B13E5-25D4-E111-B04C-001E6739665D.root;/store/mc/Summer12_DR53X/DYJetsToLL_M-50_TuneZ2Star_8TeV-madgraph-tarball/AODSIM/PU_S10_START53_V7A-v1/0002/06155976-26D4-E111-A54C-001E67396D6F.root;/store/mc/Summer12_DR53X/DYJetsToLL_M-50_TuneZ2Star_8TeV-madgraph-tarball/AODSIM/PU_S10_START53_V7A-v1/0002/9E98FC7A-26D4-E111-A2A8-003048D47752.root;/store/mc/Summer12_DR53X/DYJetsToLL_M-50_TuneZ2Star_8TeV-madgraph-tarball/AODSIM/PU_S10_START53_V7A-v1/0002/AA76051E-27D4-E111-A66C-0025B31E3CC6.root
parentFiles=
lumisRange=
>>> Executable cmsRun
/cvmfs/cms.cern.ch/slc5_amd64_gcc462/cms/cmssw-patch/CMSSW_5_3_11_patch3/bin/slc5_amd64_gcc462/cmsRun
ok executable found
>>> info for dashboard:
***** Cat /var/condor/execute/dir_25454/https_3a_2f_2fwms316.cern.ch_3a9000_2fIKb61SWBIPnlBzFJba-gxQ/jobreport.txt *****
MonitorJobID=39_https://wms316.cern.ch:9000/IKb61SWBIPnlBzFJba-gxQ
MonitorID=inaranjo_PFTauIdEff-V18-DYJetsToLL-madgraph-DR53X-Summer12_8xk43p
ExeStart=cmsRun
***** End Cat jobreport *****
Parameters sent to Dashboard.
>>> cmsRun started at Thu Aug 15 00:59:02 UTC 2013
Terminated
>>> cmsRun ended at Thu Aug 15 22:49:02 UTC 2013
>>> crab_fjr_*.xml  permission set to 0704
>>> info for dashboard:
***** Cat /var/condor/execute/dir_25454/https_3a_2f_2fwms316.cern.ch_3a9000_2fIKb61SWBIPnlBzFJba-gxQ/jobreport.txt *****
MonitorJobID=39_https://wms316.cern.ch:9000/IKb61SWBIPnlBzFJba-gxQ
MonitorID=inaranjo_PFTauIdEff-V18-DYJetsToLL-madgraph-DR53X-Summer12_8xk43p
ExeEnd=cmsRun
***** End Cat jobreport *****
Parameters sent to Dashboard.
********** CRAB WRAPPER CMSSW.sh TERMINATED BY A KILL
********** KILL signal was issued by Crab Watchdog
********** because usage of resource WALL TIME was excessive
************** JOB EXIT CODE set to: 50664
Checking output files:  
will tar file crab_fjr_39.xml in  out_files_39
will tar file CMSSW_39.stdout in  out_files_39
will tar file CMSSW_39.stderr in  out_files_39
WARNING: output file Watchdog_39.log.gz not found!
>>> working dir = /var/condor/.execute-links/slot12/dir_25454/cms_UoJJFwX26946
>>> current directory (RUNTIME_AREA): /var/condor/execute/dir_25454/https_3a_2f_2fwms316.cern.ch_3a9000_2fIKb61SWBIPnlBzFJba-gxQ
>>> Remove working directory: /var/condor/.execute-links/slot12/dir_25454/cms_UoJJFwX26946
>>> padding time: Wrapper lasting more than 600 seconds. No sleep required.
STOPPING WATCHDOG. CrabWatchdog PID is 27893
./CMSSW.sh: line 122: kill: (27893) - No such process
********** LAST 50 LINES OF WATCHDOG LOG
 Aug 14 22:14:18 CDT	28665	626652	835736	54	7311	8127	cmsRun -j /var/condor/execute/dir_25454/https_3a_2f_2fwms316.cern.ch_3a9000_2fIKb61SWBIPnlBzFJba-gxQ/crab_fjr_39.xml -p pset.py      
 Aug 14 22:16:23 CDT	28665	627176	835736	54	7434	8252	cmsRun -j /var/condor/execute/dir_25454/https_3a_2f_2fwms316.cern.ch_3a9000_2fIKb61SWBIPnlBzFJba-gxQ/crab_fjr_39.xml -p pset.py      
 Aug 14 22:19:31 CDT	28665	627328	835736	54	7617	8440	cmsRun -j /var/condor/execute/dir_25454/https_3a_2f_2fwms316.cern.ch_3a9000_2fIKb61SWBIPnlBzFJba-gxQ/crab_fjr_39.xml -p pset.py      
 Aug 14 22:59:07 CDT	28665	629848	838808	54	9945	10816	cmsRun -j /var/condor/execute/dir_25454/https_3a_2f_2fwms316.cern.ch_3a9000_2fIKb61SWBIPnlBzFJba-gxQ/crab_fjr_39.xml -p pset.py      
 Aug 14 23:20:59 CDT	28665	629928	838808	54	11238	12128	cmsRun -j /var/condor/execute/dir_25454/https_3a_2f_2fwms316.cern.ch_3a9000_2fIKb61SWBIPnlBzFJba-gxQ/crab_fjr_39.xml -p pset.py      
 Aug 14 23:41:49 CDT	---	629928	838808	56	----	----	----
 Aug 15 00:02:42 CDT	28665	629928	839064	56	13701	14631	cmsRun -j /var/condor/execute/dir_25454/https_3a_2f_2fwms316.cern.ch_3a9000_2fIKb61SWBIPnlBzFJba-gxQ/crab_fjr_39.xml -p pset.py      
 Aug 15 00:38:11 CDT	28665	630260	839064	56	15795	16760	cmsRun -j /var/condor/execute/dir_25454/https_3a_2f_2fwms316.cern.ch_3a9000_2fIKb61SWBIPnlBzFJba-gxQ/crab_fjr_39.xml -p pset.py      
 Aug 15 00:39:14 CDT	28665	630260	896712	56	15800	16821	cmsRun -j /var/condor/execute/dir_25454/https_3a_2f_2fwms316.cern.ch_3a9000_2fIKb61SWBIPnlBzFJba-gxQ/crab_fjr_39.xml -p pset.py      
# TIME			PID	RSS(KB)	VSZ(KB)	Dsk(MB)	tCPU(s)	tWALL(s)	COMMAND
 Aug 15 00:40:14 CDT	28665	633240	923800	56	15802	16881	cmsRun -j /var/condor/execute/dir_25454/https_3a_2f_2fwms316.cern.ch_3a9000_2fIKb61SWBIPnlBzFJba-gxQ/crab_fjr_39.xml -p pset.py      
 Aug 15 00:41:15 CDT	28665	729500	923800	56	15808	16942	cmsRun -j /var/condor/execute/dir_25454/https_3a_2f_2fwms316.cern.ch_3a9000_2fIKb61SWBIPnlBzFJba-gxQ/crab_fjr_39.xml -p pset.py      
 Aug 15 00:42:15 CDT	28665	729500	926104	56	15815	17003	cmsRun -j /var/condor/execute/dir_25454/https_3a_2f_2fwms316.cern.ch_3a9000_2fIKb61SWBIPnlBzFJba-gxQ/crab_fjr_39.xml -p pset.py      
 Aug 15 01:33:27 CDT	---	729500	926104	57	----	----	----
 Aug 15 03:16:44 CDT	---	729500	926104	58	----	----	----
 Aug 15 05:02:04 CDT	---	729500	926104	59	----	----	----
 Aug 15 05:03:07 CDT	---	729500	926104	60	----	----	----
 Aug 15 05:05:12 CDT	28665	729500	930968	60	31247	32780	cmsRun -j /var/condor/execute/dir_25454/https_3a_2f_2fwms316.cern.ch_3a9000_2fIKb61SWBIPnlBzFJba-gxQ/crab_fjr_39.xml -p pset.py      
 Aug 15 05:08:14 CDT	28665	729500	933272	60	31258	32961	cmsRun -j /var/condor/execute/dir_25454/https_3a_2f_2fwms316.cern.ch_3a9000_2fIKb61SWBIPnlBzFJba-gxQ/crab_fjr_39.xml -p pset.py      
 Aug 15 06:53:43 CDT	---	729500	933272	61	----	----	----
 Aug 15 08:36:58 CDT	---	729500	933272	62	----	----	----
 Aug 15 09:28:05 CDT	---	729500	933272	63	----	----	----
 Aug 15 10:24:23 CDT	---	729500	933272	64	----	----	----
 Aug 15 12:06:37 CDT	---	729500	933272	65	----	----	----
 Aug 15 13:49:02 CDT	---	729500	933272	66	----	----	----
 Aug 15 14:03:41 CDT	28665	729500	935832	66	62480	65089	cmsRun -j /var/condor/execute/dir_25454/https_3a_2f_2fwms316.cern.ch_3a9000_2fIKb61SWBIPnlBzFJba-gxQ/crab_fjr_39.xml -p pset.py      
 Aug 15 14:08:43 CDT	28665	730984	935832	66	62490	65391	cmsRun -j /var/condor/execute/dir_25454/https_3a_2f_2fwms316.cern.ch_3a9000_2fIKb61SWBIPnlBzFJba-gxQ/crab_fjr_39.xml -p pset.py      
 Aug 15 14:14:46 CDT	28665	730984	936088	66	62493	65754	cmsRun -j /var/condor/execute/dir_25454/https_3a_2f_2fwms316.cern.ch_3a9000_2fIKb61SWBIPnlBzFJba-gxQ/crab_fjr_39.xml -p pset.py      
 Aug 15 14:21:52 CDT	---	730984	936088	67	----	----	----
 Aug 15 15:50:50 CDT	---	730984	936088	68	----	----	----
 Aug 15 17:34:19 CDT	---	730984	936088	69	----	----	----
 ********************************************************
 * JOB HIT PREDEFINED RESOURCE LIMIT ! PROCESSING HALTED
 *   WALL TIME value is 78607 while limit is 78600
 ********************************************************
send pkill TERM  to all CrabWrapper childs in this Process Tree
  PID TTY      STAT   TIME COMMAND
26646 ?        SN     0:00 /bin/sh /var/condor/.execute-links/slot12/dir_25454/_osg_wrapper/_osg_wrapper_exec 'UI=000000:NS=0000000004:WM=000006:BH=0000000000:JSS=000003:LM=000000:LRMS=000000:APP=000000:LBS=000000'
26650 ?        SN     0:00  \_ /usr/bin/time -p -o tmp.oRdFP26505 ./CMSSW.sh 39 2
26651 ?        SN     0:00      \_ /bin/sh ./CMSSW.sh 39 2
27893 ?        SN     0:13          \_ /bin/bash /var/condor/execute/dir_25454/https_3a_2f_2fwms316.cern.ch_3a9000_2fIKb61SWBIPnlBzFJba-gxQ/crabWatchdog.sh
28664 ?        SN     0:00          \_ /usr/bin/time -f %U %S %P -o cpu_timing.txt cmsRun -j /var/condor/execute/dir_25454/https_3a_2f_2fwms316.cern.ch_3a9000_2fIKb61SWBIPnlBzFJba-gxQ/crab_fjr_39.xml -p pset.py
28665 ?        RNl  1246:44              \_ cmsRun -j /var/condor/execute/dir_25454/https_3a_2f_2fwms316.cern.ch_3a9000_2fIKb61SWBIPnlBzFJba-gxQ/crab_fjr_39.xml -p pset.py
 Sent TERM to: PID 28665 executing: cmsRun -j /var/condor/execute/dir_25454/https_3a_2f_2fwms316.cern.ch_3a9000_2fIKb61SWBIPnlBzFJba-gxQ/crab_fjr_39.xml -p pset.py
 Sent TERM to: PID 28664 executing: /usr/bin/time -f %U %S %P -o cpu_timing.txt cmsRun -j /var/condor/execute/dir_25454/https_3a_2f_2fwms316.cern.ch_3a9000_2fIKb61SWBIPnlBzFJba-gxQ/crab_fjr_39.xml -p pset.py
 Wait 30 sec to let processes close up ...
 OK. Process 28665 is gone
 OK. Process 28664 is gone
Finally gently signal CrabWrapper with USR2
Process cleanup completed, crabWatchdog.sh exiting
********** WATCHDOG LOG ENDED
ZIPPING WATCHDOG LOG
Disk space used:
du -sh /var/condor/execute/dir_25454/https_3a_2f_2fwms316.cern.ch_3a9000_2fIKb61SWBIPnlBzFJba-gxQ
15M	/var/condor/execute/dir_25454/https_3a_2f_2fwms316.cern.ch_3a9000_2fIKb61SWBIPnlBzFJba-gxQ
Found unusual stderr, rename for OSB
`/var/condor/execute/dir_25454/https_3a_2f_2fwms316.cern.ch_3a9000_2fIKb61SWBIPnlBzFJba-gxQ/CMSSW_39.stdout' -> `CMSSW_39.stderr'
crab_fjr_39.xml
CMSSW_39.stdout
CMSSW_39.stderr
Watchdog_39.log.gz
Total Output dimension: 6789
WARNING: output files size limit is set to: 55000000
Total Output dimension 6789 is fine.
JOB_EXIT_STATUS = 50664
>>> info for dashboard:
***** Cat /var/condor/execute/dir_25454/https_3a_2f_2fwms316.cern.ch_3a9000_2fIKb61SWBIPnlBzFJba-gxQ/jobreport.txt *****
MonitorJobID=39_https://wms316.cern.ch:9000/IKb61SWBIPnlBzFJba-gxQ
MonitorID=inaranjo_PFTauIdEff-V18-DYJetsToLL-madgraph-DR53X-Summer12_8xk43p
ExeEnd=cmsRun
CrabUserCpuTime=
CrabSysCpuTime=
CrabCpuPercentage=
CrabWrapperTime=78693
CrabStageoutTime=NULL
JobExitCode=50664
***** End Cat jobreport *****
Parameters sent to Dashboard.
crab_fjr_39.xml
