This script was generated by crab (version 2.8.8).
Running ./CMSSW.sh with 2 positional parameters: 179 2
Today is Wed Aug 14 19:58:37 CDT 2013
Job submitted on host g18n17.hep.wisc.edu
Linux g18n17.hep.wisc.edu 2.6.18-348.12.1.el5 #1 SMP Wed Jul 10 00:42:59 EDT 2013 x86_64 x86_64 x86_64 GNU/Linux
>>> current directory (RUNTIME_AREA): /var/condor/execute/dir_24622/https_3a_2f_2fwms316.cern.ch_3a9000_2f64XCe3bS7yolzQiVp7autg
>>> current user: uid=3349(osg_cmsuser2393) gid=622(osg_uscms01) groups=100(users),622(osg_uscms01) context=system_u:system_r:unconfined_execmem_t:s0
>>> directory permission set to 0700
>>> umask set to:  u=rwx,g=,o=
>>> stdout stderr permission set to 0704
>>> voms proxy information:
subject   : /O=GRID-FR/C=FR/O=CNRS/OU=LLR/CN=Ivo Naranjo/CN=proxy/CN=proxy/CN=limited proxy
issuer    : /O=GRID-FR/C=FR/O=CNRS/OU=LLR/CN=Ivo Naranjo/CN=proxy/CN=proxy
identity  : /O=GRID-FR/C=FR/O=CNRS/OU=LLR/CN=Ivo Naranjo/CN=proxy/CN=proxy
type      : limited proxy
strength  : 512 bits
path      : /var/condor/.execute-links/slot19/dir_24622/x509_user_proxy
timeleft  : 176:33:46
key usage : 
=== VO cms extension information ===
VO        : cms
subject   : /O=GRID-FR/C=FR/O=CNRS/OU=LLR/CN=Ivo Naranjo
issuer    : /DC=ch/DC=cern/OU=computers/CN=lcg-voms.cern.ch
attribute : /cms/Role=NULL/Capability=NULL
timeleft  : 176:33:52
uri       : lcg-voms.cern.ch:15002
>>> tar --no-same-permissions -xf /var/condor/execute/dir_24622/https_3a_2f_2fwms316.cern.ch_3a9000_2f64XCe3bS7yolzQiVp7autg/default.tgz :
Successful untar
>>> Include /var/condor/execute/dir_24622/https_3a_2f_2fwms316.cern.ch_3a9000_2f64XCe3bS7yolzQiVp7autg in PYTHONPATH:
strip arguments
env var CRAB_UNIQUE_JOB_ID set to: inaranjo_PFTauIdEff-V18-DYJetsToLL-madgraph-DR53X-Summer12_8xk43p_179_2_zL8
out_files_179
>>> list of expected files on output sandbox
output files: crab_fjr_179.xml CMSSW_179.stdout CMSSW_179.stderr Watchdog_179.log.gz
>>> GridFlavour discovery: 
source OSG GRID setup script
GridFlavour=OSG
>>> SyncSite discovery: 
not reporting SyncSite
>>> SyncCE discovery: 
getting SyncCE from OSG_JOB_CONTACT
SyncCE=cmsgrid02.hep.wisc.edu/jobmanager-condor
>>> info for dashboard:
***** Cat /var/condor/execute/dir_24622/https_3a_2f_2fwms316.cern.ch_3a9000_2f64XCe3bS7yolzQiVp7autg/jobreport.txt *****
MonitorJobID=179_https://wms316.cern.ch:9000/64XCe3bS7yolzQiVp7autg
SyncGridJobId=https://wms316.cern.ch:9000/64XCe3bS7yolzQiVp7autg
MonitorID=inaranjo_PFTauIdEff-V18-DYJetsToLL-madgraph-DR53X-Summer12_8xk43p
GridFlavour=OSG
SyncCE=cmsgrid02.hep.wisc.edu/jobmanager-condor
***** End Cat jobreport *****
Parameters sent to Dashboard.
>>> setup environment
set SCRAM ARCH to slc5_amd64_gcc462
SCRAM_ARCH = slc5_amd64_gcc462
>>> Created working directory: /var/condor/.execute-links/slot19/dir_24622/cms_ZlYoYcD25940
Change to working directory: /var/condor/.execute-links/slot19/dir_24622/cms_ZlYoYcD25940
>>> current directory (WORKING_DIR): /var/condor/.execute-links/slot19/dir_24622/cms_ZlYoYcD25940
>>> setup CMS OSG environment:
set SCRAM ARCH to slc5_amd64_gcc462
SCRAM_ARCH = slc5_amd64_gcc462
OSG_APP is /cvmfs/cms.hep.wisc.edu/osg/app
sourcing /cvmfs/cms.hep.wisc.edu/osg/app/cmssoft/cms/cmsset_default.sh ...
==> setup cms environment ok
SCRAM_ARCH = slc5_amd64_gcc462
>>> specific cmssw setup environment:
CMSSW_VERSION =  CMSSW_5_3_11_patch3
>>> current directory (SOFTWARE_DIR): /var/condor/.execute-links/slot19/dir_24622/cms_ZlYoYcD25940/CMSSW_5_3_11_patch3
PreserveSeeds: <>
IncrementSeeds:<>
{}
WNHostName=g18n17.hep.wisc.edu
>>> info for dashboard:
***** Cat /var/condor/execute/dir_24622/https_3a_2f_2fwms316.cern.ch_3a9000_2f64XCe3bS7yolzQiVp7autg/jobreport.txt *****
MonitorJobID=179_https://wms316.cern.ch:9000/64XCe3bS7yolzQiVp7autg
MonitorID=inaranjo_PFTauIdEff-V18-DYJetsToLL-madgraph-DR53X-Summer12_8xk43p
WNHostName=g18n17.hep.wisc.edu
***** End Cat jobreport *****
Parameters sent to Dashboard.
crabWatchdog started as process 26128
>>> moving CMSSW software directories in /var/condor/.execute-links/slot19/dir_24622/cms_ZlYoYcD25940/CMSSW_5_3_11_patch3
mv: cannot stat `/var/condor/execute/dir_24622/https_3a_2f_2fwms316.cern.ch_3a9000_2f64XCe3bS7yolzQiVp7autg/module/': No such file or directory
>>> Include /var/condor/execute/dir_24622/https_3a_2f_2fwms316.cern.ch_3a9000_2f64XCe3bS7yolzQiVp7autg in PYTHONPATH:
PYTHONPATH=/var/condor/execute/dir_24622/https_3a_2f_2fwms316.cern.ch_3a9000_2f64XCe3bS7yolzQiVp7autg/:/var/condor/execute/dir_24622/cms_ZlYoYcD25940/CMSSW_5_3_11_patch3/python:/var/condor/execute/dir_24622/cms_ZlYoYcD25940/CMSSW_5_3_11_patch3/lib/slc5_amd64_gcc462:/cvmfs/cms.cern.ch/slc5_amd64_gcc462/cms/cmssw-patch/CMSSW_5_3_11_patch3/python:/cvmfs/cms.cern.ch/slc5_amd64_gcc462/cms/cmssw-patch/CMSSW_5_3_11_patch3/lib/slc5_amd64_gcc462:/cvmfs/cms.cern.ch/slc5_amd64_gcc462/cms/cmssw/CMSSW_5_3_11/bin/slc5_amd64_gcc462:/cvmfs/cms.cern.ch/slc5_amd64_gcc462/cms/cmssw/CMSSW_5_3_11/lib/slc5_amd64_gcc462:/cvmfs/cms.cern.ch/slc5_amd64_gcc462/cms/coral/CORAL_2_3_21-cms35/slc5_amd64_gcc462/python:/cvmfs/cms.cern.ch/slc5_amd64_gcc462/cms/coral/CORAL_2_3_21-cms35/slc5_amd64_gcc462/lib:/cvmfs/cms.cern.ch/slc5_amd64_gcc462/external/pyqt/4.8.1/lib/python2.6/site-packages:/cvmfs/cms.cern.ch/slc5_amd64_gcc462/external/py2-scipy/0.8.0/lib/python2.6/site-packages:/cvmfs/cms.cern.ch/slc5_amd64_gcc462/external/py2-matplotlib/1.0.1/lib/python2.6/site-packages:/cvmfs/cms.cern.ch/slc5_amd64_gcc462/external/python-ldap/2.3.5/lib/python2.6/site-packages:/cvmfs/cms.cern.ch/slc5_amd64_gcc462/external/sip/4.11.2/lib/python2.6/site-packages:/cvmfs/cms.cern.ch/slc5_amd64_gcc462/external/py2-pycurl/7.19.0/lib/python2.6/site-packages:/cvmfs/cms.cern.ch/slc5_amd64_gcc462/external/py2-numpy/1.6.1/lib/python2.6/site-packages:/cvmfs/cms.cern.ch/slc5_amd64_gcc462/external/py2-ipython/0.10/lib/python2.6/site-packages:/cvmfs/cms.cern.ch/slc5_amd64_gcc462/external/py2-cx-oracle/5.1-cms11/lib/python2.6/site-packages:/cvmfs/cms.cern.ch/slc5_amd64_gcc462/external/py2-cjson/1.0.5/lib/python2.6/site-packages:/cvmfs/cms.cern.ch/slc5_amd64_gcc462/cms/das-client/1.9.5/bin:/cvmfs/cms.cern.ch/slc5_amd64_gcc462/external/elementtree/1.2.6/share/lib/python2.6/site-packages:/cvmfs/cms.cern.ch/slc5_amd64_gcc462/external/rivet/1.8.2/lib/python2.6/site-packages:/cvmfs/cms.cern.ch/slc5_amd64_gcc462/external/pyminuit2/0.0.1-cms39/lib/python2.6/site-packages:/cvmfs/cms.cern.ch/slc5_amd64_gcc462/external/professor/1.0.0-cms40/lib/python2.6/site-packages:/cvmfs/cms.cern.ch/slc5_amd64_gcc462/lcg/root/5.32.00-cms21/lib:/cvmfs/cms.cern.ch/slc5_amd64_gcc462/cms/dbs-client/DBS_2_1_9-cms3/lib:/cvmfs/cms.cern.ch/slc5_amd64_gcc462/cms/dbs-client/DBS_2_1_9-cms3/lib/DBSAPI:/cvmfs/cms.cern.ch/slc5_amd64_gcc462/external/cvs2git/5419/lib:/var/condor/execute/dir_24622/https_3a_2f_2fwms316.cern.ch_3a9000_2f64XCe3bS7yolzQiVp7autg/
 
# LIMITS USED BY CRAB WATCHDOG:
# RSS  (KBytes)   : 2300000
# VSZ  (KBytes)   : 100000000
# DISK (MBytes)   : 19000
# CPU TIME        : 720h:0m:0s
# WALL CLOCK TIME : 21h:50m:0s
 
ad1530fd04abf2a74b3716344e50f888
PSETHASH = ad1530fd04abf2a74b3716344e50f888
/var/condor/execute/dir_24622/https_3a_2f_2fwms316.cern.ch_3a9000_2f64XCe3bS7yolzQiVp7autg/writeCfg.py pset.py pset.py
Importing .py file
Setting parameters
inputBlocks=/DYJetsToLL_M-50_TuneZ2Star_8TeV-madgraph-tarball/Summer12_DR53X-PU_S10_START53_V7A-v1/AODSIM#32e717f2-d352-11e1-80c6-003048f02c8a
inputFiles=/store/mc/Summer12_DR53X/DYJetsToLL_M-50_TuneZ2Star_8TeV-madgraph-tarball/AODSIM/PU_S10_START53_V7A-v1/0001/42232C5A-8AD3-E111-80FC-003048D45FD2.root;/store/mc/Summer12_DR53X/DYJetsToLL_M-50_TuneZ2Star_8TeV-madgraph-tarball/AODSIM/PU_S10_START53_V7A-v1/0001/DAA69208-50D3-E111-8D12-001E67397747.root;/store/mc/Summer12_DR53X/DYJetsToLL_M-50_TuneZ2Star_8TeV-madgraph-tarball/AODSIM/PU_S10_START53_V7A-v1/0001/6E8F460A-50D3-E111-98C2-00304866C51E.root;/store/mc/Summer12_DR53X/DYJetsToLL_M-50_TuneZ2Star_8TeV-madgraph-tarball/AODSIM/PU_S10_START53_V7A-v1/0001/2A1DDA59-50D3-E111-B2B4-003048D45F6A.root;/store/mc/Summer12_DR53X/DYJetsToLL_M-50_TuneZ2Star_8TeV-madgraph-tarball/AODSIM/PU_S10_START53_V7A-v1/0001/10B88C58-50D3-E111-9246-001E67396D51.root;/store/mc/Summer12_DR53X/DYJetsToLL_M-50_TuneZ2Star_8TeV-madgraph-tarball/AODSIM/PU_S10_START53_V7A-v1/0001/C4F5AB5B-50D3-E111-B822-0025B3E05D40.root;/store/mc/Summer12_DR53X/DYJetsToLL_M-50_TuneZ2Star_8TeV-madgraph-tarball/AODSIM/PU_S10_START53_V7A-v1/0001/62D24AF6-50D3-E111-A897-003048D46236.root;/store/mc/Summer12_DR53X/DYJetsToLL_M-50_TuneZ2Star_8TeV-madgraph-tarball/AODSIM/PU_S10_START53_V7A-v1/0001/1ED46F2C-A1D3-E111-8216-0025B3E0650E.root;/store/mc/Summer12_DR53X/DYJetsToLL_M-50_TuneZ2Star_8TeV-madgraph-tarball/AODSIM/PU_S10_START53_V7A-v1/0001/54986E2E-A1D3-E111-AD35-0025B31E3D32.root
parentFiles=
lumisRange=
>>> Executable cmsRun
/cvmfs/cms.cern.ch/slc5_amd64_gcc462/cms/cmssw-patch/CMSSW_5_3_11_patch3/bin/slc5_amd64_gcc462/cmsRun
ok executable found
>>> info for dashboard:
***** Cat /var/condor/execute/dir_24622/https_3a_2f_2fwms316.cern.ch_3a9000_2f64XCe3bS7yolzQiVp7autg/jobreport.txt *****
MonitorJobID=179_https://wms316.cern.ch:9000/64XCe3bS7yolzQiVp7autg
MonitorID=inaranjo_PFTauIdEff-V18-DYJetsToLL-madgraph-DR53X-Summer12_8xk43p
ExeStart=cmsRun
***** End Cat jobreport *****
Parameters sent to Dashboard.
>>> cmsRun started at Thu Aug 15 00:58:48 UTC 2013
Terminated
>>> cmsRun ended at Thu Aug 15 22:49:22 UTC 2013
>>> crab_fjr_*.xml  permission set to 0704
>>> info for dashboard:
***** Cat /var/condor/execute/dir_24622/https_3a_2f_2fwms316.cern.ch_3a9000_2f64XCe3bS7yolzQiVp7autg/jobreport.txt *****
MonitorJobID=179_https://wms316.cern.ch:9000/64XCe3bS7yolzQiVp7autg
MonitorID=inaranjo_PFTauIdEff-V18-DYJetsToLL-madgraph-DR53X-Summer12_8xk43p
ExeEnd=cmsRun
***** End Cat jobreport *****
Parameters sent to Dashboard.
********** CRAB WRAPPER CMSSW.sh TERMINATED BY A KILL
********** KILL signal was issued by Crab Watchdog
********** because usage of resource WALL TIME was excessive
************** JOB EXIT CODE set to: 50664
Checking output files:  
will tar file crab_fjr_179.xml in  out_files_179
will tar file CMSSW_179.stdout in  out_files_179
will tar file CMSSW_179.stderr in  out_files_179
WARNING: output file Watchdog_179.log.gz not found!
>>> working dir = /var/condor/.execute-links/slot19/dir_24622/cms_ZlYoYcD25940
>>> current directory (RUNTIME_AREA): /var/condor/execute/dir_24622/https_3a_2f_2fwms316.cern.ch_3a9000_2f64XCe3bS7yolzQiVp7autg
>>> Remove working directory: /var/condor/.execute-links/slot19/dir_24622/cms_ZlYoYcD25940
>>> padding time: Wrapper lasting more than 600 seconds. No sleep required.
STOPPING WATCHDOG. CrabWatchdog PID is 26128
./CMSSW.sh: line 122: kill: (26128) - No such process
********** LAST 50 LINES OF WATCHDOG LOG
# TIME			PID	RSS(KB)	VSZ(KB)	Dsk(MB)	tCPU(s)	tWALL(s)	COMMAND
# TIME			PID	RSS(KB)	VSZ(KB)	Dsk(MB)	tCPU(s)	tWALL(s)	COMMAND
# TIME			PID	RSS(KB)	VSZ(KB)	Dsk(MB)	tCPU(s)	tWALL(s)	COMMAND
# TIME			PID	RSS(KB)	VSZ(KB)	Dsk(MB)	tCPU(s)	tWALL(s)	COMMAND
# TIME			PID	RSS(KB)	VSZ(KB)	Dsk(MB)	tCPU(s)	tWALL(s)	COMMAND
# TIME			PID	RSS(KB)	VSZ(KB)	Dsk(MB)	tCPU(s)	tWALL(s)	COMMAND
# TIME			PID	RSS(KB)	VSZ(KB)	Dsk(MB)	tCPU(s)	tWALL(s)	COMMAND
# TIME			PID	RSS(KB)	VSZ(KB)	Dsk(MB)	tCPU(s)	tWALL(s)	COMMAND
# TIME			PID	RSS(KB)	VSZ(KB)	Dsk(MB)	tCPU(s)	tWALL(s)	COMMAND
# TIME			PID	RSS(KB)	VSZ(KB)	Dsk(MB)	tCPU(s)	tWALL(s)	COMMAND
# TIME			PID	RSS(KB)	VSZ(KB)	Dsk(MB)	tCPU(s)	tWALL(s)	COMMAND
# TIME			PID	RSS(KB)	VSZ(KB)	Dsk(MB)	tCPU(s)	tWALL(s)	COMMAND
# TIME			PID	RSS(KB)	VSZ(KB)	Dsk(MB)	tCPU(s)	tWALL(s)	COMMAND
# TIME			PID	RSS(KB)	VSZ(KB)	Dsk(MB)	tCPU(s)	tWALL(s)	COMMAND
# TIME			PID	RSS(KB)	VSZ(KB)	Dsk(MB)	tCPU(s)	tWALL(s)	COMMAND
# TIME			PID	RSS(KB)	VSZ(KB)	Dsk(MB)	tCPU(s)	tWALL(s)	COMMAND
# TIME			PID	RSS(KB)	VSZ(KB)	Dsk(MB)	tCPU(s)	tWALL(s)	COMMAND
# TIME			PID	RSS(KB)	VSZ(KB)	Dsk(MB)	tCPU(s)	tWALL(s)	COMMAND
# TIME			PID	RSS(KB)	VSZ(KB)	Dsk(MB)	tCPU(s)	tWALL(s)	COMMAND
# TIME			PID	RSS(KB)	VSZ(KB)	Dsk(MB)	tCPU(s)	tWALL(s)	COMMAND
# TIME			PID	RSS(KB)	VSZ(KB)	Dsk(MB)	tCPU(s)	tWALL(s)	COMMAND
# TIME			PID	RSS(KB)	VSZ(KB)	Dsk(MB)	tCPU(s)	tWALL(s)	COMMAND
# TIME			PID	RSS(KB)	VSZ(KB)	Dsk(MB)	tCPU(s)	tWALL(s)	COMMAND
# TIME			PID	RSS(KB)	VSZ(KB)	Dsk(MB)	tCPU(s)	tWALL(s)	COMMAND
# TIME			PID	RSS(KB)	VSZ(KB)	Dsk(MB)	tCPU(s)	tWALL(s)	COMMAND
# TIME			PID	RSS(KB)	VSZ(KB)	Dsk(MB)	tCPU(s)	tWALL(s)	COMMAND
# TIME			PID	RSS(KB)	VSZ(KB)	Dsk(MB)	tCPU(s)	tWALL(s)	COMMAND
# TIME			PID	RSS(KB)	VSZ(KB)	Dsk(MB)	tCPU(s)	tWALL(s)	COMMAND
 Aug 15 14:12:07 CDT	26569	737636	948384	67	63450	65606	cmsRun -j /var/condor/execute/dir_24622/https_3a_2f_2fwms316.cern.ch_3a9000_2f64XCe3bS7yolzQiVp7autg/crab_fjr_179.xml -p pset.py      
 Aug 15 15:34:58 CDT	---	737636	948384	68	----	----	----
 Aug 15 17:18:03 CDT	---	737636	948384	69	----	----	----
 ********************************************************
 * JOB HIT PREDEFINED RESOURCE LIMIT ! PROCESSING HALTED
 *   WALL TIME value is 78638 while limit is 78600
 ********************************************************
send pkill TERM  to all CrabWrapper childs in this Process Tree
  PID TTY      STAT   TIME COMMAND
25907 ?        SN     0:00 /bin/sh /var/condor/.execute-links/slot19/dir_24622/_osg_wrapper/_osg_wrapper_exec 'UI=000000:NS=0000000004:WM=000006:BH=0000000000:JSS=000003:LM=000000:LRMS=000000:APP=000000:LBS=000000'
25911 ?        SN     0:00  \_ /usr/bin/time -p -o tmp.LZsmW25874 ./CMSSW.sh 179 2
25912 ?        SN     0:00      \_ /bin/sh ./CMSSW.sh 179 2
26128 ?        SN     0:13          \_ /bin/bash /var/condor/execute/dir_24622/https_3a_2f_2fwms316.cern.ch_3a9000_2f64XCe3bS7yolzQiVp7autg/crabWatchdog.sh
26568 ?        SN     0:00          \_ /usr/bin/time -f %U %S %P -o cpu_timing.txt cmsRun -j /var/condor/execute/dir_24622/https_3a_2f_2fwms316.cern.ch_3a9000_2f64XCe3bS7yolzQiVp7autg/crab_fjr_179.xml -p pset.py
26569 ?        RNl  1262:32              \_ cmsRun -j /var/condor/execute/dir_24622/https_3a_2f_2fwms316.cern.ch_3a9000_2f64XCe3bS7yolzQiVp7autg/crab_fjr_179.xml -p pset.py
 Sent TERM to: PID 26569 executing: cmsRun -j /var/condor/execute/dir_24622/https_3a_2f_2fwms316.cern.ch_3a9000_2f64XCe3bS7yolzQiVp7autg/crab_fjr_179.xml -p pset.py
 Sent TERM to: PID 26568 executing: /usr/bin/time -f %U %S %P -o cpu_timing.txt cmsRun -j /var/condor/execute/dir_24622/https_3a_2f_2fwms316.cern.ch_3a9000_2f64XCe3bS7yolzQiVp7autg/crab_fjr_179.xml -p pset.py
 Wait 30 sec to let processes close up ...
 OK. Process 26569 is gone
 OK. Process 26568 is gone
Finally gently signal CrabWrapper with USR2
Process cleanup completed, crabWatchdog.sh exiting
********** WATCHDOG LOG ENDED
ZIPPING WATCHDOG LOG
Disk space used:
du -sh /var/condor/execute/dir_24622/https_3a_2f_2fwms316.cern.ch_3a9000_2f64XCe3bS7yolzQiVp7autg
15M	/var/condor/execute/dir_24622/https_3a_2f_2fwms316.cern.ch_3a9000_2f64XCe3bS7yolzQiVp7autg
Found unusual stderr, rename for OSB
