This script was generated by crab (version 2.8.8).
Running ./CMSSW.sh with 2 positional parameters: 255 2
Today is Wed Aug 14 23:28:42 PDT 2013
Job submitted on host cabinet-6-6-9.t2.ucsd.edu
Linux cabinet-6-6-9.t2.ucsd.edu 2.6.32-279.22.1.el6.x86_64 #1 SMP Wed Feb 6 03:10:46 UTC 2013 x86_64 x86_64 x86_64 GNU/Linux
>>> current directory (RUNTIME_AREA): /data2/condor_local/execute/dir_30074/https_3a_2f_2fwms316.cern.ch_3a9000_2fyN2NxBbi4tCyyEgRyUA08Q
>>> current user: uid=36078(cuser32) gid=36078(cuser32) groups=36078(cuser32)
>>> directory permission set to 0700
>>> umask set to:  u=rwx,g=,o=
>>> stdout stderr permission set to 0704
>>> voms proxy information:
subject   : /O=GRID-FR/C=FR/O=CNRS/OU=LLR/CN=Ivo Naranjo/CN=proxy/CN=proxy/CN=limited proxy/CN=limited proxy
issuer    : /O=GRID-FR/C=FR/O=CNRS/OU=LLR/CN=Ivo Naranjo/CN=proxy/CN=proxy/CN=limited proxy
identity  : /O=GRID-FR/C=FR/O=CNRS/OU=LLR/CN=Ivo Naranjo/CN=proxy/CN=proxy/CN=limited proxy
type      : limited proxy
strength  : 512 bits
path      : /data2/condor_local/execute/dir_30074/x509_user_proxy
timeleft  : 23:59:34
key usage : 
=== VO cms extension information ===
VO        : cms
subject   : /O=GRID-FR/C=FR/O=CNRS/OU=LLR/CN=Ivo Naranjo
issuer    : /DC=ch/DC=cern/OU=computers/CN=lcg-voms.cern.ch
attribute : /cms/Role=NULL/Capability=NULL
timeleft  : 171:03:47
uri       : lcg-voms.cern.ch:15002
>>> tar --no-same-permissions -xf /data2/condor_local/execute/dir_30074/https_3a_2f_2fwms316.cern.ch_3a9000_2fyN2NxBbi4tCyyEgRyUA08Q/default.tgz :
Successful untar
>>> Include /data2/condor_local/execute/dir_30074/https_3a_2f_2fwms316.cern.ch_3a9000_2fyN2NxBbi4tCyyEgRyUA08Q in PYTHONPATH:
strip arguments
env var CRAB_UNIQUE_JOB_ID set to: inaranjo_PFTauIdEff-V18-DYJetsToLL-madgraph-DR53X-Summer12_8xk43p_255_2_2eq
out_files_255
>>> list of expected files on output sandbox
output files: crab_fjr_255.xml CMSSW_255.stdout CMSSW_255.stderr Watchdog_255.log.gz
>>> GridFlavour discovery: 
source OSG GRID setup script
GridFlavour=OSG
>>> SyncSite discovery: 
not reporting SyncSite
>>> SyncCE discovery: 
getting SyncCE from OSG_JOB_CONTACT
SyncCE=osg-gw-7.t2.ucsd.edu/jobmanager-condor
>>> info for dashboard:
***** Cat /data2/condor_local/execute/dir_30074/https_3a_2f_2fwms316.cern.ch_3a9000_2fyN2NxBbi4tCyyEgRyUA08Q/jobreport.txt *****
MonitorJobID=255_https://wms316.cern.ch:9000/yN2NxBbi4tCyyEgRyUA08Q
SyncGridJobId=https://wms316.cern.ch:9000/yN2NxBbi4tCyyEgRyUA08Q
MonitorID=inaranjo_PFTauIdEff-V18-DYJetsToLL-madgraph-DR53X-Summer12_8xk43p
GridFlavour=OSG
SyncCE=osg-gw-7.t2.ucsd.edu/jobmanager-condor
***** End Cat jobreport *****
Parameters sent to Dashboard.
>>> setup environment
set SCRAM ARCH to slc5_amd64_gcc462
SCRAM_ARCH = slc5_amd64_gcc462
/bin/mktemp: failed to create directory via template `$_CONDOR_SCRATCH_DIR/cms_XXXXXXXXXXXX': No such file or directory
ERROR ==> OSG  could not be created on WN cabinet-6-6-9.t2.ucsd.edu
Checking output files:  
will tar file crab_fjr_255.xml in  out_files_255
will tar file CMSSW_255.stdout in  out_files_255
will tar file CMSSW_255.stderr in  out_files_255
WARNING: output file Watchdog_255.log.gz not found!
>>> padding time: Sleeping the wrapper for 598 seconds
STOPPING WATCHDOG. CrabWatchdog PID is 
kill: usage: kill [-s sigspec | -n signum | -sigspec] pid | jobspec ... or kill -l [sigspec]
********** LAST 50 LINES OF WATCHDOG LOG
tail: cannot open `Watchdog_255.log' for reading: No such file or directory
********** WATCHDOG LOG ENDED
ZIPPING WATCHDOG LOG
gzip: Watchdog_255.log: No such file or directory
Disk space used:
du -sh /data2/condor_local/execute/dir_30074/https_3a_2f_2fwms316.cern.ch_3a9000_2fyN2NxBbi4tCyyEgRyUA08Q
59M	/data2/condor_local/execute/dir_30074/https_3a_2f_2fwms316.cern.ch_3a9000_2fyN2NxBbi4tCyyEgRyUA08Q
Found unusual stderr, rename for OSB
