This script was generated by crab (version 2.8.8).
Running ./CMSSW.sh with 2 positional parameters: 231 2
Today is Wed Aug 14 19:58:56 CDT 2013
Job submitted on host g18n11.hep.wisc.edu
Linux g18n11.hep.wisc.edu 2.6.18-348.3.1.el5 #1 SMP Mon Mar 11 15:43:13 EDT 2013 x86_64 x86_64 x86_64 GNU/Linux
>>> current directory (RUNTIME_AREA): /scratch/condor/execute/dir_28964/https_3a_2f_2fwms316.cern.ch_3a9000_2f35I6bQUbBv3t8dadKlJskA
>>> current user: uid=3349(osg_cmsuser2393) gid=622(osg_uscms01) groups=100(users),622(osg_uscms01) context=system_u:system_r:unconfined_execmem_t:s0
>>> directory permission set to 0700
>>> umask set to:  u=rwx,g=,o=
>>> stdout stderr permission set to 0704
>>> voms proxy information:
subject   : /O=GRID-FR/C=FR/O=CNRS/OU=LLR/CN=Ivo Naranjo/CN=proxy/CN=proxy/CN=limited proxy
issuer    : /O=GRID-FR/C=FR/O=CNRS/OU=LLR/CN=Ivo Naranjo/CN=proxy/CN=proxy
identity  : /O=GRID-FR/C=FR/O=CNRS/OU=LLR/CN=Ivo Naranjo/CN=proxy/CN=proxy
type      : limited proxy
strength  : 512 bits
path      : /var/condor/.execute-links/slot24/dir_28964/x509_user_proxy
timeleft  : 176:33:27
key usage : 
=== VO cms extension information ===
VO        : cms
subject   : /O=GRID-FR/C=FR/O=CNRS/OU=LLR/CN=Ivo Naranjo
issuer    : /DC=ch/DC=cern/OU=computers/CN=lcg-voms.cern.ch
attribute : /cms/Role=NULL/Capability=NULL
timeleft  : 176:33:33
uri       : lcg-voms.cern.ch:15002
>>> tar --no-same-permissions -xf /scratch/condor/execute/dir_28964/https_3a_2f_2fwms316.cern.ch_3a9000_2f35I6bQUbBv3t8dadKlJskA/default.tgz :
Successful untar
>>> Include /scratch/condor/execute/dir_28964/https_3a_2f_2fwms316.cern.ch_3a9000_2f35I6bQUbBv3t8dadKlJskA in PYTHONPATH:
strip arguments
env var CRAB_UNIQUE_JOB_ID set to: inaranjo_PFTauIdEff-V18-DYJetsToLL-madgraph-DR53X-Summer12_8xk43p_231_2_Qoq
out_files_231
>>> list of expected files on output sandbox
output files: crab_fjr_231.xml CMSSW_231.stdout CMSSW_231.stderr Watchdog_231.log.gz
>>> GridFlavour discovery: 
source OSG GRID setup script
GridFlavour=OSG
>>> SyncSite discovery: 
not reporting SyncSite
>>> SyncCE discovery: 
getting SyncCE from OSG_JOB_CONTACT
SyncCE=cmsgrid02.hep.wisc.edu/jobmanager-condor
>>> info for dashboard:
***** Cat /scratch/condor/execute/dir_28964/https_3a_2f_2fwms316.cern.ch_3a9000_2f35I6bQUbBv3t8dadKlJskA/jobreport.txt *****
MonitorJobID=231_https://wms316.cern.ch:9000/35I6bQUbBv3t8dadKlJskA
SyncGridJobId=https://wms316.cern.ch:9000/35I6bQUbBv3t8dadKlJskA
MonitorID=inaranjo_PFTauIdEff-V18-DYJetsToLL-madgraph-DR53X-Summer12_8xk43p
GridFlavour=OSG
SyncCE=cmsgrid02.hep.wisc.edu/jobmanager-condor
***** End Cat jobreport *****
Parameters sent to Dashboard.
>>> setup environment
set SCRAM ARCH to slc5_amd64_gcc462
SCRAM_ARCH = slc5_amd64_gcc462
>>> Created working directory: /var/condor/.execute-links/slot24/dir_28964/cms_qyxAwJS31115
Change to working directory: /var/condor/.execute-links/slot24/dir_28964/cms_qyxAwJS31115
>>> current directory (WORKING_DIR): /var/condor/.execute-links/slot24/dir_28964/cms_qyxAwJS31115
>>> setup CMS OSG environment:
set SCRAM ARCH to slc5_amd64_gcc462
SCRAM_ARCH = slc5_amd64_gcc462
OSG_APP is /cvmfs/cms.hep.wisc.edu/osg/app
sourcing /cvmfs/cms.hep.wisc.edu/osg/app/cmssoft/cms/cmsset_default.sh ...
==> setup cms environment ok
SCRAM_ARCH = slc5_amd64_gcc462
>>> specific cmssw setup environment:
CMSSW_VERSION =  CMSSW_5_3_11_patch3
>>> current directory (SOFTWARE_DIR): /var/condor/.execute-links/slot24/dir_28964/cms_qyxAwJS31115/CMSSW_5_3_11_patch3
PreserveSeeds: <>
IncrementSeeds:<>
{}
WNHostName=g18n11.hep.wisc.edu
>>> info for dashboard:
***** Cat /scratch/condor/execute/dir_28964/https_3a_2f_2fwms316.cern.ch_3a9000_2f35I6bQUbBv3t8dadKlJskA/jobreport.txt *****
MonitorJobID=231_https://wms316.cern.ch:9000/35I6bQUbBv3t8dadKlJskA
MonitorID=inaranjo_PFTauIdEff-V18-DYJetsToLL-madgraph-DR53X-Summer12_8xk43p
WNHostName=g18n11.hep.wisc.edu
***** End Cat jobreport *****
Parameters sent to Dashboard.
crabWatchdog started as process 31875
>>> moving CMSSW software directories in /var/condor/.execute-links/slot24/dir_28964/cms_qyxAwJS31115/CMSSW_5_3_11_patch3
mv: cannot stat `/scratch/condor/execute/dir_28964/https_3a_2f_2fwms316.cern.ch_3a9000_2f35I6bQUbBv3t8dadKlJskA/module/': No such file or directory
>>> Include /scratch/condor/execute/dir_28964/https_3a_2f_2fwms316.cern.ch_3a9000_2f35I6bQUbBv3t8dadKlJskA in PYTHONPATH:
PYTHONPATH=/scratch/condor/execute/dir_28964/https_3a_2f_2fwms316.cern.ch_3a9000_2f35I6bQUbBv3t8dadKlJskA/:/scratch/condor/execute/dir_28964/cms_qyxAwJS31115/CMSSW_5_3_11_patch3/python:/scratch/condor/execute/dir_28964/cms_qyxAwJS31115/CMSSW_5_3_11_patch3/lib/slc5_amd64_gcc462:/cvmfs/cms.cern.ch/slc5_amd64_gcc462/cms/cmssw-patch/CMSSW_5_3_11_patch3/python:/cvmfs/cms.cern.ch/slc5_amd64_gcc462/cms/cmssw-patch/CMSSW_5_3_11_patch3/lib/slc5_amd64_gcc462:/cvmfs/cms.cern.ch/slc5_amd64_gcc462/cms/cmssw/CMSSW_5_3_11/bin/slc5_amd64_gcc462:/cvmfs/cms.cern.ch/slc5_amd64_gcc462/cms/cmssw/CMSSW_5_3_11/lib/slc5_amd64_gcc462:/cvmfs/cms.cern.ch/slc5_amd64_gcc462/cms/coral/CORAL_2_3_21-cms35/slc5_amd64_gcc462/python:/cvmfs/cms.cern.ch/slc5_amd64_gcc462/cms/coral/CORAL_2_3_21-cms35/slc5_amd64_gcc462/lib:/cvmfs/cms.cern.ch/slc5_amd64_gcc462/external/pyqt/4.8.1/lib/python2.6/site-packages:/cvmfs/cms.cern.ch/slc5_amd64_gcc462/external/py2-scipy/0.8.0/lib/python2.6/site-packages:/cvmfs/cms.cern.ch/slc5_amd64_gcc462/external/py2-matplotlib/1.0.1/lib/python2.6/site-packages:/cvmfs/cms.cern.ch/slc5_amd64_gcc462/external/python-ldap/2.3.5/lib/python2.6/site-packages:/cvmfs/cms.cern.ch/slc5_amd64_gcc462/external/sip/4.11.2/lib/python2.6/site-packages:/cvmfs/cms.cern.ch/slc5_amd64_gcc462/external/py2-pycurl/7.19.0/lib/python2.6/site-packages:/cvmfs/cms.cern.ch/slc5_amd64_gcc462/external/py2-numpy/1.6.1/lib/python2.6/site-packages:/cvmfs/cms.cern.ch/slc5_amd64_gcc462/external/py2-ipython/0.10/lib/python2.6/site-packages:/cvmfs/cms.cern.ch/slc5_amd64_gcc462/external/py2-cx-oracle/5.1-cms11/lib/python2.6/site-packages:/cvmfs/cms.cern.ch/slc5_amd64_gcc462/external/py2-cjson/1.0.5/lib/python2.6/site-packages:/cvmfs/cms.cern.ch/slc5_amd64_gcc462/cms/das-client/1.9.5/bin:/cvmfs/cms.cern.ch/slc5_amd64_gcc462/external/elementtree/1.2.6/share/lib/python2.6/site-packages:/cvmfs/cms.cern.ch/slc5_amd64_gcc462/external/rivet/1.8.2/lib/python2.6/site-packages:/cvmfs/cms.cern.ch/slc5_amd64_gcc462/external/pyminuit2/0.0.1-cms39/lib/python2.6/site-packages:/cvmfs/cms.cern.ch/slc5_amd64_gcc462/external/professor/1.0.0-cms40/lib/python2.6/site-packages:/cvmfs/cms.cern.ch/slc5_amd64_gcc462/lcg/root/5.32.00-cms21/lib:/cvmfs/cms.cern.ch/slc5_amd64_gcc462/cms/dbs-client/DBS_2_1_9-cms3/lib:/cvmfs/cms.cern.ch/slc5_amd64_gcc462/cms/dbs-client/DBS_2_1_9-cms3/lib/DBSAPI:/cvmfs/cms.cern.ch/slc5_amd64_gcc462/external/cvs2git/5419/lib:/scratch/condor/execute/dir_28964/https_3a_2f_2fwms316.cern.ch_3a9000_2f35I6bQUbBv3t8dadKlJskA/
 
# LIMITS USED BY CRAB WATCHDOG:
# RSS  (KBytes)   : 2300000
# VSZ  (KBytes)   : 100000000
# DISK (MBytes)   : 19000
# CPU TIME        : 720h:0m:0s
# WALL CLOCK TIME : 21h:50m:0s
 
ad1530fd04abf2a74b3716344e50f888
PSETHASH = ad1530fd04abf2a74b3716344e50f888
/scratch/condor/execute/dir_28964/https_3a_2f_2fwms316.cern.ch_3a9000_2f35I6bQUbBv3t8dadKlJskA/writeCfg.py pset.py pset.py
Importing .py file
Setting parameters
inputBlocks=/DYJetsToLL_M-50_TuneZ2Star_8TeV-madgraph-tarball/Summer12_DR53X-PU_S10_START53_V7A-v1/AODSIM#9f3619b0-d2dc-11e1-80c6-003048f02c8a
inputFiles=/store/mc/Summer12_DR53X/DYJetsToLL_M-50_TuneZ2Star_8TeV-madgraph-tarball/AODSIM/PU_S10_START53_V7A-v1/0000/9C720D50-F6D2-E111-A939-003048D46052.root;/store/mc/Summer12_DR53X/DYJetsToLL_M-50_TuneZ2Star_8TeV-madgraph-tarball/AODSIM/PU_S10_START53_V7A-v1/0000/AA98C6DA-F6D2-E111-9AC3-003048D45F7E.root;/store/mc/Summer12_DR53X/DYJetsToLL_M-50_TuneZ2Star_8TeV-madgraph-tarball/AODSIM/PU_S10_START53_V7A-v1/0000/28CF8DAA-FBD2-E111-B163-001E67397D55.root;/store/mc/Summer12_DR53X/DYJetsToLL_M-50_TuneZ2Star_8TeV-madgraph-tarball/AODSIM/PU_S10_START53_V7A-v1/0000/8262E8A8-FBD2-E111-B726-001E67397756.root;/store/mc/Summer12_DR53X/DYJetsToLL_M-50_TuneZ2Star_8TeV-madgraph-tarball/AODSIM/PU_S10_START53_V7A-v1/0000/74A4CECC-03D3-E111-B564-0025B3E0648A.root;/store/mc/Summer12_DR53X/DYJetsToLL_M-50_TuneZ2Star_8TeV-madgraph-tarball/AODSIM/PU_S10_START53_V7A-v1/0000/4A81D265-04D3-E111-95A3-003048D47A80.root;/store/mc/Summer12_DR53X/DYJetsToLL_M-50_TuneZ2Star_8TeV-madgraph-tarball/AODSIM/PU_S10_START53_V7A-v1/0000/E812E7F0-E4D2-E111-BA38-001E6739811F.root;/store/mc/Summer12_DR53X/DYJetsToLL_M-50_TuneZ2Star_8TeV-madgraph-tarball/AODSIM/PU_S10_START53_V7A-v1/0000/6ECBC437-E6D2-E111-9BC1-001E67397B25.root;/store/mc/Summer12_DR53X/DYJetsToLL_M-50_TuneZ2Star_8TeV-madgraph-tarball/AODSIM/PU_S10_START53_V7A-v1/0000/0A191C6F-E6D2-E111-9BBD-001E67396A40.root
parentFiles=
lumisRange=
>>> Executable cmsRun
/cvmfs/cms.cern.ch/slc5_amd64_gcc462/cms/cmssw-patch/CMSSW_5_3_11_patch3/bin/slc5_amd64_gcc462/cmsRun
ok executable found
>>> info for dashboard:
***** Cat /scratch/condor/execute/dir_28964/https_3a_2f_2fwms316.cern.ch_3a9000_2f35I6bQUbBv3t8dadKlJskA/jobreport.txt *****
MonitorJobID=231_https://wms316.cern.ch:9000/35I6bQUbBv3t8dadKlJskA
MonitorID=inaranjo_PFTauIdEff-V18-DYJetsToLL-madgraph-DR53X-Summer12_8xk43p
ExeStart=cmsRun
***** End Cat jobreport *****
Parameters sent to Dashboard.
>>> cmsRun started at Thu Aug 15 00:59:32 UTC 2013
Terminated
>>> cmsRun ended at Thu Aug 15 22:49:38 UTC 2013
>>> crab_fjr_*.xml  permission set to 0704
>>> info for dashboard:
***** Cat /scratch/condor/execute/dir_28964/https_3a_2f_2fwms316.cern.ch_3a9000_2f35I6bQUbBv3t8dadKlJskA/jobreport.txt *****
MonitorJobID=231_https://wms316.cern.ch:9000/35I6bQUbBv3t8dadKlJskA
MonitorID=inaranjo_PFTauIdEff-V18-DYJetsToLL-madgraph-DR53X-Summer12_8xk43p
ExeEnd=cmsRun
***** End Cat jobreport *****
Parameters sent to Dashboard.
********** CRAB WRAPPER CMSSW.sh TERMINATED BY A KILL
********** KILL signal was issued by Crab Watchdog
********** because usage of resource WALL TIME was excessive
************** JOB EXIT CODE set to: 50664
Checking output files:  
will tar file crab_fjr_231.xml in  out_files_231
will tar file CMSSW_231.stdout in  out_files_231
will tar file CMSSW_231.stderr in  out_files_231
WARNING: output file Watchdog_231.log.gz not found!
>>> working dir = /var/condor/.execute-links/slot24/dir_28964/cms_qyxAwJS31115
>>> current directory (RUNTIME_AREA): /scratch/condor/execute/dir_28964/https_3a_2f_2fwms316.cern.ch_3a9000_2f35I6bQUbBv3t8dadKlJskA
>>> Remove working directory: /var/condor/.execute-links/slot24/dir_28964/cms_qyxAwJS31115
>>> padding time: Wrapper lasting more than 600 seconds. No sleep required.
STOPPING WATCHDOG. CrabWatchdog PID is 31875
./CMSSW.sh: line 122: kill: (31875) - No such process
********** LAST 50 LINES OF WATCHDOG LOG
# TIME			PID	RSS(KB)	VSZ(KB)	Dsk(MB)	tCPU(s)	tWALL(s)	COMMAND
# TIME			PID	RSS(KB)	VSZ(KB)	Dsk(MB)	tCPU(s)	tWALL(s)	COMMAND
# TIME			PID	RSS(KB)	VSZ(KB)	Dsk(MB)	tCPU(s)	tWALL(s)	COMMAND
# TIME			PID	RSS(KB)	VSZ(KB)	Dsk(MB)	tCPU(s)	tWALL(s)	COMMAND
# TIME			PID	RSS(KB)	VSZ(KB)	Dsk(MB)	tCPU(s)	tWALL(s)	COMMAND
# TIME			PID	RSS(KB)	VSZ(KB)	Dsk(MB)	tCPU(s)	tWALL(s)	COMMAND
# TIME			PID	RSS(KB)	VSZ(KB)	Dsk(MB)	tCPU(s)	tWALL(s)	COMMAND
# TIME			PID	RSS(KB)	VSZ(KB)	Dsk(MB)	tCPU(s)	tWALL(s)	COMMAND
# TIME			PID	RSS(KB)	VSZ(KB)	Dsk(MB)	tCPU(s)	tWALL(s)	COMMAND
# TIME			PID	RSS(KB)	VSZ(KB)	Dsk(MB)	tCPU(s)	tWALL(s)	COMMAND
# TIME			PID	RSS(KB)	VSZ(KB)	Dsk(MB)	tCPU(s)	tWALL(s)	COMMAND
# TIME			PID	RSS(KB)	VSZ(KB)	Dsk(MB)	tCPU(s)	tWALL(s)	COMMAND
# TIME			PID	RSS(KB)	VSZ(KB)	Dsk(MB)	tCPU(s)	tWALL(s)	COMMAND
# TIME			PID	RSS(KB)	VSZ(KB)	Dsk(MB)	tCPU(s)	tWALL(s)	COMMAND
# TIME			PID	RSS(KB)	VSZ(KB)	Dsk(MB)	tCPU(s)	tWALL(s)	COMMAND
# TIME			PID	RSS(KB)	VSZ(KB)	Dsk(MB)	tCPU(s)	tWALL(s)	COMMAND
# TIME			PID	RSS(KB)	VSZ(KB)	Dsk(MB)	tCPU(s)	tWALL(s)	COMMAND
# TIME			PID	RSS(KB)	VSZ(KB)	Dsk(MB)	tCPU(s)	tWALL(s)	COMMAND
# TIME			PID	RSS(KB)	VSZ(KB)	Dsk(MB)	tCPU(s)	tWALL(s)	COMMAND
 Aug 15 06:24:14 CDT	---	737072	934292	61	----	----	----
 Aug 15 08:03:45 CDT	---	737072	934292	62	----	----	----
 Aug 15 08:46:18 CDT	---	737072	934292	63	----	----	----
 Aug 15 08:49:19 CDT	32420	737072	936340	63	43883	46199	cmsRun -j /scratch/condor/execute/dir_28964/https_3a_2f_2fwms316.cern.ch_3a9000_2f35I6bQUbBv3t8dadKlJskA/crab_fjr_231.xml -p pset.py      
 Aug 15 09:51:35 CDT	---	737072	936340	64	----	----	----
 Aug 15 11:30:10 CDT	---	737072	936340	65	----	----	----
 Aug 15 13:13:27 CDT	---	737072	936340	66	----	----	----
 Aug 15 13:14:29 CDT	---	737072	936340	67	----	----	----
 Aug 15 14:54:15 CDT	---	737072	936340	68	----	----	----
 Aug 15 16:06:55 CDT	32420	737072	938648	68	69309	72454	cmsRun -j /scratch/condor/execute/dir_28964/https_3a_2f_2fwms316.cern.ch_3a9000_2f35I6bQUbBv3t8dadKlJskA/crab_fjr_231.xml -p pset.py      
 Aug 15 16:07:55 CDT	32420	737072	940952	68	69319	72515	cmsRun -j /scratch/condor/execute/dir_28964/https_3a_2f_2fwms316.cern.ch_3a9000_2f35I6bQUbBv3t8dadKlJskA/crab_fjr_231.xml -p pset.py      
 Aug 15 16:35:57 CDT	---	737072	940952	69	----	----	----
 ********************************************************
 * JOB HIT PREDEFINED RESOURCE LIMIT ! PROCESSING HALTED
 *   WALL TIME value is 78616 while limit is 78600
 ********************************************************
send pkill TERM  to all CrabWrapper childs in this Process Tree
  PID TTY      STAT   TIME COMMAND
31034 ?        SN     0:00 /bin/sh /var/condor/.execute-links/slot24/dir_28964/_osg_wrapper/_osg_wrapper_exec 'UI=000000:NS=0000000004:WM=000006:BH=0000000000:JSS=000003:LM=000000:LRMS=000000:APP=000000:LBS=000000'
31036 ?        SN     0:00  \_ /usr/bin/time -p -o tmp.ZLaKG30999 ./CMSSW.sh 231 2
31037 ?        SN     0:00      \_ /bin/sh ./CMSSW.sh 231 2
31875 ?        SN     0:13          \_ /bin/bash /scratch/condor/execute/dir_28964/https_3a_2f_2fwms316.cern.ch_3a9000_2f35I6bQUbBv3t8dadKlJskA/crabWatchdog.sh
32418 ?        SN     0:00          \_ /usr/bin/time -f %U %S %P -o cpu_timing.txt cmsRun -j /scratch/condor/execute/dir_28964/https_3a_2f_2fwms316.cern.ch_3a9000_2f35I6bQUbBv3t8dadKlJskA/crab_fjr_231.xml -p pset.py
32420 ?        RNl  1254:10              \_ cmsRun -j /scratch/condor/execute/dir_28964/https_3a_2f_2fwms316.cern.ch_3a9000_2f35I6bQUbBv3t8dadKlJskA/crab_fjr_231.xml -p pset.py
 Sent TERM to: PID 32420 executing: cmsRun -j /scratch/condor/execute/dir_28964/https_3a_2f_2fwms316.cern.ch_3a9000_2f35I6bQUbBv3t8dadKlJskA/crab_fjr_231.xml -p pset.py
 Sent TERM to: PID 32418 executing: /usr/bin/time -f %U %S %P -o cpu_timing.txt cmsRun -j /scratch/condor/execute/dir_28964/https_3a_2f_2fwms316.cern.ch_3a9000_2f35I6bQUbBv3t8dadKlJskA/crab_fjr_231.xml -p pset.py
 Wait 30 sec to let processes close up ...
 OK. Process 32420 is gone
 OK. Process 32418 is gone
Finally gently signal CrabWrapper with USR2
Process cleanup completed, crabWatchdog.sh exiting
********** WATCHDOG LOG ENDED
ZIPPING WATCHDOG LOG
Disk space used:
du -sh /scratch/condor/execute/dir_28964/https_3a_2f_2fwms316.cern.ch_3a9000_2f35I6bQUbBv3t8dadKlJskA
15M	/scratch/condor/execute/dir_28964/https_3a_2f_2fwms316.cern.ch_3a9000_2f35I6bQUbBv3t8dadKlJskA
Found unusual stderr, rename for OSB
