This script was generated by crab (version 2.8.8).
Running ./CMSSW.sh with 2 positional parameters: 29 2
Today is Wed Aug 14 23:28:46 PDT 2013
Job submitted on host cabinet-1-1-24.t2.ucsd.edu
Linux cabinet-1-1-24.t2.ucsd.edu 2.6.32-358.11.1.el6.x86_64 #1 SMP Wed Jun 12 03:34:52 UTC 2013 x86_64 x86_64 x86_64 GNU/Linux
>>> current directory (RUNTIME_AREA): /data9/condor_local/execute/dir_13845/https_3a_2f_2fwms316.cern.ch_3a9000_2fLgGb7Nk4k73wOboVc6ZkLw
>>> current user: uid=36067(cuser21) gid=36067(cuser21) groups=36067(cuser21)
>>> directory permission set to 0700
>>> umask set to:  u=rwx,g=,o=
>>> stdout stderr permission set to 0704
>>> voms proxy information:
subject   : /O=GRID-FR/C=FR/O=CNRS/OU=LLR/CN=Ivo Naranjo/CN=proxy/CN=proxy/CN=limited proxy/CN=limited proxy
issuer    : /O=GRID-FR/C=FR/O=CNRS/OU=LLR/CN=Ivo Naranjo/CN=proxy/CN=proxy/CN=limited proxy
identity  : /O=GRID-FR/C=FR/O=CNRS/OU=LLR/CN=Ivo Naranjo/CN=proxy/CN=proxy/CN=limited proxy
type      : limited proxy
strength  : 512 bits
path      : /data9/condor_local/execute/dir_13845/x509_user_proxy
timeleft  : 23:59:30
key usage : 
=== VO cms extension information ===
VO        : cms
subject   : /O=GRID-FR/C=FR/O=CNRS/OU=LLR/CN=Ivo Naranjo
issuer    : /DC=ch/DC=cern/OU=computers/CN=lcg-voms.cern.ch
attribute : /cms/Role=NULL/Capability=NULL
timeleft  : 171:03:43
uri       : lcg-voms.cern.ch:15002
>>> tar --no-same-permissions -xf /data9/condor_local/execute/dir_13845/https_3a_2f_2fwms316.cern.ch_3a9000_2fLgGb7Nk4k73wOboVc6ZkLw/default.tgz :
Successful untar
>>> Include /data9/condor_local/execute/dir_13845/https_3a_2f_2fwms316.cern.ch_3a9000_2fLgGb7Nk4k73wOboVc6ZkLw in PYTHONPATH:
strip arguments
env var CRAB_UNIQUE_JOB_ID set to: inaranjo_PFTauIdEff-V18-DYJetsToLL-madgraph-DR53X-Summer12_8xk43p_29_2_TjW
out_files_29
>>> list of expected files on output sandbox
output files: crab_fjr_29.xml CMSSW_29.stdout CMSSW_29.stderr Watchdog_29.log.gz
>>> GridFlavour discovery: 
source OSG GRID setup script
GridFlavour=OSG
>>> SyncSite discovery: 
not reporting SyncSite
>>> SyncCE discovery: 
getting SyncCE from OSG_JOB_CONTACT
SyncCE=osg-gw-7.t2.ucsd.edu/jobmanager-condor
>>> info for dashboard:
***** Cat /data9/condor_local/execute/dir_13845/https_3a_2f_2fwms316.cern.ch_3a9000_2fLgGb7Nk4k73wOboVc6ZkLw/jobreport.txt *****
MonitorJobID=29_https://wms316.cern.ch:9000/LgGb7Nk4k73wOboVc6ZkLw
SyncGridJobId=https://wms316.cern.ch:9000/LgGb7Nk4k73wOboVc6ZkLw
MonitorID=inaranjo_PFTauIdEff-V18-DYJetsToLL-madgraph-DR53X-Summer12_8xk43p
GridFlavour=OSG
SyncCE=osg-gw-7.t2.ucsd.edu/jobmanager-condor
***** End Cat jobreport *****
Parameters sent to Dashboard.
>>> setup environment
set SCRAM ARCH to slc5_amd64_gcc462
SCRAM_ARCH = slc5_amd64_gcc462
/bin/mktemp: failed to create directory via template `$_CONDOR_SCRATCH_DIR/cms_XXXXXXXXXXXX': No such file or directory
ERROR ==> OSG  could not be created on WN cabinet-1-1-24.t2.ucsd.edu
Checking output files:  
will tar file crab_fjr_29.xml in  out_files_29
will tar file CMSSW_29.stdout in  out_files_29
will tar file CMSSW_29.stderr in  out_files_29
WARNING: output file Watchdog_29.log.gz not found!
>>> padding time: Sleeping the wrapper for 599 seconds
STOPPING WATCHDOG. CrabWatchdog PID is 
kill: usage: kill [-s sigspec | -n signum | -sigspec] pid | jobspec ... or kill -l [sigspec]
********** LAST 50 LINES OF WATCHDOG LOG
tail: cannot open `Watchdog_29.log' for reading: No such file or directory
********** WATCHDOG LOG ENDED
ZIPPING WATCHDOG LOG
gzip: Watchdog_29.log: No such file or directory
Disk space used:
du -sh /data9/condor_local/execute/dir_13845/https_3a_2f_2fwms316.cern.ch_3a9000_2fLgGb7Nk4k73wOboVc6ZkLw
59M	/data9/condor_local/execute/dir_13845/https_3a_2f_2fwms316.cern.ch_3a9000_2fLgGb7Nk4k73wOboVc6ZkLw
Found unusual stderr, rename for OSB
