This script was generated by crab (version 2.8.8).
Running ./CMSSW.sh with 2 positional parameters: 141 2
Today is Wed Aug 14 19:59:23 CDT 2013
Job submitted on host g18n30.hep.wisc.edu
Linux g18n30.hep.wisc.edu 2.6.18-348.3.1.el5 #1 SMP Mon Mar 11 15:43:13 EDT 2013 x86_64 x86_64 x86_64 GNU/Linux
>>> current directory (RUNTIME_AREA): /scratch/condor/execute/dir_14164/https_3a_2f_2fwms316.cern.ch_3a9000_2fDPbM4tOYmjrk9fNgnGCgbg
>>> current user: uid=3349(osg_cmsuser2393) gid=622(osg_uscms01) groups=100(users),622(osg_uscms01) context=system_u:system_r:unconfined_execmem_t:s0
>>> directory permission set to 0700
>>> umask set to:  u=rwx,g=,o=
>>> stdout stderr permission set to 0704
>>> voms proxy information:
subject   : /O=GRID-FR/C=FR/O=CNRS/OU=LLR/CN=Ivo Naranjo/CN=proxy/CN=proxy/CN=limited proxy
issuer    : /O=GRID-FR/C=FR/O=CNRS/OU=LLR/CN=Ivo Naranjo/CN=proxy/CN=proxy
identity  : /O=GRID-FR/C=FR/O=CNRS/OU=LLR/CN=Ivo Naranjo/CN=proxy/CN=proxy
type      : limited proxy
strength  : 512 bits
path      : /var/condor/.execute-links/slot30/dir_14164/x509_user_proxy
timeleft  : 176:33:00
key usage : 
=== VO cms extension information ===
VO        : cms
subject   : /O=GRID-FR/C=FR/O=CNRS/OU=LLR/CN=Ivo Naranjo
issuer    : /DC=ch/DC=cern/OU=computers/CN=lcg-voms.cern.ch
attribute : /cms/Role=NULL/Capability=NULL
timeleft  : 176:33:06
uri       : lcg-voms.cern.ch:15002
>>> tar --no-same-permissions -xf /scratch/condor/execute/dir_14164/https_3a_2f_2fwms316.cern.ch_3a9000_2fDPbM4tOYmjrk9fNgnGCgbg/default.tgz :
Successful untar
>>> Include /scratch/condor/execute/dir_14164/https_3a_2f_2fwms316.cern.ch_3a9000_2fDPbM4tOYmjrk9fNgnGCgbg in PYTHONPATH:
strip arguments
env var CRAB_UNIQUE_JOB_ID set to: inaranjo_PFTauIdEff-V18-DYJetsToLL-madgraph-DR53X-Summer12_8xk43p_141_2_IVT
out_files_141
>>> list of expected files on output sandbox
output files: crab_fjr_141.xml CMSSW_141.stdout CMSSW_141.stderr Watchdog_141.log.gz
>>> GridFlavour discovery: 
source OSG GRID setup script
GridFlavour=OSG
>>> SyncSite discovery: 
not reporting SyncSite
>>> SyncCE discovery: 
getting SyncCE from OSG_JOB_CONTACT
SyncCE=cmsgrid02.hep.wisc.edu/jobmanager-condor
>>> info for dashboard:
***** Cat /scratch/condor/execute/dir_14164/https_3a_2f_2fwms316.cern.ch_3a9000_2fDPbM4tOYmjrk9fNgnGCgbg/jobreport.txt *****
MonitorJobID=141_https://wms316.cern.ch:9000/DPbM4tOYmjrk9fNgnGCgbg
SyncGridJobId=https://wms316.cern.ch:9000/DPbM4tOYmjrk9fNgnGCgbg
MonitorID=inaranjo_PFTauIdEff-V18-DYJetsToLL-madgraph-DR53X-Summer12_8xk43p
GridFlavour=OSG
SyncCE=cmsgrid02.hep.wisc.edu/jobmanager-condor
***** End Cat jobreport *****
Parameters sent to Dashboard.
>>> setup environment
set SCRAM ARCH to slc5_amd64_gcc462
SCRAM_ARCH = slc5_amd64_gcc462
>>> Created working directory: /var/condor/.execute-links/slot30/dir_14164/cms_JfjyvFy17241
Change to working directory: /var/condor/.execute-links/slot30/dir_14164/cms_JfjyvFy17241
>>> current directory (WORKING_DIR): /var/condor/.execute-links/slot30/dir_14164/cms_JfjyvFy17241
>>> setup CMS OSG environment:
set SCRAM ARCH to slc5_amd64_gcc462
SCRAM_ARCH = slc5_amd64_gcc462
OSG_APP is /cvmfs/cms.hep.wisc.edu/osg/app
sourcing /cvmfs/cms.hep.wisc.edu/osg/app/cmssoft/cms/cmsset_default.sh ...
==> setup cms environment ok
SCRAM_ARCH = slc5_amd64_gcc462
>>> specific cmssw setup environment:
CMSSW_VERSION =  CMSSW_5_3_11_patch3
>>> current directory (SOFTWARE_DIR): /var/condor/.execute-links/slot30/dir_14164/cms_JfjyvFy17241/CMSSW_5_3_11_patch3
PreserveSeeds: <>
IncrementSeeds:<>
{}
WNHostName=g18n30.hep.wisc.edu
>>> info for dashboard:
***** Cat /scratch/condor/execute/dir_14164/https_3a_2f_2fwms316.cern.ch_3a9000_2fDPbM4tOYmjrk9fNgnGCgbg/jobreport.txt *****
MonitorJobID=141_https://wms316.cern.ch:9000/DPbM4tOYmjrk9fNgnGCgbg
MonitorID=inaranjo_PFTauIdEff-V18-DYJetsToLL-madgraph-DR53X-Summer12_8xk43p
WNHostName=g18n30.hep.wisc.edu
***** End Cat jobreport *****
Parameters sent to Dashboard.
crabWatchdog started as process 20356
>>> moving CMSSW software directories in /var/condor/.execute-links/slot30/dir_14164/cms_JfjyvFy17241/CMSSW_5_3_11_patch3
mv: cannot stat `/scratch/condor/execute/dir_14164/https_3a_2f_2fwms316.cern.ch_3a9000_2fDPbM4tOYmjrk9fNgnGCgbg/module/': No such file or directory
>>> Include /scratch/condor/execute/dir_14164/https_3a_2f_2fwms316.cern.ch_3a9000_2fDPbM4tOYmjrk9fNgnGCgbg in PYTHONPATH:
PYTHONPATH=/scratch/condor/execute/dir_14164/https_3a_2f_2fwms316.cern.ch_3a9000_2fDPbM4tOYmjrk9fNgnGCgbg/:/scratch/condor/execute/dir_14164/cms_JfjyvFy17241/CMSSW_5_3_11_patch3/python:/scratch/condor/execute/dir_14164/cms_JfjyvFy17241/CMSSW_5_3_11_patch3/lib/slc5_amd64_gcc462:/cvmfs/cms.cern.ch/slc5_amd64_gcc462/cms/cmssw-patch/CMSSW_5_3_11_patch3/python:/cvmfs/cms.cern.ch/slc5_amd64_gcc462/cms/cmssw-patch/CMSSW_5_3_11_patch3/lib/slc5_amd64_gcc462:/cvmfs/cms.cern.ch/slc5_amd64_gcc462/cms/cmssw/CMSSW_5_3_11/bin/slc5_amd64_gcc462:/cvmfs/cms.cern.ch/slc5_amd64_gcc462/cms/cmssw/CMSSW_5_3_11/lib/slc5_amd64_gcc462:/cvmfs/cms.cern.ch/slc5_amd64_gcc462/cms/coral/CORAL_2_3_21-cms35/slc5_amd64_gcc462/python:/cvmfs/cms.cern.ch/slc5_amd64_gcc462/cms/coral/CORAL_2_3_21-cms35/slc5_amd64_gcc462/lib:/cvmfs/cms.cern.ch/slc5_amd64_gcc462/external/pyqt/4.8.1/lib/python2.6/site-packages:/cvmfs/cms.cern.ch/slc5_amd64_gcc462/external/py2-scipy/0.8.0/lib/python2.6/site-packages:/cvmfs/cms.cern.ch/slc5_amd64_gcc462/external/py2-matplotlib/1.0.1/lib/python2.6/site-packages:/cvmfs/cms.cern.ch/slc5_amd64_gcc462/external/python-ldap/2.3.5/lib/python2.6/site-packages:/cvmfs/cms.cern.ch/slc5_amd64_gcc462/external/sip/4.11.2/lib/python2.6/site-packages:/cvmfs/cms.cern.ch/slc5_amd64_gcc462/external/py2-pycurl/7.19.0/lib/python2.6/site-packages:/cvmfs/cms.cern.ch/slc5_amd64_gcc462/external/py2-numpy/1.6.1/lib/python2.6/site-packages:/cvmfs/cms.cern.ch/slc5_amd64_gcc462/external/py2-ipython/0.10/lib/python2.6/site-packages:/cvmfs/cms.cern.ch/slc5_amd64_gcc462/external/py2-cx-oracle/5.1-cms11/lib/python2.6/site-packages:/cvmfs/cms.cern.ch/slc5_amd64_gcc462/external/py2-cjson/1.0.5/lib/python2.6/site-packages:/cvmfs/cms.cern.ch/slc5_amd64_gcc462/cms/das-client/1.9.5/bin:/cvmfs/cms.cern.ch/slc5_amd64_gcc462/external/elementtree/1.2.6/share/lib/python2.6/site-packages:/cvmfs/cms.cern.ch/slc5_amd64_gcc462/external/rivet/1.8.2/lib/python2.6/site-packages:/cvmfs/cms.cern.ch/slc5_amd64_gcc462/external/pyminuit2/0.0.1-cms39/lib/python2.6/site-packages:/cvmfs/cms.cern.ch/slc5_amd64_gcc462/external/professor/1.0.0-cms40/lib/python2.6/site-packages:/cvmfs/cms.cern.ch/slc5_amd64_gcc462/lcg/root/5.32.00-cms21/lib:/cvmfs/cms.cern.ch/slc5_amd64_gcc462/cms/dbs-client/DBS_2_1_9-cms3/lib:/cvmfs/cms.cern.ch/slc5_amd64_gcc462/cms/dbs-client/DBS_2_1_9-cms3/lib/DBSAPI:/cvmfs/cms.cern.ch/slc5_amd64_gcc462/external/cvs2git/5419/lib:/scratch/condor/execute/dir_14164/https_3a_2f_2fwms316.cern.ch_3a9000_2fDPbM4tOYmjrk9fNgnGCgbg/
 
# LIMITS USED BY CRAB WATCHDOG:
# RSS  (KBytes)   : 2300000
# VSZ  (KBytes)   : 100000000
# DISK (MBytes)   : 19000
# CPU TIME        : 720h:0m:0s
# WALL CLOCK TIME : 21h:50m:0s
 
ad1530fd04abf2a74b3716344e50f888
PSETHASH = ad1530fd04abf2a74b3716344e50f888
/scratch/condor/execute/dir_14164/https_3a_2f_2fwms316.cern.ch_3a9000_2fDPbM4tOYmjrk9fNgnGCgbg/writeCfg.py pset.py pset.py
Importing .py file
Setting parameters
inputBlocks=/DYJetsToLL_M-50_TuneZ2Star_8TeV-madgraph-tarball/Summer12_DR53X-PU_S10_START53_V7A-v1/AODSIM#32e717f2-d352-11e1-80c6-003048f02c8a
inputFiles=/store/mc/Summer12_DR53X/DYJetsToLL_M-50_TuneZ2Star_8TeV-madgraph-tarball/AODSIM/PU_S10_START53_V7A-v1/0001/64089D32-C1D3-E111-BE6A-001E673984C1.root;/store/mc/Summer12_DR53X/DYJetsToLL_M-50_TuneZ2Star_8TeV-madgraph-tarball/AODSIM/PU_S10_START53_V7A-v1/0001/069A5E82-C2D3-E111-B676-003048D462C6.root;/store/mc/Summer12_DR53X/DYJetsToLL_M-50_TuneZ2Star_8TeV-madgraph-tarball/AODSIM/PU_S10_START53_V7A-v1/0001/2E623F84-C2D3-E111-9223-002481E150F8.root;/store/mc/Summer12_DR53X/DYJetsToLL_M-50_TuneZ2Star_8TeV-madgraph-tarball/AODSIM/PU_S10_START53_V7A-v1/0001/94844FF0-C2D3-E111-A5E5-001E673971C5.root;/store/mc/Summer12_DR53X/DYJetsToLL_M-50_TuneZ2Star_8TeV-madgraph-tarball/AODSIM/PU_S10_START53_V7A-v1/0001/6495B189-C3D3-E111-B61F-003048D45F32.root;/store/mc/Summer12_DR53X/DYJetsToLL_M-50_TuneZ2Star_8TeV-madgraph-tarball/AODSIM/PU_S10_START53_V7A-v1/0001/36D1308E-C3D3-E111-90C6-003048D479DA.root;/store/mc/Summer12_DR53X/DYJetsToLL_M-50_TuneZ2Star_8TeV-madgraph-tarball/AODSIM/PU_S10_START53_V7A-v1/0001/94E664B4-C3D3-E111-B36C-003048D45FB0.root;/store/mc/Summer12_DR53X/DYJetsToLL_M-50_TuneZ2Star_8TeV-madgraph-tarball/AODSIM/PU_S10_START53_V7A-v1/0001/8A9BE6B4-C3D3-E111-9D9B-003048D45FC4.root
parentFiles=
lumisRange=
>>> Executable cmsRun
/cvmfs/cms.cern.ch/slc5_amd64_gcc462/cms/cmssw-patch/CMSSW_5_3_11_patch3/bin/slc5_amd64_gcc462/cmsRun
ok executable found
>>> info for dashboard:
***** Cat /scratch/condor/execute/dir_14164/https_3a_2f_2fwms316.cern.ch_3a9000_2fDPbM4tOYmjrk9fNgnGCgbg/jobreport.txt *****
MonitorJobID=141_https://wms316.cern.ch:9000/DPbM4tOYmjrk9fNgnGCgbg
MonitorID=inaranjo_PFTauIdEff-V18-DYJetsToLL-madgraph-DR53X-Summer12_8xk43p
ExeStart=cmsRun
***** End Cat jobreport *****
Parameters sent to Dashboard.
>>> cmsRun started at Thu Aug 15 01:00:41 UTC 2013
Terminated
>>> cmsRun ended at Thu Aug 15 22:50:52 UTC 2013
>>> crab_fjr_*.xml  permission set to 0704
>>> info for dashboard:
***** Cat /scratch/condor/execute/dir_14164/https_3a_2f_2fwms316.cern.ch_3a9000_2fDPbM4tOYmjrk9fNgnGCgbg/jobreport.txt *****
MonitorJobID=141_https://wms316.cern.ch:9000/DPbM4tOYmjrk9fNgnGCgbg
MonitorID=inaranjo_PFTauIdEff-V18-DYJetsToLL-madgraph-DR53X-Summer12_8xk43p
ExeEnd=cmsRun
***** End Cat jobreport *****
Parameters sent to Dashboard.
********** CRAB WRAPPER CMSSW.sh TERMINATED BY A KILL
********** KILL signal was issued by Crab Watchdog
********** because usage of resource WALL TIME was excessive
************** JOB EXIT CODE set to: 50664
Checking output files:  
will tar file crab_fjr_141.xml in  out_files_141
will tar file CMSSW_141.stdout in  out_files_141
will tar file CMSSW_141.stderr in  out_files_141
WARNING: output file Watchdog_141.log.gz not found!
>>> working dir = /var/condor/.execute-links/slot30/dir_14164/cms_JfjyvFy17241
>>> current directory (RUNTIME_AREA): /scratch/condor/execute/dir_14164/https_3a_2f_2fwms316.cern.ch_3a9000_2fDPbM4tOYmjrk9fNgnGCgbg
>>> Remove working directory: /var/condor/.execute-links/slot30/dir_14164/cms_JfjyvFy17241
>>> padding time: Wrapper lasting more than 600 seconds. No sleep required.
STOPPING WATCHDOG. CrabWatchdog PID is 20356
./CMSSW.sh: line 122: kill: (20356) - No such process
********** LAST 50 LINES OF WATCHDOG LOG
 Aug 15 02:07:05 CDT	21306	733072	1076864	56	18306	22000	cmsRun -j /scratch/condor/execute/dir_14164/https_3a_2f_2fwms316.cern.ch_3a9000_2fDPbM4tOYmjrk9fNgnGCgbg/crab_fjr_141.xml -p pset.py      
 Aug 15 02:09:06 CDT	21306	745168	1076864	56	18309	22121	cmsRun -j /scratch/condor/execute/dir_14164/https_3a_2f_2fwms316.cern.ch_3a9000_2fDPbM4tOYmjrk9fNgnGCgbg/crab_fjr_141.xml -p pset.py      
# TIME			PID	RSS(KB)	VSZ(KB)	Dsk(MB)	tCPU(s)	tWALL(s)	COMMAND
# TIME			PID	RSS(KB)	VSZ(KB)	Dsk(MB)	tCPU(s)	tWALL(s)	COMMAND
# TIME			PID	RSS(KB)	VSZ(KB)	Dsk(MB)	tCPU(s)	tWALL(s)	COMMAND
# TIME			PID	RSS(KB)	VSZ(KB)	Dsk(MB)	tCPU(s)	tWALL(s)	COMMAND
# TIME			PID	RSS(KB)	VSZ(KB)	Dsk(MB)	tCPU(s)	tWALL(s)	COMMAND
# TIME			PID	RSS(KB)	VSZ(KB)	Dsk(MB)	tCPU(s)	tWALL(s)	COMMAND
# TIME			PID	RSS(KB)	VSZ(KB)	Dsk(MB)	tCPU(s)	tWALL(s)	COMMAND
# TIME			PID	RSS(KB)	VSZ(KB)	Dsk(MB)	tCPU(s)	tWALL(s)	COMMAND
# TIME			PID	RSS(KB)	VSZ(KB)	Dsk(MB)	tCPU(s)	tWALL(s)	COMMAND
# TIME			PID	RSS(KB)	VSZ(KB)	Dsk(MB)	tCPU(s)	tWALL(s)	COMMAND
# TIME			PID	RSS(KB)	VSZ(KB)	Dsk(MB)	tCPU(s)	tWALL(s)	COMMAND
# TIME			PID	RSS(KB)	VSZ(KB)	Dsk(MB)	tCPU(s)	tWALL(s)	COMMAND
# TIME			PID	RSS(KB)	VSZ(KB)	Dsk(MB)	tCPU(s)	tWALL(s)	COMMAND
# TIME			PID	RSS(KB)	VSZ(KB)	Dsk(MB)	tCPU(s)	tWALL(s)	COMMAND
# TIME			PID	RSS(KB)	VSZ(KB)	Dsk(MB)	tCPU(s)	tWALL(s)	COMMAND
# TIME			PID	RSS(KB)	VSZ(KB)	Dsk(MB)	tCPU(s)	tWALL(s)	COMMAND
 Aug 15 02:25:36 CDT	---	745168	1076864	57	----	----	----
 Aug 15 04:11:13 CDT	---	745168	1076864	58	----	----	----
 Aug 15 05:57:43 CDT	---	745168	1076864	59	----	----	----
 Aug 15 05:58:46 CDT	---	745168	1076864	60	----	----	----
 Aug 15 06:47:48 CDT	21306	760760	1076864	60	33852	38843	cmsRun -j /scratch/condor/execute/dir_14164/https_3a_2f_2fwms316.cern.ch_3a9000_2fDPbM4tOYmjrk9fNgnGCgbg/crab_fjr_141.xml -p pset.py      
 Aug 15 07:50:16 CDT	---	760760	1076864	61	----	----	----
 Aug 15 09:38:41 CDT	---	760760	1076864	62	----	----	----
 Aug 15 11:29:57 CDT	---	760760	1076864	63	----	----	----
 Aug 15 11:31:00 CDT	---	760760	1076864	64	----	----	----
 Aug 15 13:22:18 CDT	---	760760	1076864	65	----	----	----
 Aug 15 15:10:55 CDT	---	760760	1076864	66	----	----	----
 Aug 15 17:05:52 CDT	---	760760	1076864	67	----	----	----
 Aug 15 17:06:55 CDT	---	760760	1076864	68	----	----	----
 ********************************************************
 * JOB HIT PREDEFINED RESOURCE LIMIT ! PROCESSING HALTED
 *   WALL TIME value is 78626 while limit is 78600
 ********************************************************
send pkill TERM  to all CrabWrapper childs in this Process Tree
  PID TTY      STAT   TIME COMMAND
17190 ?        SN     0:00 /bin/sh /var/condor/.execute-links/slot30/dir_14164/_osg_wrapper/_osg_wrapper_exec 'UI=000000:NS=0000000004:WM=000006:BH=0000000000:JSS=000003:LM=000000:LRMS=000000:APP=000000:LBS=000000'
17194 ?        SN     0:00  \_ /usr/bin/time -p -o tmp.RYpfk17165 ./CMSSW.sh 141 2
17195 ?        SN     0:00      \_ /bin/sh ./CMSSW.sh 141 2
20356 ?        SN     0:14          \_ /bin/bash /scratch/condor/execute/dir_14164/https_3a_2f_2fwms316.cern.ch_3a9000_2fDPbM4tOYmjrk9fNgnGCgbg/crabWatchdog.sh
21305 ?        SN     0:00          \_ /usr/bin/time -f %U %S %P -o cpu_timing.txt cmsRun -j /scratch/condor/execute/dir_14164/https_3a_2f_2fwms316.cern.ch_3a9000_2fDPbM4tOYmjrk9fNgnGCgbg/crab_fjr_141.xml -p pset.py
21306 ?        RNl  1176:33              \_ cmsRun -j /scratch/condor/execute/dir_14164/https_3a_2f_2fwms316.cern.ch_3a9000_2fDPbM4tOYmjrk9fNgnGCgbg/crab_fjr_141.xml -p pset.py
 Sent TERM to: PID 21306 executing: cmsRun -j /scratch/condor/execute/dir_14164/https_3a_2f_2fwms316.cern.ch_3a9000_2fDPbM4tOYmjrk9fNgnGCgbg/crab_fjr_141.xml -p pset.py
 Sent TERM to: PID 21305 executing: /usr/bin/time -f %U %S %P -o cpu_timing.txt cmsRun -j /scratch/condor/execute/dir_14164/https_3a_2f_2fwms316.cern.ch_3a9000_2fDPbM4tOYmjrk9fNgnGCgbg/crab_fjr_141.xml -p pset.py
 Wait 30 sec to let processes close up ...
 OK. Process 21306 is gone
 OK. Process 21305 is gone
Finally gently signal CrabWrapper with USR2
Process cleanup completed, crabWatchdog.sh exiting
********** WATCHDOG LOG ENDED
ZIPPING WATCHDOG LOG
Disk space used:
du -sh /scratch/condor/execute/dir_14164/https_3a_2f_2fwms316.cern.ch_3a9000_2fDPbM4tOYmjrk9fNgnGCgbg
15M	/scratch/condor/execute/dir_14164/https_3a_2f_2fwms316.cern.ch_3a9000_2fDPbM4tOYmjrk9fNgnGCgbg
Found unusual stderr, rename for OSB
