This script was generated by crab (version 2.8.8).
Running ./CMSSW.sh with 2 positional parameters: 269 2
Today is Fri Aug 16 01:25:16 CEST 2013
Job submitted on host gaew1055.ciemat.es
Linux gaew1055.ciemat.es 2.6.32-358.6.2.el6.x86_64 #1 SMP Thu May 16 11:21:38 CDT 2013 x86_64 x86_64 x86_64 GNU/Linux
>>> current directory (RUNTIME_AREA): /home/cms885/home_cream_166890240/CREAM166890240
>>> current user: uid=61385(cms885) gid=13991(cms) groups=13991(cms)
>>> directory permission set to 0700
>>> umask set to:  u=rwx,g=,o=
>>> stdout stderr permission set to 0704
>>> voms proxy information:
subject   : /O=GRID-FR/C=FR/O=CNRS/OU=LLR/CN=Ivo Naranjo/CN=proxy/CN=proxy/CN=proxy/CN=limited proxy
issuer    : /O=GRID-FR/C=FR/O=CNRS/OU=LLR/CN=Ivo Naranjo/CN=proxy/CN=proxy/CN=proxy
identity  : /O=GRID-FR/C=FR/O=CNRS/OU=LLR/CN=Ivo Naranjo/CN=proxy/CN=proxy/CN=proxy
type      : limited proxy
strength  : 1024 bits
path      : /home/cms885/home_cream_166890240/cream_166890240.proxy
timeleft  : 191:28:48
key usage : 
=== VO cms extension information ===
VO        : cms
subject   : /O=GRID-FR/C=FR/O=CNRS/OU=LLR/CN=Ivo Naranjo
issuer    : /DC=ch/DC=cern/OU=computers/CN=voms.cern.ch
attribute : /cms/Role=NULL/Capability=NULL
timeleft  : 191:31:12
uri       : voms.cern.ch:15002
>>> tar --no-same-permissions -xf /home/cms885/home_cream_166890240/CREAM166890240/default.tgz :
Successful untar
>>> Include /home/cms885/home_cream_166890240/CREAM166890240 in PYTHONPATH:
PYTHONPATH=/home/cms885/home_cream_166890240/CREAM166890240/:/opt/csync/lib:/opt/csync/lib:
strip arguments
env var CRAB_UNIQUE_JOB_ID set to: inaranjo_PFTauIdEff-V18-DYJetsToLL-madgraph-DR53X-Summer12-v2_ipq426_269_2_uS2
out_files_269
>>> list of expected files on output sandbox
output files: crab_fjr_269.xml CMSSW_269.stdout CMSSW_269.stderr Watchdog_269.log.gz
>>> GridFlavour discovery: 
GridFlavour=LCG
>>> SyncSite discovery: 
not reporting SyncSite
>>> SyncCE discovery: 
getting SyncCE from CE_ID
SyncCE=creamce03.ciemat.es:8443/cream-pbs-medium
>>> info for dashboard:
***** Cat /home/cms885/home_cream_166890240/CREAM166890240/jobreport.txt *****
MonitorJobID=269_https://wms312.cern.ch:9000/TJXWUJdnuu9vORFeBo6l1Q
SyncGridJobId=https://wms312.cern.ch:9000/TJXWUJdnuu9vORFeBo6l1Q
MonitorID=inaranjo_PFTauIdEff-V18-DYJetsToLL-madgraph-DR53X-Summer12-v2_ipq426
GridFlavour=LCG
SyncCE=creamce03.ciemat.es:8443/cream-pbs-medium
***** End Cat jobreport *****
Parameters sent to Dashboard.
>>> setup environment
set SCRAM ARCH to slc5_amd64_gcc462
SCRAM_ARCH = slc5_amd64_gcc462
>>> setup CMS LCG environment:
set SCRAM ARCH and BUILD_ARCH to slc5_amd64_gcc462 ###
Sourcing environment... 
sourcing /cvmfs/cms.cern.ch/cmsset_default.sh
==> setup cms environment ok
>>> specific cmssw setup environment:
CMSSW_VERSION =  CMSSW_5_3_11_patch3
>>> current directory (SOFTWARE_DIR): /home/cms885/home_cream_166890240/CREAM166890240/CMSSW_5_3_11_patch3
PreserveSeeds: <>
IncrementSeeds:<>
{}
WNHostName=gaew1055.ciemat.es
>>> info for dashboard:
***** Cat /home/cms885/home_cream_166890240/CREAM166890240/jobreport.txt *****
MonitorJobID=269_https://wms312.cern.ch:9000/TJXWUJdnuu9vORFeBo6l1Q
MonitorID=inaranjo_PFTauIdEff-V18-DYJetsToLL-madgraph-DR53X-Summer12-v2_ipq426
WNHostName=gaew1055.ciemat.es
***** End Cat jobreport *****
Parameters sent to Dashboard.
crabWatchdog started as process 4160
>>> moving CMSSW software directories in /home/cms885/home_cream_166890240/CREAM166890240/CMSSW_5_3_11_patch3
mv: cannot stat `/home/cms885/home_cream_166890240/CREAM166890240/module/': No such file or directory
>>> Include /home/cms885/home_cream_166890240/CREAM166890240 in PYTHONPATH:
PYTHONPATH=/home/cms885/home_cream_166890240/CREAM166890240/:/home/cms885/home_cream_166890240/CREAM166890240/CMSSW_5_3_11_patch3/python:/home/cms885/home_cream_166890240/CREAM166890240/CMSSW_5_3_11_patch3/lib/slc5_amd64_gcc462:/cvmfs/cms.cern.ch/slc5_amd64_gcc462/cms/cmssw-patch/CMSSW_5_3_11_patch3/python:/cvmfs/cms.cern.ch/slc5_amd64_gcc462/cms/cmssw-patch/CMSSW_5_3_11_patch3/lib/slc5_amd64_gcc462:/cvmfs/cms.cern.ch/slc5_amd64_gcc462/cms/cmssw/CMSSW_5_3_11/bin/slc5_amd64_gcc462:/cvmfs/cms.cern.ch/slc5_amd64_gcc462/cms/cmssw/CMSSW_5_3_11/lib/slc5_amd64_gcc462:/cvmfs/cms.cern.ch/slc5_amd64_gcc462/cms/coral/CORAL_2_3_21-cms35/slc5_amd64_gcc462/python:/cvmfs/cms.cern.ch/slc5_amd64_gcc462/cms/coral/CORAL_2_3_21-cms35/slc5_amd64_gcc462/lib:/cvmfs/cms.cern.ch/slc5_amd64_gcc462/external/pyqt/4.8.1/lib/python2.6/site-packages:/cvmfs/cms.cern.ch/slc5_amd64_gcc462/external/py2-scipy/0.8.0/lib/python2.6/site-packages:/cvmfs/cms.cern.ch/slc5_amd64_gcc462/external/py2-matplotlib/1.0.1/lib/python2.6/site-packages:/cvmfs/cms.cern.ch/slc5_amd64_gcc462/external/python-ldap/2.3.5/lib/python2.6/site-packages:/cvmfs/cms.cern.ch/slc5_amd64_gcc462/external/sip/4.11.2/lib/python2.6/site-packages:/cvmfs/cms.cern.ch/slc5_amd64_gcc462/external/py2-pycurl/7.19.0/lib/python2.6/site-packages:/cvmfs/cms.cern.ch/slc5_amd64_gcc462/external/py2-numpy/1.6.1/lib/python2.6/site-packages:/cvmfs/cms.cern.ch/slc5_amd64_gcc462/external/py2-ipython/0.10/lib/python2.6/site-packages:/cvmfs/cms.cern.ch/slc5_amd64_gcc462/external/py2-cx-oracle/5.1-cms11/lib/python2.6/site-packages:/cvmfs/cms.cern.ch/slc5_amd64_gcc462/external/py2-cjson/1.0.5/lib/python2.6/site-packages:/cvmfs/cms.cern.ch/slc5_amd64_gcc462/cms/das-client/1.9.5/bin:/cvmfs/cms.cern.ch/slc5_amd64_gcc462/external/elementtree/1.2.6/share/lib/python2.6/site-packages:/cvmfs/cms.cern.ch/slc5_amd64_gcc462/external/rivet/1.8.2/lib/python2.6/site-packages:/cvmfs/cms.cern.ch/slc5_amd64_gcc462/external/pyminuit2/0.0.1-cms39/lib/python2.6/site-packages:/cvmfs/cms.cern.ch/slc5_amd64_gcc462/external/professor/1.0.0-cms40/lib/python2.6/site-packages:/cvmfs/cms.cern.ch/slc5_amd64_gcc462/lcg/root/5.32.00-cms21/lib:/cvmfs/cms.cern.ch/slc5_amd64_gcc462/cms/dbs-client/DBS_2_1_9-cms3/lib:/cvmfs/cms.cern.ch/slc5_amd64_gcc462/cms/dbs-client/DBS_2_1_9-cms3/lib/DBSAPI:/cvmfs/cms.cern.ch/slc5_amd64_gcc462/external/cvs2git/5419/lib:/home/cms885/home_cream_166890240/CREAM166890240/:/opt/csync/lib:/opt/csync/lib:
 
# LIMITS USED BY CRAB WATCHDOG:
# RSS  (KBytes)   : 2300000
# VSZ  (KBytes)   : 100000000
# DISK (MBytes)   : 19000
# CPU TIME        : 720h:0m:0s
# WALL CLOCK TIME : 21h:50m:0s
 
ad1530fd04abf2a74b3716344e50f888
PSETHASH = ad1530fd04abf2a74b3716344e50f888
/home/cms885/home_cream_166890240/CREAM166890240/writeCfg.py pset.py pset.py
Importing .py file
Setting parameters
inputBlocks=/DYJetsToLL_M-50_TuneZ2Star_8TeV-madgraph-tarball/Summer12_DR53X-PU_S10_START53_V7A-v1/AODSIM#e385255e-d4bf-11e1-80c6-003048f02c8a
inputFiles=/store/mc/Summer12_DR53X/DYJetsToLL_M-50_TuneZ2Star_8TeV-madgraph-tarball/AODSIM/PU_S10_START53_V7A-v1/0002/2C1FBAB2-C1D4-E111-A89A-001E6739815B.root;/store/mc/Summer12_DR53X/DYJetsToLL_M-50_TuneZ2Star_8TeV-madgraph-tarball/AODSIM/PU_S10_START53_V7A-v1/0002/5E4E03BC-BDD4-E111-8695-001E67396DF1.root
parentFiles=
lumisRange=
>>> Executable cmsRun
/cvmfs/cms.cern.ch/slc5_amd64_gcc462/cms/cmssw-patch/CMSSW_5_3_11_patch3/bin/slc5_amd64_gcc462/cmsRun
ok executable found
>>> info for dashboard:
***** Cat /home/cms885/home_cream_166890240/CREAM166890240/jobreport.txt *****
MonitorJobID=269_https://wms312.cern.ch:9000/TJXWUJdnuu9vORFeBo6l1Q
MonitorID=inaranjo_PFTauIdEff-V18-DYJetsToLL-madgraph-DR53X-Summer12-v2_ipq426
ExeStart=cmsRun
***** End Cat jobreport *****
Parameters sent to Dashboard.
>>> cmsRun started at Thu Aug 15 23:25:25 UTC 2013
>>> cmsRun ended at Fri Aug 16 01:48:05 UTC 2013
>>> crab_fjr_*.xml  permission set to 0704
>>> info for dashboard:
***** Cat /home/cms885/home_cream_166890240/CREAM166890240/jobreport.txt *****
MonitorJobID=269_https://wms312.cern.ch:9000/TJXWUJdnuu9vORFeBo6l1Q
MonitorID=inaranjo_PFTauIdEff-V18-DYJetsToLL-madgraph-DR53X-Summer12-v2_ipq426
ExeEnd=cmsRun
***** End Cat jobreport *****
Parameters sent to Dashboard.
TIME_EXE = 8560 sec
>>> cmsRun wrote 280 lines of stdout+stderr
>>> START OF printout of 280 lines from stdout+stderr
16-Aug-2013 01:25:33 CEST  Initiating request to open file dcap://gaeds015.ciemat.es:22125/pnfs/ciemat.es/data/cms/prod/store/mc/Summer12_DR53X/DYJetsToLL_M-50_TuneZ2Star_8TeV-madgraph-tarball/AODSIM/PU_S10_START53_V7A-v1/0002/2C1FBAB2-C1D4-E111-A89A-001E6739815B.root
16-Aug-2013 01:25:34 CEST  Successfully opened file dcap://gaeds015.ciemat.es:22125/pnfs/ciemat.es/data/cms/prod/store/mc/Summer12_DR53X/DYJetsToLL_M-50_TuneZ2Star_8TeV-madgraph-tarball/AODSIM/PU_S10_START53_V7A-v1/0002/2C1FBAB2-C1D4-E111-A89A-001E6739815B.root
Begin processing the 1st record. Run 1, Event 19654802, LumiSection 49177 at 16-Aug-2013 01:25:39.176 CEST
Problem in dminphi
Problem in dminphi
Problem in dminphi
Problem in dminphi
Begin processing the 101st record. Run 1, Event 19655043, LumiSection 49177 at 16-Aug-2013 01:27:18.348 CEST
Begin processing the 201st record. Run 1, Event 19657275, LumiSection 49183 at 16-Aug-2013 01:28:51.079 CEST
Problem in dminphi
Problem in dminphi
Begin processing the 301st record. Run 1, Event 19657485, LumiSection 49183 at 16-Aug-2013 01:30:31.733 CEST
Begin processing the 401st record. Run 1, Event 19747322, LumiSection 49408 at 16-Aug-2013 01:31:59.162 CEST
Begin processing the 501st record. Run 1, Event 19747534, LumiSection 49408 at 16-Aug-2013 01:33:24.034 CEST
Problem in dminphi
Problem in dminphi
Begin processing the 601st record. Run 1, Event 19747763, LumiSection 49409 at 16-Aug-2013 01:34:57.476 CEST
Problem in dminphi
Problem in dminphi
Problem in dminphi
Problem in dminphi
Begin processing the 701st record. Run 1, Event 19747977, LumiSection 49409 at 16-Aug-2013 01:36:24.197 CEST
Problem in dminphi
Problem in dminphi
Problem in dminphi
Problem in dminphi
Problem in dminphi
Problem in dminphi
Problem in dminphi
Problem in dminphi
Begin processing the 801st record. Run 1, Event 19750218, LumiSection 49415 at 16-Aug-2013 01:37:57.169 CEST
Begin processing the 901st record. Run 1, Event 21838462, LumiSection 54640 at 16-Aug-2013 01:39:33.315 CEST
Problem in dminphi
Problem in dminphi
Begin processing the 1001st record. Run 1, Event 21838689, LumiSection 54640 at 16-Aug-2013 01:40:55.608 CEST
Problem in dminphi
Problem in dminphi
Problem in dminphi
Problem in dminphi
Begin processing the 1101st record. Run 1, Event 21925725, LumiSection 54858 at 16-Aug-2013 01:42:22.707 CEST
Begin processing the 1201st record. Run 1, Event 21925920, LumiSection 54858 at 16-Aug-2013 01:43:49.105 CEST
Problem in dminphi
Problem in dminphi
Begin processing the 1301st record. Run 1, Event 21928188, LumiSection 54864 at 16-Aug-2013 01:45:20.513 CEST
Begin processing the 1401st record. Run 1, Event 22016831, LumiSection 55087 at 16-Aug-2013 01:46:48.204 CEST
Problem in dminphi
Problem in dminphi
Problem in dminphi
Problem in dminphi
Begin processing the 1501st record. Run 1, Event 22017073, LumiSection 55087 at 16-Aug-2013 01:48:17.951 CEST
Problem in dminphi
Problem in dminphi
Problem in dminphi
Problem in dminphi
Problem in dminphi
Problem in dminphi
Begin processing the 1601st record. Run 1, Event 22017313, LumiSection 55088 at 16-Aug-2013 01:49:50.578 CEST
Problem in dminphi
Problem in dminphi
Begin processing the 1701st record. Run 1, Event 22017572, LumiSection 55088 at 16-Aug-2013 01:51:23.750 CEST
Problem in dminphi
Problem in dminphi
Problem in dminphi
Problem in dminphi
Begin processing the 1801st record. Run 1, Event 51704207, LumiSection 129364 at 16-Aug-2013 01:52:56.061 CEST
Problem in dminphi
Problem in dminphi
Problem in dminphi
Problem in dminphi
Begin processing the 1901st record. Run 1, Event 51821647, LumiSection 129658 at 16-Aug-2013 01:54:28.046 CEST
Begin processing the 2001st record. Run 1, Event 51821868, LumiSection 129658 at 16-Aug-2013 01:55:52.575 CEST
Begin processing the 2101st record. Run 1, Event 51970511, LumiSection 130030 at 16-Aug-2013 01:57:17.327 CEST
Begin processing the 2201st record. Run 1, Event 51970756, LumiSection 130030 at 16-Aug-2013 01:58:41.694 CEST
Problem in dminphi
Problem in dminphi
Begin processing the 2301st record. Run 1, Event 58108194, LumiSection 145387 at 16-Aug-2013 02:00:05.416 CEST
Begin processing the 2401st record. Run 1, Event 58554456, LumiSection 146504 at 16-Aug-2013 02:01:25.853 CEST
Problem in dminphi
Problem in dminphi
Begin processing the 2501st record. Run 1, Event 58554689, LumiSection 146504 at 16-Aug-2013 02:02:59.575 CEST
16-Aug-2013 02:03:32 CEST  Closed file dcap://gaeds015.ciemat.es:22125/pnfs/ciemat.es/data/cms/prod/store/mc/Summer12_DR53X/DYJetsToLL_M-50_TuneZ2Star_8TeV-madgraph-tarball/AODSIM/PU_S10_START53_V7A-v1/0002/2C1FBAB2-C1D4-E111-A89A-001E6739815B.root
16-Aug-2013 02:03:32 CEST  Initiating request to open file dcap://gaeds015.ciemat.es:22125/pnfs/ciemat.es/data/cms/prod/store/mc/Summer12_DR53X/DYJetsToLL_M-50_TuneZ2Star_8TeV-madgraph-tarball/AODSIM/PU_S10_START53_V7A-v1/0002/5E4E03BC-BDD4-E111-8695-001E67396DF1.root
16-Aug-2013 02:03:33 CEST  Successfully opened file dcap://gaeds015.ciemat.es:22125/pnfs/ciemat.es/data/cms/prod/store/mc/Summer12_DR53X/DYJetsToLL_M-50_TuneZ2Star_8TeV-madgraph-tarball/AODSIM/PU_S10_START53_V7A-v1/0002/5E4E03BC-BDD4-E111-8695-001E67396DF1.root
Begin processing the 2601st record. Run 1, Event 7634516, LumiSection 19102 at 16-Aug-2013 02:04:35.001 CEST
Begin processing the 2701st record. Run 1, Event 7634749, LumiSection 19102 at 16-Aug-2013 02:06:03.864 CEST
Problem in dminphi
Problem in dminphi
Begin processing the 2801st record. Run 1, Event 7640965, LumiSection 19118 at 16-Aug-2013 02:07:26.707 CEST
Problem in dminphi
Problem in dminphi
Begin processing the 2901st record. Run 1, Event 7641185, LumiSection 19118 at 16-Aug-2013 02:09:00.402 CEST
Problem in dminphi
Problem in dminphi
Problem in dminphi
Problem in dminphi
Begin processing the 3001st record. Run 1, Event 7644212, LumiSection 19126 at 16-Aug-2013 02:10:31.952 CEST
Problem in dminphi
Problem in dminphi
Begin processing the 3101st record. Run 1, Event 7646440, LumiSection 19132 at 16-Aug-2013 02:12:00.695 CEST
Begin processing the 3201st record. Run 1, Event 7646668, LumiSection 19132 at 16-Aug-2013 02:13:30.364 CEST
Begin processing the 3301st record. Run 1, Event 7649287, LumiSection 19139 at 16-Aug-2013 02:15:02.530 CEST
Problem in dminphi
Problem in dminphi
Problem in dminphi
Problem in dminphi
Problem in dminphi
Problem in dminphi
Begin processing the 3401st record. Run 1, Event 7649499, LumiSection 19139 at 16-Aug-2013 02:16:36.627 CEST
Problem in dminphi
Problem in dminphi
Problem in dminphi
Problem in dminphi
Begin processing the 3501st record. Run 1, Event 21668487, LumiSection 54215 at 16-Aug-2013 02:18:09.484 CEST
Problem in dminphi
Problem in dminphi
Problem in dminphi
Problem in dminphi
Begin processing the 3601st record. Run 1, Event 21668729, LumiSection 54215 at 16-Aug-2013 02:19:35.990 CEST
Begin processing the 3701st record. Run 1, Event 21676573, LumiSection 54235 at 16-Aug-2013 02:21:15.832 CEST
Problem in dminphi
Problem in dminphi
Problem in dminphi
Problem in dminphi
Problem in dminphi
Problem in dminphi
Problem in dminphi
Problem in dminphi
Begin processing the 3801st record. Run 1, Event 21677206, LumiSection 54237 at 16-Aug-2013 02:22:52.096 CEST
Problem in dminphi
Problem in dminphi
Problem in dminphi
Problem in dminphi
Begin processing the 3901st record. Run 1, Event 21677429, LumiSection 54237 at 16-Aug-2013 02:24:24.265 CEST
Problem in dminphi
Problem in dminphi
Begin processing the 4001st record. Run 1, Event 21755672, LumiSection 54433 at 16-Aug-2013 02:25:48.121 CEST
Begin processing the 4101st record. Run 1, Event 21755929, LumiSection 54433 at 16-Aug-2013 02:27:20.543 CEST
Begin processing the 4201st record. Run 1, Event 21757357, LumiSection 54437 at 16-Aug-2013 02:28:45.117 CEST
Begin processing the 4301st record. Run 1, Event 21757591, LumiSection 54437 at 16-Aug-2013 02:30:11.480 CEST
Problem in dminphi
Problem in dminphi
Begin processing the 4401st record. Run 1, Event 29957823, LumiSection 74954 at 16-Aug-2013 02:31:35.160 CEST
Problem in dminphi
Problem in dminphi
Begin processing the 4501st record. Run 1, Event 30119653, LumiSection 75360 at 16-Aug-2013 02:33:02.739 CEST
Begin processing the 4601st record. Run 1, Event 30119900, LumiSection 75360 at 16-Aug-2013 02:34:27.578 CEST
Problem in dminphi
Problem in dminphi
Begin processing the 4701st record. Run 1, Event 56395709, LumiSection 141102 at 16-Aug-2013 02:35:55.697 CEST
Problem in dminphi
Problem in dminphi
Begin processing the 4801st record. Run 1, Event 56395940, LumiSection 141102 at 16-Aug-2013 02:37:26.362 CEST
Problem in dminphi
Problem in dminphi
Begin processing the 4901st record. Run 1, Event 57078548, LumiSection 142811 at 16-Aug-2013 02:38:47.954 CEST
Begin processing the 5001st record. Run 1, Event 57078771, LumiSection 142811 at 16-Aug-2013 02:40:12.053 CEST
Problem in dminphi
Problem in dminphi
Begin processing the 5101st record. Run 1, Event 57242204, LumiSection 143220 at 16-Aug-2013 02:41:35.972 CEST
Begin processing the 5201st record. Run 1, Event 36298457, LumiSection 90819 at 16-Aug-2013 02:43:12.660 CEST
Problem in dminphi
Problem in dminphi
Begin processing the 5301st record. Run 1, Event 36298709, LumiSection 90819 at 16-Aug-2013 02:44:47.541 CEST
Problem in dminphi
Problem in dminphi
Begin processing the 5401st record. Run 1, Event 36298938, LumiSection 90820 at 16-Aug-2013 02:46:13.138 CEST
Begin processing the 5501st record. Run 1, Event 36299168, LumiSection 90820 at 16-Aug-2013 02:47:49.744 CEST
Begin processing the 5601st record. Run 1, Event 37801810, LumiSection 94580 at 16-Aug-2013 02:49:27.844 CEST
Problem in dminphi
Problem in dminphi
Problem in dminphi
Problem in dminphi
Problem in dminphi
Problem in dminphi
Begin processing the 5701st record. Run 1, Event 37802057, LumiSection 94581 at 16-Aug-2013 02:51:01.665 CEST
Problem in dminphi
Problem in dminphi
Begin processing the 5801st record. Run 1, Event 37802285, LumiSection 94581 at 16-Aug-2013 02:52:30.663 CEST
Problem in dminphi
Problem in dminphi
Begin processing the 5901st record. Run 1, Event 44513309, LumiSection 111373 at 16-Aug-2013 02:53:58.668 CEST
Problem in dminphi
Problem in dminphi
Begin processing the 6001st record. Run 1, Event 44513512, LumiSection 111373 at 16-Aug-2013 02:55:26.014 CEST
Begin processing the 6101st record. Run 1, Event 56637322, LumiSection 141707 at 16-Aug-2013 02:56:55.543 CEST
Problem in dminphi
Problem in dminphi
Begin processing the 6201st record. Run 1, Event 56637560, LumiSection 141707 at 16-Aug-2013 02:58:26.423 CEST
Begin processing the 6301st record. Run 1, Event 56638203, LumiSection 141709 at 16-Aug-2013 02:59:58.388 CEST
Problem in dminphi
Problem in dminphi
Problem in dminphi
Problem in dminphi
Begin processing the 6401st record. Run 1, Event 56705234, LumiSection 141877 at 16-Aug-2013 03:01:27.572 CEST
Problem in dminphi
Problem in dminphi
Problem in dminphi
Problem in dminphi
Begin processing the 6501st record. Run 1, Event 56705450, LumiSection 141877 at 16-Aug-2013 03:02:53.758 CEST
Begin processing the 6601st record. Run 1, Event 56705674, LumiSection 141878 at 16-Aug-2013 03:04:29.541 CEST
Problem in dminphi
Problem in dminphi
Begin processing the 6701st record. Run 1, Event 56705928, LumiSection 141878 at 16-Aug-2013 03:06:01.129 CEST
Begin processing the 6801st record. Run 1, Event 56708551, LumiSection 141885 at 16-Aug-2013 03:07:40.409 CEST
Begin processing the 6901st record. Run 1, Event 56708792, LumiSection 141885 at 16-Aug-2013 03:09:04.861 CEST
Problem in dminphi
Problem in dminphi
Begin processing the 7001st record. Run 1, Event 65482617, LumiSection 163837 at 16-Aug-2013 03:10:38.085 CEST
Begin processing the 7101st record. Run 1, Event 67006060, LumiSection 167650 at 16-Aug-2013 03:12:02.487 CEST
Problem in dminphi
Problem in dminphi
Begin processing the 7201st record. Run 1, Event 67006269, LumiSection 167650 at 16-Aug-2013 03:13:34.340 CEST
Begin processing the 7301st record. Run 1, Event 67006482, LumiSection 167651 at 16-Aug-2013 03:15:13.871 CEST
Begin processing the 7401st record. Run 1, Event 67006705, LumiSection 167651 at 16-Aug-2013 03:16:41.365 CEST
Problem in dminphi
Problem in dminphi
Begin processing the 7501st record. Run 1, Event 67009319, LumiSection 167658 at 16-Aug-2013 03:18:11.522 CEST
Begin processing the 7601st record. Run 1, Event 67009520, LumiSection 167658 at 16-Aug-2013 03:19:35.683 CEST
Begin processing the 7701st record. Run 1, Event 67041742, LumiSection 167739 at 16-Aug-2013 03:21:01.689 CEST
Problem in dminphi
Problem in dminphi
Begin processing the 7801st record. Run 1, Event 67041969, LumiSection 167739 at 16-Aug-2013 03:22:18.566 CEST
Problem in dminphi
Problem in dminphi
Problem in dminphi
Problem in dminphi
Begin processing the 7901st record. Run 1, Event 67142990, LumiSection 167992 at 16-Aug-2013 03:23:44.718 CEST
Problem in dminphi
Problem in dminphi
Begin processing the 8001st record. Run 1, Event 67143648, LumiSection 167994 at 16-Aug-2013 03:25:19.271 CEST
Problem in dminphi
Problem in dminphi
Begin processing the 8101st record. Run 1, Event 67143873, LumiSection 167994 at 16-Aug-2013 03:26:50.245 CEST
Begin processing the 8201st record. Run 1, Event 67145298, LumiSection 167998 at 16-Aug-2013 03:28:18.645 CEST
Begin processing the 8301st record. Run 1, Event 67145526, LumiSection 167998 at 16-Aug-2013 03:29:54.073 CEST
Problem in dminphi
Problem in dminphi
Begin processing the 8401st record. Run 1, Event 67158156, LumiSection 168030 at 16-Aug-2013 03:31:22.397 CEST
Begin processing the 8501st record. Run 1, Event 67158803, LumiSection 168032 at 16-Aug-2013 03:32:50.377 CEST
Problem in dminphi
Problem in dminphi
Problem in dminphi
Problem in dminphi
Begin processing the 8601st record. Run 1, Event 67159032, LumiSection 168032 at 16-Aug-2013 03:34:23.084 CEST
Problem in dminphi
Problem in dminphi
Problem in dminphi
Problem in dminphi
Begin processing the 8701st record. Run 1, Event 67159259, LumiSection 168033 at 16-Aug-2013 03:35:50.245 CEST
Begin processing the 8801st record. Run 1, Event 67159491, LumiSection 168033 at 16-Aug-2013 03:37:20.952 CEST
Begin processing the 8901st record. Run 1, Event 67160533, LumiSection 168036 at 16-Aug-2013 03:38:51.984 CEST
Problem in dminphi
Problem in dminphi
Begin processing the 9001st record. Run 1, Event 67160769, LumiSection 168036 at 16-Aug-2013 03:40:22.446 CEST
Begin processing the 9101st record. Run 1, Event 67161384, LumiSection 168038 at 16-Aug-2013 03:41:55.847 CEST
Begin processing the 9201st record. Run 1, Event 67162045, LumiSection 168040 at 16-Aug-2013 03:43:15.393 CEST
Begin processing the 9301st record. Run 1, Event 67162280, LumiSection 168040 at 16-Aug-2013 03:44:33.842 CEST
Begin processing the 9401st record. Run 1, Event 67162902, LumiSection 168042 at 16-Aug-2013 03:46:00.864 CEST
Problem in dminphi
Problem in dminphi
Begin processing the 9501st record. Run 1, Event 67163131, LumiSection 168042 at 16-Aug-2013 03:47:30.897 CEST
16-Aug-2013 03:48:05 CEST  Closed file dcap://gaeds015.ciemat.es:22125/pnfs/ciemat.es/data/cms/prod/store/mc/Summer12_DR53X/DYJetsToLL_M-50_TuneZ2Star_8TeV-madgraph-tarball/AODSIM/PU_S10_START53_V7A-v1/0002/5E4E03BC-BDD4-E111-8695-001E67396DF1.root

=============================================

MessageLogger Summary

 type     category        sev    module        subroutine        count    total
 ---- -------------------- -- ---------------- ----------------  -----    -----
    1 fileAction           -s file_close                             2        2
    2 fileAction           -s file_open                              4        4

 type    category    Examples: run/evt        run/evt          run/evt
 ---- -------------------- ---------------- ---------------- ----------------
    1 fileAction           PostProcessEvent PostEndRun       
    2 fileAction           pre-events       pre-events       PostProcessEvent

Severity    # Occurrences   Total Occurrences
--------    -------------   -----------------
System                  6                   6
>>> END OF printout of 280 lines from stdout+stderr
>>> Parse FrameworkJobReport crab_fjr.xml
Result of parsing the FrameworkJobReport crab_fjr.xml: Popularity start
lumisRange : 1::19102,19118,19126,19132,19139,54215,54235,54237,54433,54437,74954,75360,90819-90820,94580-94581,111373,141102,141707,141709,141877-141878,141885,142811,143220,163837,167650-167651,167658,167739,167992,167994,167998,168030,168032-168033,168036,168038,168040,168042::1;1::49177,49183,49408-49409,49415,54640,54858,54864,55087-55088,129364,129658,130030,145387,146504::2;
lumisParentRange : 
Basename : /store/mc/Summer12_DR53X/DYJetsToLL_M-50_TuneZ2Star_8TeV-madgraph-tarball/AODSIM/PU_S10_START53_V7A-v1/0002/
BasenameParent : 
parentFiles : 
inputBlocks : /DYJetsToLL_M-50_TuneZ2Star_8TeV-madgraph-tarball/Summer12_DR53X-PU_S10_START53_V7A-v1/AODSIM#e385255e-d4bf-11e1-80c6-003048f02c8a
inputFiles : 5E4E03BC-BDD4-E111-8695-001E67396DF1.root::1::EDM::Local::1;2C1FBAB2-C1D4-E111-A89A-001E6739815B.root::1::EDM::Local::2;
Popularity stop
Extracted ExitStatus from FrameworkJobReport parsing output: 0
>>> Executable succeded  0
ExeExitCode=0
EXECUTABLE_EXIT_STATUS = 0
>>> current directory /home/cms885/home_cream_166890240/CREAM166890240/CMSSW_5_3_11_patch3
>>>  (SOFTWARE_DIR): /home/cms885/home_cream_166890240/CREAM166890240/CMSSW_5_3_11_patch3
>>> (WORKING_DIR): 
>>> current directory content:
total 5344
drwxr-xr-x 3 cms885 cms    4096 Aug 16 01:25 .SCRAM
-rw------- 1 cms885 cms 1368839 Aug 16 01:25 CMSSW.py.pkl
drwxr-xr-x 3 cms885 cms    4096 Aug 16 01:25 bin
drwxr-xr-x 3 cms885 cms    4096 Aug 16 01:25 cfipython
drwxr-xr-x 4 cms885 cms    4096 Aug 16 01:25 config
-rw------- 1 cms885 cms      18 Aug 16 03:48 cpu_timing.txt
drwxr-xr-x 2 cms885 cms    4096 Aug 16 01:25 doc
-rw------- 1 cms885 cms   16009 Aug 16 03:48 executable.out
drwxr-xr-x 2 cms885 cms    4096 Aug 16 01:25 include
drwx------ 3 cms885 cms    4096 Jul 19 16:47 lib
drwxr-xr-x 3 cms885 cms    4096 Aug 16 01:25 logs
drwxr-xr-x 3 cms885 cms    4096 Aug 16 01:25 objs
-rw------- 1 cms885 cms 2622562 Aug 16 03:48 pfTauIdEffNtuple2.root
-rw------- 1 cms885 cms     104 Aug 16 01:25 pset.py
-rw------- 1 cms885 cms 1369142 Aug 16 01:25 pset.py.pkl
-rw------- 1 cms885 cms     289 Aug 16 01:25 pset.pyc
-rw------- 1 cms885 cms    3875 Aug 16 01:25 puDist_mc.root
drwxr-xr-x 2 cms885 cms    4096 Aug 16 01:25 python
-rw------- 1 cms885 cms     546 Aug 16 03:48 report.log
drwx------ 6 cms885 cms    4096 Aug 16 01:25 src
drwxr-xr-x 3 cms885 cms    4096 Aug 16 01:25 test
drwxr-xr-x 3 cms885 cms    4096 Aug 16 01:25 tmp
>>> current directory /home/cms885/home_cream_166890240/CREAM166890240/CMSSW_5_3_11_patch3
>>> (SOFTWARE_DIR): /home/cms885/home_cream_166890240/CREAM166890240/CMSSW_5_3_11_patch3
>>> (WORKING_DIR): 
>>> current directory content:
total 5344
drwxr-xr-x 3 cms885 cms    4096 Aug 16 01:25 .SCRAM
-rw------- 1 cms885 cms 1368839 Aug 16 01:25 CMSSW.py.pkl
drwxr-xr-x 3 cms885 cms    4096 Aug 16 01:25 bin
drwxr-xr-x 3 cms885 cms    4096 Aug 16 01:25 cfipython
drwxr-xr-x 4 cms885 cms    4096 Aug 16 01:25 config
-rw------- 1 cms885 cms      18 Aug 16 03:48 cpu_timing.txt
drwxr-xr-x 2 cms885 cms    4096 Aug 16 01:25 doc
-rw------- 1 cms885 cms   16009 Aug 16 03:48 executable.out
drwxr-xr-x 2 cms885 cms    4096 Aug 16 01:25 include
drwx------ 3 cms885 cms    4096 Jul 19 16:47 lib
drwxr-xr-x 3 cms885 cms    4096 Aug 16 01:25 logs
drwxr-xr-x 3 cms885 cms    4096 Aug 16 01:25 objs
-rw------- 1 cms885 cms 2622562 Aug 16 03:48 pfTauIdEffNtuple2_269_2_uS2.root
-rw------- 1 cms885 cms     104 Aug 16 01:25 pset.py
-rw------- 1 cms885 cms 1369142 Aug 16 01:25 pset.py.pkl
-rw------- 1 cms885 cms     289 Aug 16 01:25 pset.pyc
-rw------- 1 cms885 cms    3875 Aug 16 01:25 puDist_mc.root
drwxr-xr-x 2 cms885 cms    4096 Aug 16 01:25 python
-rw------- 1 cms885 cms     546 Aug 16 03:48 report.log
drwx------ 6 cms885 cms    4096 Aug 16 01:25 src
drwxr-xr-x 3 cms885 cms    4096 Aug 16 01:25 test
drwxr-xr-x 3 cms885 cms    4096 Aug 16 01:25 tmp
>>> current directory (RUNTIME_AREA):  /home/cms885/home_cream_166890240/CREAM166890240
SE = polgrid4.in2p3.fr
SE_PATH = /srm/managerv2?SFN=/dpm/in2p3.fr/home/cms/trivcat/store/user/inaranjo/PFTauIdEff/PFTauIdEff-V18-DYJetsToLL-madgraph-DR53X-Summer12-v2/
LFNBaseName = /store/user/inaranjo/PFTauIdEff/PFTauIdEff-V18-DYJetsToLL-madgraph-DR53X-Summer12-v2/
USER = inaranjo
endpoint = srm://polgrid4.in2p3.fr:8446/srm/managerv2?SFN=/dpm/in2p3.fr/home/cms/trivcat/store/user/inaranjo/PFTauIdEff/PFTauIdEff-V18-DYJetsToLL-madgraph-DR53X-Summer12-v2/
>>> Copy output files from WN = gaew1055.ciemat.es to /srm/managerv2?SFN=/dpm/in2p3.fr/home/cms/trivcat/store/user/inaranjo/PFTauIdEff/PFTauIdEff-V18-DYJetsToLL-madgraph-DR53X-Summer12-v2/ :
python cmscp.py  --destination srm://polgrid4.in2p3.fr:8446/srm/managerv2?SFN=/dpm/in2p3.fr/home/cms/trivcat/store/user/inaranjo/PFTauIdEff/PFTauIdEff-V18-DYJetsToLL-madgraph-DR53X-Summer12-v2/ --inputFileList /home/cms885/home_cream_166890240/CREAM166890240/CMSSW_5_3_11_patch3/pfTauIdEffNtuple2_269_2_uS2.root --middleware LCG --se_name polgrid4.in2p3.fr --for_lfn /store/user/inaranjo/PFTauIdEff/PFTauIdEff-V18-DYJetsToLL-madgraph-DR53X-Summer12-v2/    
******************************************************
localSeName  =  srm.ciemat.es
remoteSeName =  polgrid4.in2p3.fr
******************************************************
{"/home/cms885/home_cream_166890240/CREAM166890240/CMSSW_5_3_11_patch3/pfTauIdEffNtuple2_269_2_uS2.root": {"endpoint": "srm://polgrid4.in2p3.fr:8446/srm/managerv2?SFN=/dpm/in2p3.fr/home/cms/trivcat/store/user/inaranjo/PFTauIdEff/PFTauIdEff-V18-DYJetsToLL-madgraph-DR53X-Summer12-v2/", "surl_for_grid": "", "reason": "Copy succedeed with srm-lcg utils", "erCode": "0", "se_name": "polgrid4.in2p3.fr", "for_lfn": "/store/user/inaranjo/PFTauIdEff/PFTauIdEff-V18-DYJetsToLL-madgraph-DR53X-Summer12-v2/"}}/home/cms885/home_cream_166890240/CREAM166890240
-------- cat /home/cms885/home_cream_166890240/CREAM166890240/cmscpReport.sh 
#!/bin/bash
echo "Report for File: /home/cms885/home_cream_166890240/CREAM166890240/CMSSW_5_3_11_patch3/pfTauIdEffNtuple2_269_2_uS2.root"
echo "LFN: /store/user/inaranjo/PFTauIdEff/PFTauIdEff-V18-DYJetsToLL-madgraph-DR53X-Summer12-v2/pfTauIdEffNtuple2_269_2_uS2.root"
echo "StorageElement: polgrid4.in2p3.fr"
echo "StageOutExitStatusReason = 'Copy succedeed with srm-lcg utils'" | tee -a $RUNTIME_AREA/$repo
echo "StageOutSE = polgrid4.in2p3.fr" >> $RUNTIME_AREA/$repo

export StageOutExitStatus=0
echo "StageOutExitStatus = 0" | tee -a $RUNTIME_AREA/$repo
-------- end of /home/cms885/home_cream_166890240/CREAM166890240/cmscpReport.sh 
Report for File: /home/cms885/home_cream_166890240/CREAM166890240/CMSSW_5_3_11_patch3/pfTauIdEffNtuple2_269_2_uS2.root
LFN: /store/user/inaranjo/PFTauIdEff/PFTauIdEff-V18-DYJetsToLL-madgraph-DR53X-Summer12-v2/pfTauIdEffNtuple2_269_2_uS2.root
StorageElement: polgrid4.in2p3.fr
StageOutExitStatusReason = 'Copy succedeed with srm-lcg utils'
StageOutExitStatus = 0
>>> current dir: /home/cms885/home_cream_166890240/CREAM166890240
>>> current dir content:
total 13072
-rwx------  1 cms885 cms     2100 Aug 16 01:25 .BrokerInfo
-rw-------  1 cms885 cms     2176 Aug 16 03:48 .SEinteraction.log
-rwx------  1 cms885 cms        0 Aug 16 01:25 .tmp_file
-rw-------  1 cms885 cms      105 Aug 15 02:48 CMSSW.py
-rw-------  1 cms885 cms  1368839 Aug 15 02:48 CMSSW.py.pkl
-rwx------  1 cms885 cms    27618 Aug 16 01:25 CMSSW.sh
-rwx------  1 cms885 cms        0 Aug 16 01:25 CMSSW_269.stderr
-rwx---r--  1 cms885 cms    31123 Aug 16 03:48 CMSSW_269.stdout
drwxr-xr-x 15 cms885 cms     4096 Aug 16 03:48 CMSSW_5_3_11_patch3
-rw-------  1 cms885 cms      284 Aug 16 01:25 CacheEnv.sh
-rw-------  1 cms885 cms     7291 Jun  9  2010 DashboardAPI.py
-rw-------  1 cms885 cms     6418 Aug 16 01:25 DashboardAPI.pyc
drwx------  3 cms885 cms     4096 Aug 16 03:48 IMProv
-rw-------  1 cms885 cms     2748 Mar  8  2006 Logger.py
-rw-------  1 cms885 cms     3198 Aug 16 01:25 Logger.pyc
-rw-------  1 cms885 cms    24524 Mar 28  2008 ProcInfo.py
-rw-------  1 cms885 cms    22726 Aug 16 01:25 ProcInfo.pyc
drwx------  7 cms885 cms     4096 Aug 16 01:25 ProdCommon
drwx------  3 cms885 cms     4096 Aug 16 01:25 WMCore
-rw-------  1 cms885 cms     3366 Aug 16 03:48 Watchdog_269.log
-rw-------  1 cms885 cms    32895 Mar 28  2008 apmon.py
-rw-------  1 cms885 cms    27975 Aug 16 01:25 apmon.pyc
-rwx------  1 cms885 cms   674848 Aug 16 01:25 arguments.xml
-rwx------  1 cms885 cms    38294 Jan 11  2013 cmscp.py
-rw-------  1 cms885 cms      557 Aug 16 03:48 cmscpReport.sh
-rw-------  1 cms885 cms      602 Aug 15 02:48 crab.cfg
-rwx------  1 cms885 cms     8610 Apr  2 15:44 crabWatchdog.sh
-rwx---r--  1 cms885 cms    75776 Aug 16 03:48 crab_fjr_269.xml
-rwx------  1 cms885 cms 10863174 Aug 16 01:25 default.tgz
-rwx------  1 cms885 cms     4488 May 12  2012 fillCrabFjr.py
-rw-------  1 cms885 cms      479 Aug 16 01:25 inputsReport.txt
-rw-------  1 cms885 cms      291 Aug 16 03:48 jobreport.txt
-rw-------  1 cms885 cms    17352 Jan 20  2012 parseCrabFjr.py
lrwxrwxrwx  1 cms885 cms      101 Aug 16 03:48 pfTauIdEffNtuple2.root -> /home/cms885/home_cream_166890240/CREAM166890240/CMSSW_5_3_11_patch3/pfTauIdEffNtuple2_269_2_uS2.root
-rw-------  1 cms885 cms      304 Aug 16 01:25 report.log
-rwx--x--x  1 cms885 cms     1497 May 27  2009 report.py
-rw-------  1 cms885 cms      500 Aug 16 03:48 resultCopyFile
-rwx------  1 cms885 cms     8387 Mar 23  2011 writeCfg.py
>>> Modify Job Report:
CMSSW_VERSION = CMSSW_5_3_11_patch3
/home/cms885/home_cream_166890240/CREAM166890240/ProdCommon/FwkJobRep/ModifyJobReport.py fjr /home/cms885/home_cream_166890240/CREAM166890240/crab_fjr_269.xml json /home/cms885/home_cream_166890240/CREAM166890240/resultCopyFile n_job 269_2_uS2 PrimaryDataset DYJetsToLL_M-50_TuneZ2Star_8TeV-madgraph-tarball  ApplicationFamily cmsRun ApplicationName cmsRun cmssw_version CMSSW_5_3_11_patch3 psethash ad1530fd04abf2a74b3716344e50f888
inputDict =  {u'/home/cms885/home_cream_166890240/CREAM166890240/CMSSW_5_3_11_patch3/pfTauIdEffNtuple2_269_2_uS2.root': {u'endpoint': u'srm://polgrid4.in2p3.fr:8446/srm/managerv2?SFN=/dpm/in2p3.fr/home/cms/trivcat/store/user/inaranjo/PFTauIdEff/PFTauIdEff-V18-DYJetsToLL-madgraph-DR53X-Summer12-v2/', u'surl_for_grid': u'', u'reason': u'Copy succedeed with srm-lcg utils', u'erCode': u'0', u'se_name': u'polgrid4.in2p3.fr', u'for_lfn': u'/store/user/inaranjo/PFTauIdEff/PFTauIdEff-V18-DYJetsToLL-madgraph-DR53X-Summer12-v2/'}}
diz_filter =  {}
UserProcessedDataset =  
    file =  pfTauIdEffNtuple2_269_2_uS2.root
    newPfn =  srm://polgrid4.in2p3.fr:8446/srm/managerv2?SFN=/dpm/in2p3.fr/home/cms/trivcat/store/user/inaranjo/PFTauIdEff/PFTauIdEff-V18-DYJetsToLL-madgraph-DR53X-Summer12-v2/pfTauIdEffNtuple2_269_2_uS2.root
    newLfn =  /store/user/inaranjo/PFTauIdEff/PFTauIdEff-V18-DYJetsToLL-madgraph-DR53X-Summer12-v2/pfTauIdEffNtuple2_269_2_uS2.root
>>> crab_fjr_*.xml  permission set to 0704
Checking output files:  
will tar file crab_fjr_269.xml in  out_files_269
will tar file CMSSW_269.stdout in  out_files_269
will tar file CMSSW_269.stderr in  out_files_269
WARNING: output file Watchdog_269.log.gz not found!
>>> padding time: Wrapper lasting more than 600 seconds. No sleep required.
STOPPING WATCHDOG. CrabWatchdog PID is 4160
********** LAST 50 LINES OF WATCHDOG LOG
# RESOURCE USAGE SUMMARY FOR PROCESS ID  4047
USER       PID %CPU %MEM    VSZ   RSS TTY      STAT START   TIME COMMAND
cms885    4047  0.2  0.0   9500  1520 ?        S    01:25   0:00 /bin/sh ./CMSSW.sh 269 2
 
# LIMITS USED BY CRAB WATCHDOG:
# RSS  (KBytes)   : 2300000
# VSZ  (KBytes)   : 100000000
# DISK (MBytes)   : 19000
# CPU TIME        : 720h:0m:0s
# WALL CLOCK TIME : 21h:50m:0s
 
# FOLLOWING PRINTOUT TRACKS MAXIMUM VALUES OF RESOURCES USE
# ONE LINE IS PRINTED EACH TIME A MAXIMUM CHANGES
# IF CHANGE WAS IN RSS OR VSZ ALSO PROCID AND COMMAND ARE PRINTED
# THERE IS NO PRINTOUT FOR CPU/WALL TIME INCREASE
 
# TIME			PID	RSS(KB)	VSZ(KB)	Dsk(MB)	tCPU(s)	tWALL(s)	COMMAND
 Aug 16 01:25:20 CEST	4044	1124	9232	0	0	0	sh -c "./CMSSW.sh" 269 2$* > "CMSSW_269.stdout" 2> "CMSSW_269.stderr"  
 Aug 16 01:25:20 CEST	4047	1520	9500	0	0	1	/bin/sh ./CMSSW.sh 269 2       
 Aug 16 01:25:20 CEST	4172	27608	91616	0	0	1	edmConfigHash pset.py         
 Aug 16 01:25:20 CEST	---	27608	91616	63	----	----	----
 Aug 16 01:26:21 CEST	4320	600436	810664	63	50	61	cmsRun -j /home/cms885/home_cream_166890240/CREAM166890240/crab_fjr_269.xml -p pset.py      
 Aug 16 01:26:21 CEST	---	600436	810664	64	----	----	----
 Aug 16 01:27:21 CEST	4320	602552	812200	64	110	121	cmsRun -j /home/cms885/home_cream_166890240/CREAM166890240/crab_fjr_269.xml -p pset.py      
 Aug 16 01:28:21 CEST	4320	603688	813992	64	170	181	cmsRun -j /home/cms885/home_cream_166890240/CREAM166890240/crab_fjr_269.xml -p pset.py      
 Aug 16 01:29:21 CEST	4320	606312	817320	64	230	242	cmsRun -j /home/cms885/home_cream_166890240/CREAM166890240/crab_fjr_269.xml -p pset.py      
 Aug 16 01:30:22 CEST	4320	609088	821160	64	290	302	cmsRun -j /home/cms885/home_cream_166890240/CREAM166890240/crab_fjr_269.xml -p pset.py      
 Aug 16 01:36:23 CEST	4320	610140	821672	64	647	664	cmsRun -j /home/cms885/home_cream_166890240/CREAM166890240/crab_fjr_269.xml -p pset.py      
 Aug 16 01:41:24 CEST	4320	610788	822184	64	943	964	cmsRun -j /home/cms885/home_cream_166890240/CREAM166890240/crab_fjr_269.xml -p pset.py      
 Aug 16 01:55:27 CEST	4320	611364	822184	64	1772	1807	cmsRun -j /home/cms885/home_cream_166890240/CREAM166890240/crab_fjr_269.xml -p pset.py      
 Aug 16 01:59:28 CEST	4320	612840	822184	64	2011	2048	cmsRun -j /home/cms885/home_cream_166890240/CREAM166890240/crab_fjr_269.xml -p pset.py      
 Aug 16 02:00:28 CEST	4320	625596	822184	64	2070	2108	cmsRun -j /home/cms885/home_cream_166890240/CREAM166890240/crab_fjr_269.xml -p pset.py      
 Aug 16 02:01:28 CEST	4320	638788	822184	64	2130	2168	cmsRun -j /home/cms885/home_cream_166890240/CREAM166890240/crab_fjr_269.xml -p pset.py      
 Aug 16 02:03:28 CEST	4320	639748	822184	64	2249	2289	cmsRun -j /home/cms885/home_cream_166890240/CREAM166890240/crab_fjr_269.xml -p pset.py      
 Aug 16 02:14:39 CEST	4320	639748	823976	64	2904	2960	cmsRun -j /home/cms885/home_cream_166890240/CREAM166890240/crab_fjr_269.xml -p pset.py      
 Aug 16 02:16:40 CEST	4320	639748	824232	64	3023	3081	cmsRun -j /home/cms885/home_cream_166890240/CREAM166890240/crab_fjr_269.xml -p pset.py      
 Aug 16 02:20:45 CEST	4320	639748	828328	64	3260	3326	cmsRun -j /home/cms885/home_cream_166890240/CREAM166890240/crab_fjr_269.xml -p pset.py      
 Aug 16 02:42:13 CEST	---	639748	828328	66	----	----	----
 Aug 16 03:48:14 CEST	---	639748	828328	67	----	----	----
********** WATCHDOG LOG ENDED
ZIPPING WATCHDOG LOG
Disk space used:
du -sh /home/cms885/home_cream_166890240/CREAM166890240
67M	/home/cms885/home_cream_166890240/CREAM166890240
Found unusual stderr, rename for OSB
`/home/cms885/home_cream_166890240/CREAM166890240/CMSSW_269.stdout' -> `CMSSW_269.stderr'
crab_fjr_269.xml
CMSSW_269.stdout
tar: CMSSW_269.stdout: file changed as we read it
CMSSW_269.stderr
Watchdog_269.log.gz
Total Output dimension: 25509
WARNING: output files size limit is set to: 55000000
Total Output dimension 25509 is fine.
JOB_EXIT_STATUS = 0
>>> info for dashboard:
***** Cat /home/cms885/home_cream_166890240/CREAM166890240/jobreport.txt *****
MonitorJobID=269_https://wms312.cern.ch:9000/TJXWUJdnuu9vORFeBo6l1Q
MonitorID=inaranjo_PFTauIdEff-V18-DYJetsToLL-madgraph-DR53X-Summer12-v2_ipq426
ExeTime=8560
ExeExitCode=0
StageOutExitStatusReason = 'Copy succedeed with srm-lcg utils'
StageOutSE = polgrid4.in2p3.fr
StageOutExitStatus = 0
CrabUserCpuTime=8371.11
CrabSysCpuTime=29.77
CrabCpuPercentage=98%
CrabWrapperTime=8621
CrabStageoutTime=48
JobExitCode=0
***** End Cat jobreport *****
Parameters sent to Dashboard.
crab_fjr_269.xml
