This script was generated by crab (version 2.8.8).
Running ./CMSSW.sh with 2 positional parameters: 90 1
Today is Tue Aug 13 21:05:32 BST 2013
Job submitted on host we096.grid.hep.ph.ic.ac.uk
Linux we096.grid.hep.ph.ic.ac.uk 2.6.18-348.12.1.el5 #1 SMP Wed Jul 10 05:28:41 EDT 2013 x86_64 x86_64 x86_64 GNU/Linux
>>> current directory (RUNTIME_AREA): /srv/localstage/scratch/8624484.1.grid.q/CREAM710572087
>>> current user: uid=109909(lt2-cms358) gid=20013(lt2-cms) groups=10007(sgejob07),20013(lt2-cms) context=system_u:system_r:initrc_t
>>> directory permission set to 0700
>>> umask set to:  u=rwx,g=,o=
>>> stdout stderr permission set to 0704
>>> voms proxy information:
subject   : /O=GRID-FR/C=FR/O=CNRS/OU=LLR/CN=Ivo Naranjo/CN=proxy/CN=proxy/CN=proxy/CN=limited proxy
issuer    : /O=GRID-FR/C=FR/O=CNRS/OU=LLR/CN=Ivo Naranjo/CN=proxy/CN=proxy/CN=proxy
identity  : /O=GRID-FR/C=FR/O=CNRS/OU=LLR/CN=Ivo Naranjo/CN=proxy/CN=proxy/CN=proxy
type      : limited proxy
strength  : 1024 bits
path      : /home/grid/lt2-cms358/home_cre08_710572087/cre08_710572087.proxy
timeleft  : 191:54:43
key usage : 
=== VO cms extension information ===
VO        : cms
subject   : /O=GRID-FR/C=FR/O=CNRS/OU=LLR/CN=Ivo Naranjo
issuer    : /DC=ch/DC=cern/OU=computers/CN=lcg-voms.cern.ch
attribute : /cms/Role=NULL/Capability=NULL
timeleft  : 191:56:42
uri       : lcg-voms.cern.ch:15002
>>> tar --no-same-permissions -xf /srv/localstage/scratch/8624484.1.grid.q/CREAM710572087/default.tgz :
Successful untar
>>> Include /srv/localstage/scratch/8624484.1.grid.q/CREAM710572087 in PYTHONPATH:
PYTHONPATH=/srv/localstage/scratch/8624484.1.grid.q/CREAM710572087/:/vols/grid/wn/emi2/2.6.0-1/emi-wn-2.6.0-1_v1/site-python
strip arguments
env var CRAB_UNIQUE_JOB_ID set to: inaranjo_PFTauIdEff-V18-DYJetsToLL-madgraph-DR53X-Summer12_8xk43p_90_1_837
out_files_90
>>> list of expected files on output sandbox
output files: crab_fjr_90.xml CMSSW_90.stdout CMSSW_90.stderr Watchdog_90.log.gz
>>> GridFlavour discovery: 
GridFlavour=LCG
>>> SyncSite discovery: 
not reporting SyncSite
>>> SyncCE discovery: 
getting SyncCE from CE_ID
SyncCE=ceprod08.grid.hep.ph.ic.ac.uk:8443/cream-sge-grid.q
>>> info for dashboard:
***** Cat /srv/localstage/scratch/8624484.1.grid.q/CREAM710572087/jobreport.txt *****
MonitorJobID=90_https://wms315.cern.ch:9000/XoU0TQdSINVCoL8bfcaLFA
SyncGridJobId=https://wms315.cern.ch:9000/XoU0TQdSINVCoL8bfcaLFA
MonitorID=inaranjo_PFTauIdEff-V18-DYJetsToLL-madgraph-DR53X-Summer12_8xk43p
GridFlavour=LCG
SyncCE=ceprod08.grid.hep.ph.ic.ac.uk:8443/cream-sge-grid.q
***** End Cat jobreport *****
Parameters sent to Dashboard.
>>> setup environment
set SCRAM ARCH to slc5_amd64_gcc462
SCRAM_ARCH = slc5_amd64_gcc462
>>> setup CMS LCG environment:
set SCRAM ARCH and BUILD_ARCH to slc5_amd64_gcc462 ###
Sourcing environment... 
sourcing /vols/sl5_exp_software/cms/cmsset_default.sh
==> setup cms environment ok
>>> specific cmssw setup environment:
CMSSW_VERSION =  CMSSW_5_3_11_patch3
>>> current directory (SOFTWARE_DIR): /srv/localstage/scratch/8624484.1.grid.q/CREAM710572087/CMSSW_5_3_11_patch3
PreserveSeeds: <>
IncrementSeeds:<>
{}
WNHostName=we096.grid.hep.ph.ic.ac.uk
>>> info for dashboard:
***** Cat /srv/localstage/scratch/8624484.1.grid.q/CREAM710572087/jobreport.txt *****
MonitorJobID=90_https://wms315.cern.ch:9000/XoU0TQdSINVCoL8bfcaLFA
MonitorID=inaranjo_PFTauIdEff-V18-DYJetsToLL-madgraph-DR53X-Summer12_8xk43p
WNHostName=we096.grid.hep.ph.ic.ac.uk
***** End Cat jobreport *****
Parameters sent to Dashboard.
crabWatchdog started as process 19926
>>> moving CMSSW software directories in /srv/localstage/scratch/8624484.1.grid.q/CREAM710572087/CMSSW_5_3_11_patch3
mv: cannot stat `/srv/localstage/scratch/8624484.1.grid.q/CREAM710572087/module/': No such file or directory
>>> Include /srv/localstage/scratch/8624484.1.grid.q/CREAM710572087 in PYTHONPATH:
PYTHONPATH=/srv/localstage/scratch/8624484.1.grid.q/CREAM710572087/:/srv/localstage/scratch/8624484.1.grid.q/CREAM710572087/CMSSW_5_3_11_patch3/python:/srv/localstage/scratch/8624484.1.grid.q/CREAM710572087/CMSSW_5_3_11_patch3/lib/slc5_amd64_gcc462:/vols/sl5_exp_software/cms/slc5_amd64_gcc462/cms/cmssw-patch/CMSSW_5_3_11_patch3/python:/vols/sl5_exp_software/cms/slc5_amd64_gcc462/cms/cmssw-patch/CMSSW_5_3_11_patch3/lib/slc5_amd64_gcc462:/vols/sl5_exp_software/cms/slc5_amd64_gcc462/cms/cmssw/CMSSW_5_3_11/bin/slc5_amd64_gcc462:/vols/sl5_exp_software/cms/slc5_amd64_gcc462/cms/cmssw/CMSSW_5_3_11/lib/slc5_amd64_gcc462:/vols/sl5_exp_software/cms/slc5_amd64_gcc462/cms/coral/CORAL_2_3_21-cms35/slc5_amd64_gcc462/python:/vols/sl5_exp_software/cms/slc5_amd64_gcc462/cms/coral/CORAL_2_3_21-cms35/slc5_amd64_gcc462/lib:/vols/sl5_exp_software/cms/slc5_amd64_gcc462/external/pyqt/4.8.1/lib/python2.6/site-packages:/vols/sl5_exp_software/cms/slc5_amd64_gcc462/external/py2-scipy/0.8.0/lib/python2.6/site-packages:/vols/sl5_exp_software/cms/slc5_amd64_gcc462/external/py2-matplotlib/1.0.1/lib/python2.6/site-packages:/vols/sl5_exp_software/cms/slc5_amd64_gcc462/external/python-ldap/2.3.5/lib/python2.6/site-packages:/vols/sl5_exp_software/cms/slc5_amd64_gcc462/external/sip/4.11.2/lib/python2.6/site-packages:/vols/sl5_exp_software/cms/slc5_amd64_gcc462/external/py2-pycurl/7.19.0/lib/python2.6/site-packages:/vols/sl5_exp_software/cms/slc5_amd64_gcc462/external/py2-numpy/1.6.1/lib/python2.6/site-packages:/vols/sl5_exp_software/cms/slc5_amd64_gcc462/external/py2-ipython/0.10/lib/python2.6/site-packages:/vols/sl5_exp_software/cms/slc5_amd64_gcc462/external/py2-cx-oracle/5.1-cms11/lib/python2.6/site-packages:/vols/sl5_exp_software/cms/slc5_amd64_gcc462/external/py2-cjson/1.0.5/lib/python2.6/site-packages:/vols/sl5_exp_software/cms/slc5_amd64_gcc462/cms/das-client/1.9.5/bin:/vols/sl5_exp_software/cms/slc5_amd64_gcc462/external/elementtree/1.2.6/share/lib/python2.6/site-packages:/vols/sl5_exp_software/cms/slc5_amd64_gcc462/external/rivet/1.8.2/lib/python2.6/site-packages:/vols/sl5_exp_software/cms/slc5_amd64_gcc462/external/pyminuit2/0.0.1-cms39/lib/python2.6/site-packages:/vols/sl5_exp_software/cms/slc5_amd64_gcc462/external/professor/1.0.0-cms40/lib/python2.6/site-packages:/vols/sl5_exp_software/cms/slc5_amd64_gcc462/lcg/root/5.32.00-cms21/lib:/vols/sl5_exp_software/cms/slc5_amd64_gcc462/cms/dbs-client/DBS_2_1_9-cms3/lib:/vols/sl5_exp_software/cms/slc5_amd64_gcc462/cms/dbs-client/DBS_2_1_9-cms3/lib/DBSAPI:/vols/sl5_exp_software/cms/slc5_amd64_gcc462/external/cvs2git/5419/lib
 
# LIMITS USED BY CRAB WATCHDOG:
# RSS  (KBytes)   : 2300000
# VSZ  (KBytes)   : 100000000
# DISK (MBytes)   : 19000
# CPU TIME        : 720h:0m:0s
# WALL CLOCK TIME : 21h:50m:0s
 
ad1530fd04abf2a74b3716344e50f888
PSETHASH = ad1530fd04abf2a74b3716344e50f888
/srv/localstage/scratch/8624484.1.grid.q/CREAM710572087/writeCfg.py pset.py pset.py
Importing .py file
Setting parameters
inputBlocks=/DYJetsToLL_M-50_TuneZ2Star_8TeV-madgraph-tarball/Summer12_DR53X-PU_S10_START53_V7A-v1/AODSIM#c4a5a9ba-d267-11e1-80c6-003048f02c8a
inputFiles=/store/mc/Summer12_DR53X/DYJetsToLL_M-50_TuneZ2Star_8TeV-madgraph-tarball/AODSIM/PU_S10_START53_V7A-v1/0000/52E8C59C-93D2-E111-A71D-002481E15008.root;/store/mc/Summer12_DR53X/DYJetsToLL_M-50_TuneZ2Star_8TeV-madgraph-tarball/AODSIM/PU_S10_START53_V7A-v1/0000/4C6D71DB-C5D2-E111-9717-001E67398C37.root;/store/mc/Summer12_DR53X/DYJetsToLL_M-50_TuneZ2Star_8TeV-madgraph-tarball/AODSIM/PU_S10_START53_V7A-v1/0000/2C03F031-C6D2-E111-A294-001E67397EDB.root;/store/mc/Summer12_DR53X/DYJetsToLL_M-50_TuneZ2Star_8TeV-madgraph-tarball/AODSIM/PU_S10_START53_V7A-v1/0000/22E97B33-C6D2-E111-AB3F-001E67397431.root;/store/mc/Summer12_DR53X/DYJetsToLL_M-50_TuneZ2Star_8TeV-madgraph-tarball/AODSIM/PU_S10_START53_V7A-v1/0000/52126B77-A8D2-E111-8B84-002481E14F38.root;/store/mc/Summer12_DR53X/DYJetsToLL_M-50_TuneZ2Star_8TeV-madgraph-tarball/AODSIM/PU_S10_START53_V7A-v1/0000/1A55E87B-A8D2-E111-8E50-001E67398156.root;/store/mc/Summer12_DR53X/DYJetsToLL_M-50_TuneZ2Star_8TeV-madgraph-tarball/AODSIM/PU_S10_START53_V7A-v1/0000/7C7EA5FB-A8D2-E111-A8E5-003048C8ECE0.root;/store/mc/Summer12_DR53X/DYJetsToLL_M-50_TuneZ2Star_8TeV-madgraph-tarball/AODSIM/PU_S10_START53_V7A-v1/0000/92FFE6FF-A8D2-E111-8D9A-0025B3E0653C.root
parentFiles=
lumisRange=
>>> Executable cmsRun
/vols/sl5_exp_software/cms/slc5_amd64_gcc462/cms/cmssw-patch/CMSSW_5_3_11_patch3/bin/slc5_amd64_gcc462/cmsRun
ok executable found
>>> info for dashboard:
***** Cat /srv/localstage/scratch/8624484.1.grid.q/CREAM710572087/jobreport.txt *****
MonitorJobID=90_https://wms315.cern.ch:9000/XoU0TQdSINVCoL8bfcaLFA
MonitorID=inaranjo_PFTauIdEff-V18-DYJetsToLL-madgraph-DR53X-Summer12_8xk43p
ExeStart=cmsRun
***** End Cat jobreport *****
Parameters sent to Dashboard.
>>> cmsRun started at Tue Aug 13 20:05:43 UTC 2013
>>> cmsRun ended at Tue Aug 13 22:09:27 UTC 2013
>>> crab_fjr_*.xml  permission set to 0704
>>> info for dashboard:
***** Cat /srv/localstage/scratch/8624484.1.grid.q/CREAM710572087/jobreport.txt *****
MonitorJobID=90_https://wms315.cern.ch:9000/XoU0TQdSINVCoL8bfcaLFA
MonitorID=inaranjo_PFTauIdEff-V18-DYJetsToLL-madgraph-DR53X-Summer12_8xk43p
ExeEnd=cmsRun
***** End Cat jobreport *****
Parameters sent to Dashboard.
TIME_EXE = 7424 sec
>>> cmsRun wrote 231 lines of stdout+stderr
>>> START OF printout of 231 lines from stdout+stderr
13-Aug-2013 21:05:54 BST  Initiating request to open file root://gfe02.grid.hep.ph.ic.ac.uk:1097//store/mc/Summer12_DR53X/DYJetsToLL_M-50_TuneZ2Star_8TeV-madgraph-tarball/AODSIM/PU_S10_START53_V7A-v1/0000/52E8C59C-93D2-E111-A71D-002481E15008.root
130813 21:05:54 20105 Xrd: GoToAnotherServer: Going to: 146.179.246.78:24404
13-Aug-2013 21:05:56 BST  Successfully opened file root://gfe02.grid.hep.ph.ic.ac.uk:1097//store/mc/Summer12_DR53X/DYJetsToLL_M-50_TuneZ2Star_8TeV-madgraph-tarball/AODSIM/PU_S10_START53_V7A-v1/0000/52E8C59C-93D2-E111-A71D-002481E15008.root
Begin processing the 1st record. Run 1, Event 52228881, LumiSection 130677 at 13-Aug-2013 21:06:03.869 BST
Problem in dminphi
Problem in dminphi
Begin processing the 101st record. Run 1, Event 52229105, LumiSection 130677 at 13-Aug-2013 21:08:01.502 BST
Problem in dminphi
Problem in dminphi
Problem in dminphi
Problem in dminphi
Problem in dminphi
Problem in dminphi
Begin processing the 201st record. Run 1, Event 59950123, LumiSection 149995 at 13-Aug-2013 21:09:43.955 BST
Begin processing the 301st record. Run 1, Event 59950345, LumiSection 149995 at 13-Aug-2013 21:11:17.001 BST
Problem in dminphi
Problem in dminphi
Begin processing the 401st record. Run 1, Event 59951399, LumiSection 149998 at 13-Aug-2013 21:13:06.960 BST
Problem in dminphi
Problem in dminphi
Problem in dminphi
Problem in dminphi
Begin processing the 501st record. Run 1, Event 59961621, LumiSection 150024 at 13-Aug-2013 21:14:48.295 BST
Begin processing the 601st record. Run 1, Event 59961838, LumiSection 150024 at 13-Aug-2013 21:16:26.953 BST
Problem in dminphi
Problem in dminphi
Problem in dminphi
Problem in dminphi
Begin processing the 701st record. Run 1, Event 59962054, LumiSection 150025 at 13-Aug-2013 21:18:08.312 BST
Begin processing the 801st record. Run 1, Event 59962283, LumiSection 150025 at 13-Aug-2013 21:19:39.301 BST
Problem in dminphi
Problem in dminphi
Begin processing the 901st record. Run 1, Event 52700933, LumiSection 131858 at 13-Aug-2013 21:21:17.071 BST
Begin processing the 1001st record. Run 1, Event 52701152, LumiSection 131858 at 13-Aug-2013 21:23:03.106 BST
Begin processing the 1101st record. Run 1, Event 52702609, LumiSection 131862 at 13-Aug-2013 21:24:42.161 BST
130813 21:26:24 20105 Xrd: XrdClientMessage::ReadRaw: Failed to read header (8 bytes).
Begin processing the 1201st record. Run 1, Event 52704868, LumiSection 131868 at 13-Aug-2013 21:26:30.028 BST
Problem in dminphi
Problem in dminphi
Begin processing the 1301st record. Run 1, Event 52705092, LumiSection 131868 at 13-Aug-2013 21:28:02.720 BST
Problem in dminphi
Problem in dminphi
Begin processing the 1401st record. Run 1, Event 52706137, LumiSection 131871 at 13-Aug-2013 21:29:46.698 BST
Begin processing the 1501st record. Run 1, Event 52706372, LumiSection 131871 at 13-Aug-2013 21:31:34.607 BST
Begin processing the 1601st record. Run 1, Event 52793012, LumiSection 132088 at 13-Aug-2013 21:33:10.451 BST
Problem in dminphi
Problem in dminphi
Problem in dminphi
Problem in dminphi
Begin processing the 1701st record. Run 1, Event 55870046, LumiSection 139787 at 13-Aug-2013 21:34:42.151 BST
Begin processing the 1801st record. Run 1, Event 55870286, LumiSection 139787 at 13-Aug-2013 21:36:17.505 BST
Problem in dminphi
Problem in dminphi
Begin processing the 1901st record. Run 1, Event 55876116, LumiSection 139802 at 13-Aug-2013 21:38:03.420 BST
Problem in dminphi
Problem in dminphi
Begin processing the 2001st record. Run 1, Event 55876360, LumiSection 139802 at 13-Aug-2013 21:39:43.500 BST
Problem in dminphi
Problem in dminphi
Begin processing the 2101st record. Run 1, Event 64918198, LumiSection 162425 at 13-Aug-2013 21:41:27.766 BST
Problem in dminphi
Problem in dminphi
Problem in dminphi
Problem in dminphi
Begin processing the 2201st record. Run 1, Event 64922442, LumiSection 162436 at 13-Aug-2013 21:43:06.810 BST
Begin processing the 2301st record. Run 1, Event 64922701, LumiSection 162436 at 13-Aug-2013 21:44:43.773 BST
Problem in dminphi
Problem in dminphi
Begin processing the 2401st record. Run 1, Event 64926165, LumiSection 162445 at 13-Aug-2013 21:46:29.187 BST
Problem in dminphi
Problem in dminphi
Problem in dminphi
Problem in dminphi
Begin processing the 2501st record. Run 1, Event 64926394, LumiSection 162445 at 13-Aug-2013 21:48:07.936 BST
Problem in dminphi
Problem in dminphi
Problem in dminphi
Problem in dminphi
Problem in dminphi
Problem in dminphi
Begin processing the 2601st record. Run 1, Event 59178207, LumiSection 148064 at 13-Aug-2013 21:49:53.628 BST
Problem in dminphi
Problem in dminphi
Problem in dminphi
Problem in dminphi
Problem in dminphi
Problem in dminphi
Begin processing the 2701st record. Run 1, Event 59180851, LumiSection 148071 at 13-Aug-2013 21:51:27.684 BST
Problem in dminphi
Problem in dminphi
Begin processing the 2801st record. Run 1, Event 59181109, LumiSection 148071 at 13-Aug-2013 21:53:08.669 BST
Problem in dminphi
Problem in dminphi
Begin processing the 2901st record. Run 1, Event 64907749, LumiSection 162399 at 13-Aug-2013 21:54:49.274 BST
Problem in dminphi
Problem in dminphi
Begin processing the 3001st record. Run 1, Event 64907962, LumiSection 162399 at 13-Aug-2013 21:56:32.993 BST
Begin processing the 3101st record. Run 1, Event 64908203, LumiSection 162400 at 13-Aug-2013 21:58:11.967 BST
Problem in dminphi
Problem in dminphi
Problem in dminphi
Problem in dminphi
Problem in dminphi
Problem in dminphi
Begin processing the 3201st record. Run 1, Event 64909604, LumiSection 162404 at 13-Aug-2013 21:59:55.670 BST
Begin processing the 3301st record. Run 1, Event 64909827, LumiSection 162404 at 13-Aug-2013 22:01:37.133 BST
Problem in dminphi
Problem in dminphi
Problem in dminphi
Problem in dminphi
Begin processing the 3401st record. Run 1, Event 64913260, LumiSection 162413 at 13-Aug-2013 22:03:21.805 BST
Problem in dminphi
Problem in dminphi
Begin processing the 3501st record. Run 1, Event 64913468, LumiSection 162413 at 13-Aug-2013 22:05:07.138 BST
Problem in dminphi
Problem in dminphi
Problem in dminphi
Problem in dminphi
Begin processing the 3601st record. Run 1, Event 64914108, LumiSection 162415 at 13-Aug-2013 22:06:50.474 BST
Begin processing the 3701st record. Run 1, Event 64914324, LumiSection 162415 at 13-Aug-2013 22:08:27.568 BST
Problem in dminphi
Problem in dminphi
Begin processing the 3801st record. Run 1, Event 67463372, LumiSection 168793 at 13-Aug-2013 22:10:15.662 BST
Problem in dminphi
Problem in dminphi
Begin processing the 3901st record. Run 1, Event 67463623, LumiSection 168794 at 13-Aug-2013 22:11:57.092 BST
Problem in dminphi
Problem in dminphi
Begin processing the 4001st record. Run 1, Event 67463887, LumiSection 168794 at 13-Aug-2013 22:13:42.232 BST
Begin processing the 4101st record. Run 1, Event 67464086, LumiSection 168795 at 13-Aug-2013 22:15:21.857 BST
Problem in dminphi
Problem in dminphi
Problem in dminphi
Problem in dminphi
Begin processing the 4201st record. Run 1, Event 67464318, LumiSection 168795 at 13-Aug-2013 22:16:57.910 BST
%MSG-e RecoVertex:  PFTauPrimaryVertexProducer:hpsPFTauPrimaryVertexProducer  13-Aug-2013 22:17:51 BST Run: 1 Event: 67464867
Supplied no tracks. Vertex is invalid.
%MSG
%MSG-e AdaptiveVertexFitter:   PFTauPrimaryVertexProducer:hpsPFTauPrimaryVertexProducer  13-Aug-2013 22:17:51 BST Run: 1 Event: 67464867
Supplied no tracks. Vertex is invalid.
%MSG
Begin processing the 4301st record. Run 1, Event 67464970, LumiSection 168797 at 13-Aug-2013 22:18:31.302 BST
Begin processing the 4401st record. Run 1, Event 67465195, LumiSection 168797 at 13-Aug-2013 22:20:08.719 BST
Problem in dminphi
Problem in dminphi
Problem in dminphi
Problem in dminphi
Begin processing the 4501st record. Run 1, Event 67921856, LumiSection 169940 at 13-Aug-2013 22:21:49.020 BST
Begin processing the 4601st record. Run 1, Event 67923292, LumiSection 169944 at 13-Aug-2013 22:23:30.426 BST
Problem in dminphi
Problem in dminphi
Begin processing the 4701st record. Run 1, Event 67923534, LumiSection 169944 at 13-Aug-2013 22:25:09.957 BST
Begin processing the 4801st record. Run 1, Event 67924618, LumiSection 169947 at 13-Aug-2013 22:26:53.232 BST
Begin processing the 4901st record. Run 1, Event 67924876, LumiSection 169948 at 13-Aug-2013 22:28:38.976 BST
Begin processing the 5001st record. Run 1, Event 67925112, LumiSection 169948 at 13-Aug-2013 22:30:08.909 BST
Problem in dminphi
Problem in dminphi
Problem in dminphi
Problem in dminphi
Problem in dminphi
Problem in dminphi
Begin processing the 5101st record. Run 1, Event 68186962, LumiSection 170604 at 13-Aug-2013 22:31:44.486 BST
Begin processing the 5201st record. Run 1, Event 68198805, LumiSection 170634 at 13-Aug-2013 22:33:31.443 BST
Problem in dminphi
Problem in dminphi
Problem in dminphi
Problem in dminphi
Begin processing the 5301st record. Run 1, Event 68199021, LumiSection 170634 at 13-Aug-2013 22:35:12.982 BST
Problem in dminphi
Problem in dminphi
Begin processing the 5401st record. Run 1, Event 68201232, LumiSection 170640 at 13-Aug-2013 22:36:51.989 BST
Begin processing the 5501st record. Run 1, Event 68201458, LumiSection 170640 at 13-Aug-2013 22:38:30.058 BST
Problem in dminphi
Problem in dminphi
Begin processing the 5601st record. Run 1, Event 68322080, LumiSection 170942 at 13-Aug-2013 22:40:06.827 BST
Begin processing the 5701st record. Run 1, Event 68322279, LumiSection 170942 at 13-Aug-2013 22:41:51.273 BST
Problem in dminphi
Problem in dminphi
Begin processing the 5801st record. Run 1, Event 68334505, LumiSection 170973 at 13-Aug-2013 22:43:26.012 BST
Problem in dminphi
Problem in dminphi
Problem in dminphi
Problem in dminphi
Problem in dminphi
Problem in dminphi
Begin processing the 5901st record. Run 1, Event 68334746, LumiSection 170973 at 13-Aug-2013 22:45:10.505 BST
Begin processing the 6001st record. Run 1, Event 69237396, LumiSection 173232 at 13-Aug-2013 22:47:03.111 BST
Problem in dminphi
Problem in dminphi
Begin processing the 6101st record. Run 1, Event 69444813, LumiSection 173751 at 13-Aug-2013 22:48:54.967 BST
Problem in dminphi
Problem in dminphi
Problem in dminphi
Problem in dminphi
Problem in dminphi
Problem in dminphi
Begin processing the 6201st record. Run 1, Event 69445055, LumiSection 173751 at 13-Aug-2013 22:50:52.101 BST
Problem in dminphi
Problem in dminphi
Problem in dminphi
Problem in dminphi
Begin processing the 6301st record. Run 1, Event 69445274, LumiSection 173752 at 13-Aug-2013 22:52:50.267 BST
Problem in dminphi
Problem in dminphi
Begin processing the 6401st record. Run 1, Event 69445506, LumiSection 173752 at 13-Aug-2013 22:54:27.804 BST
Problem in dminphi
Problem in dminphi
Begin processing the 6501st record. Run 1, Event 69471351, LumiSection 173817 at 13-Aug-2013 22:56:14.862 BST
Problem in dminphi
Problem in dminphi
Begin processing the 6601st record. Run 1, Event 69471590, LumiSection 173817 at 13-Aug-2013 22:57:47.719 BST
Problem in dminphi
Problem in dminphi
Begin processing the 6701st record. Run 1, Event 69472228, LumiSection 173819 at 13-Aug-2013 22:59:26.168 BST
Problem in dminphi
Problem in dminphi
Problem in dminphi
Problem in dminphi
Begin processing the 6801st record. Run 1, Event 70291647, LumiSection 175870 at 13-Aug-2013 23:01:02.351 BST
Problem in dminphi
Problem in dminphi
Begin processing the 6901st record. Run 1, Event 70291846, LumiSection 175870 at 13-Aug-2013 23:02:39.167 BST
Problem in dminphi
Problem in dminphi
Begin processing the 7001st record. Run 1, Event 70403685, LumiSection 176150 at 13-Aug-2013 23:04:19.261 BST
Begin processing the 7101st record. Run 1, Event 70403922, LumiSection 176150 at 13-Aug-2013 23:05:49.711 BST
Begin processing the 7201st record. Run 1, Event 70404963, LumiSection 176153 at 13-Aug-2013 23:07:32.076 BST
Problem in dminphi
Problem in dminphi
Begin processing the 7301st record. Run 1, Event 70405200, LumiSection 176153 at 13-Aug-2013 23:09:18.904 BST
cmsRun: /grid_mnt/vol__vol1__u/llr/cms/ivo/PFAntiElecMVA/CMSSW_5_3_11_patch3_NewTraining/src/RecoTauTag/RecoTau/plugins/PFRecoTauEnergyAlgorithmPlugin.cc:383: virtual void reco::tau::PFRecoTauEnergyAlgorithmPlugin::operator()(reco::PFTau&) const: Assertion `scaleFactor >= 0. && scaleFactor <= 1.' failed.
>>> END OF printout of 231 lines from stdout+stderr
>>> Parse FrameworkJobReport crab_fjr.xml
Result of parsing the FrameworkJobReport crab_fjr.xml: 50115
>>> crab_fjr.xml contents: 
<FrameworkJobReport>
<AnalysisFile>
  <FileName>/srv/localstage/scratch/8624484.1.grid.q/CREAM710572087/CMSSW_5_3_11_patch3/pfTauIdEffNtuple2.root</FileName>
  <Source  Value="TFileService" />
</AnalysisFile>
Wrong FrameworkJobReport --> does not contain useful info. ExitStatus: 50115
>>> Executable failed  50115
ExeExitCode=50115
EXECUTABLE_EXIT_STATUS = 50115
Checking output files:  
will tar file crab_fjr_90.xml in  out_files_90
will tar file CMSSW_90.stdout in  out_files_90
will tar file CMSSW_90.stderr in  out_files_90
WARNING: output file Watchdog_90.log.gz not found!
>>> padding time: Wrapper lasting more than 600 seconds. No sleep required.
STOPPING WATCHDOG. CrabWatchdog PID is 19926
********** LAST 50 LINES OF WATCHDOG LOG
# RESOURCE USAGE SUMMARY FOR PROCESS ID 19813
USER       PID %CPU %MEM    VSZ   RSS TTY      STAT START   TIME COMMAND
109909   19813  0.8  0.0  64160  1504 ?        S    21:05   0:00 /bin/sh ./CMSSW.sh 90 1
 
# LIMITS USED BY CRAB WATCHDOG:
# RSS  (KBytes)   : 2300000
# VSZ  (KBytes)   : 100000000
# DISK (MBytes)   : 19000
# CPU TIME        : 720h:0m:0s
# WALL CLOCK TIME : 21h:50m:0s
 
# FOLLOWING PRINTOUT TRACKS MAXIMUM VALUES OF RESOURCES USE
# ONE LINE IS PRINTED EACH TIME A MAXIMUM CHANGES
# IF CHANGE WAS IN RSS OR VSZ ALSO PROCID AND COMMAND ARE PRINTED
# THERE IS NO PRINTOUT FOR CPU/WALL TIME INCREASE
 
# TIME			PID	RSS(KB)	VSZ(KB)	Dsk(MB)	tCPU(s)	tWALL(s)	COMMAND
 Aug 13 21:05:37 BST	19810	1124	63892	0	0	0	sh -c "./CMSSW.sh" 90 1$* > "CMSSW_90.stdout" 2> "CMSSW_90.stderr"  
 Aug 13 21:05:37 BST	19813	1504	64160	0	0	0	/bin/sh ./CMSSW.sh 90 1       
 Aug 13 21:05:37 BST	19939	24132	86980	0	0	0	edmConfigHash pset.py         
 Aug 13 21:05:37 BST	---	24132	86980	66	----	----	----
 Aug 13 21:06:37 BST	20105	634184	887288	66	47	61	cmsRun -j /srv/localstage/scratch/8624484.1.grid.q/CREAM710572087/crab_fjr_90.xml -p pset.py      
 Aug 13 21:06:37 BST	---	634184	887288	68	----	----	----
 Aug 13 21:09:39 BST	20105	637228	887288	68	227	242	cmsRun -j /srv/localstage/scratch/8624484.1.grid.q/CREAM710572087/crab_fjr_90.xml -p pset.py      
 Aug 13 21:10:39 BST	20105	639756	887288	68	288	303	cmsRun -j /srv/localstage/scratch/8624484.1.grid.q/CREAM710572087/crab_fjr_90.xml -p pset.py      
 Aug 13 21:11:41 BST	20105	639808	887288	68	350	367	cmsRun -j /srv/localstage/scratch/8624484.1.grid.q/CREAM710572087/crab_fjr_90.xml -p pset.py      
 Aug 13 21:12:45 BST	20105	641896	887288	68	413	430	cmsRun -j /srv/localstage/scratch/8624484.1.grid.q/CREAM710572087/crab_fjr_90.xml -p pset.py      
 Aug 13 21:14:52 BST	20105	642424	887288	68	538	558	cmsRun -j /srv/localstage/scratch/8624484.1.grid.q/CREAM710572087/crab_fjr_90.xml -p pset.py      
 Aug 13 21:16:59 BST	20105	642636	887288	68	665	685	cmsRun -j /srv/localstage/scratch/8624484.1.grid.q/CREAM710572087/crab_fjr_90.xml -p pset.py      
 Aug 13 21:18:03 BST	20105	642708	887288	68	726	747	cmsRun -j /srv/localstage/scratch/8624484.1.grid.q/CREAM710572087/crab_fjr_90.xml -p pset.py      
 Aug 13 21:19:05 BST	20105	643020	887288	68	789	810	cmsRun -j /srv/localstage/scratch/8624484.1.grid.q/CREAM710572087/crab_fjr_90.xml -p pset.py      
 Aug 13 21:20:07 BST	20105	646108	891900	68	851	873	cmsRun -j /srv/localstage/scratch/8624484.1.grid.q/CREAM710572087/crab_fjr_90.xml -p pset.py      
 Aug 13 21:28:39 BST	20105	646440	891900	68	1356	1385	cmsRun -j /srv/localstage/scratch/8624484.1.grid.q/CREAM710572087/crab_fjr_90.xml -p pset.py      
 Aug 13 21:40:10 BST	20105	646824	891900	68	2036	2073	cmsRun -j /srv/localstage/scratch/8624484.1.grid.q/CREAM710572087/crab_fjr_90.xml -p pset.py      
 Aug 13 21:43:11 BST	20105	647816	891900	68	2216	2254	cmsRun -j /srv/localstage/scratch/8624484.1.grid.q/CREAM710572087/crab_fjr_90.xml -p pset.py      
 Aug 13 21:49:13 BST	20105	648164	891900	68	2576	2617	cmsRun -j /srv/localstage/scratch/8624484.1.grid.q/CREAM710572087/crab_fjr_90.xml -p pset.py      
 Aug 13 21:50:14 BST	20105	648520	891900	68	2636	2677	cmsRun -j /srv/localstage/scratch/8624484.1.grid.q/CREAM710572087/crab_fjr_90.xml -p pset.py      
 Aug 13 22:07:34 BST	20105	649168	891900	68	3670	3719	cmsRun -j /srv/localstage/scratch/8624484.1.grid.q/CREAM710572087/crab_fjr_90.xml -p pset.py      
 Aug 13 22:22:18 BST	20105	650556	893692	68	4545	4605	cmsRun -j /srv/localstage/scratch/8624484.1.grid.q/CREAM710572087/crab_fjr_90.xml -p pset.py      
 Aug 13 22:24:26 BST	20105	650940	893692	68	4670	4732	cmsRun -j /srv/localstage/scratch/8624484.1.grid.q/CREAM710572087/crab_fjr_90.xml -p pset.py      
 Aug 13 22:31:51 BST	---	650940	893692	69	----	----	----
 Aug 13 22:35:01 BST	20105	654020	898812	69	5299	5367	cmsRun -j /srv/localstage/scratch/8624484.1.grid.q/CREAM710572087/crab_fjr_90.xml -p pset.py      
 Aug 13 22:48:48 BST	20105	655196	901884	69	6116	6194	cmsRun -j /srv/localstage/scratch/8624484.1.grid.q/CREAM710572087/crab_fjr_90.xml -p pset.py      
********** WATCHDOG LOG ENDED
ZIPPING WATCHDOG LOG
Disk space used:
du -sh /srv/localstage/scratch/8624484.1.grid.q/CREAM710572087
69M	/srv/localstage/scratch/8624484.1.grid.q/CREAM710572087
Found unusual stderr, rename for OSB
`/srv/localstage/scratch/8624484.1.grid.q/CREAM710572087/CMSSW_90.stdout' -> `CMSSW_90.stderr'
crab_fjr_90.xml
CMSSW_90.stdout
CMSSW_90.stderr
Watchdog_90.log.gz
Total Output dimension: 7812
WARNING: output files size limit is set to: 55000000
Total Output dimension 7812 is fine.
JOB_EXIT_STATUS = 50115
>>> info for dashboard:
***** Cat /srv/localstage/scratch/8624484.1.grid.q/CREAM710572087/jobreport.txt *****
MonitorJobID=90_https://wms315.cern.ch:9000/XoU0TQdSINVCoL8bfcaLFA
MonitorID=inaranjo_PFTauIdEff-V18-DYJetsToLL-madgraph-DR53X-Summer12_8xk43p
ExeTime=7424
ExeExitCode=50115
CrabUserCpuTime=7300.12
CrabSysCpuTime=36.60
CrabCpuPercentage=98%
CrabWrapperTime=7437
CrabStageoutTime=NULL
JobExitCode=50115
***** End Cat jobreport *****
Parameters sent to Dashboard.
crab_fjr_90.xml
