This script was generated by crab (version 2.8.8).
Running ./CMSSW.sh with 2 positional parameters: 478 1
Today is Wed Aug 14 23:35:50 PDT 2013
Job submitted on host cabinet-6-6-11.t2.ucsd.edu
Linux cabinet-6-6-11.t2.ucsd.edu 2.6.32-279.22.1.el6.x86_64 #1 SMP Wed Feb 6 03:10:46 UTC 2013 x86_64 x86_64 x86_64 GNU/Linux
>>> current directory (RUNTIME_AREA): /data1/condor_local/execute/dir_28087/https_3a_2f_2fwms313.cern.ch_3a9000_2fPD6ketSVT7JrcjEbHpKtNw
>>> current user: uid=36049(cuser3) gid=36049(cuser3) groups=36049(cuser3)
>>> directory permission set to 0700
>>> umask set to:  u=rwx,g=,o=
>>> stdout stderr permission set to 0704
>>> voms proxy information:
subject   : /O=GRID-FR/C=FR/O=CNRS/OU=LLR/CN=Ivo Naranjo/CN=proxy/CN=proxy/CN=limited proxy/CN=limited proxy
issuer    : /O=GRID-FR/C=FR/O=CNRS/OU=LLR/CN=Ivo Naranjo/CN=proxy/CN=proxy/CN=limited proxy
identity  : /O=GRID-FR/C=FR/O=CNRS/OU=LLR/CN=Ivo Naranjo/CN=proxy/CN=proxy/CN=limited proxy
type      : limited proxy
strength  : 512 bits
path      : /data1/condor_local/execute/dir_28087/x509_user_proxy
timeleft  : 23:59:34
key usage : 
=== VO cms extension information ===
VO        : cms
subject   : /O=GRID-FR/C=FR/O=CNRS/OU=LLR/CN=Ivo Naranjo
issuer    : /DC=ch/DC=cern/OU=computers/CN=lcg-voms.cern.ch
attribute : /cms/Role=NULL/Capability=NULL
timeleft  : 171:03:48
uri       : lcg-voms.cern.ch:15002
>>> tar --no-same-permissions -xf /data1/condor_local/execute/dir_28087/https_3a_2f_2fwms313.cern.ch_3a9000_2fPD6ketSVT7JrcjEbHpKtNw/default.tgz :
Successful untar
>>> Include /data1/condor_local/execute/dir_28087/https_3a_2f_2fwms313.cern.ch_3a9000_2fPD6ketSVT7JrcjEbHpKtNw in PYTHONPATH:
strip arguments
env var CRAB_UNIQUE_JOB_ID set to: inaranjo_PFTauIdEff-V18-DYJetsToLL-madgraph-DR53X-Summer12-v2_ipq426_478_1_oVz
out_files_478
>>> list of expected files on output sandbox
output files: crab_fjr_478.xml CMSSW_478.stdout CMSSW_478.stderr Watchdog_478.log.gz
>>> GridFlavour discovery: 
source OSG GRID setup script
GridFlavour=OSG
>>> SyncSite discovery: 
not reporting SyncSite
>>> SyncCE discovery: 
getting SyncCE from OSG_JOB_CONTACT
SyncCE=osg-gw-6.t2.ucsd.edu/jobmanager-condor
>>> info for dashboard:
***** Cat /data1/condor_local/execute/dir_28087/https_3a_2f_2fwms313.cern.ch_3a9000_2fPD6ketSVT7JrcjEbHpKtNw/jobreport.txt *****
MonitorJobID=478_https://wms313.cern.ch:9000/PD6ketSVT7JrcjEbHpKtNw
SyncGridJobId=https://wms313.cern.ch:9000/PD6ketSVT7JrcjEbHpKtNw
MonitorID=inaranjo_PFTauIdEff-V18-DYJetsToLL-madgraph-DR53X-Summer12-v2_ipq426
GridFlavour=OSG
SyncCE=osg-gw-6.t2.ucsd.edu/jobmanager-condor
***** End Cat jobreport *****
Parameters sent to Dashboard.
>>> setup environment
set SCRAM ARCH to slc5_amd64_gcc462
SCRAM_ARCH = slc5_amd64_gcc462
/bin/mktemp: failed to create directory via template `$_CONDOR_SCRATCH_DIR/cms_XXXXXXXXXXXX': No such file or directory
ERROR ==> OSG  could not be created on WN cabinet-6-6-11.t2.ucsd.edu
Checking output files:  
will tar file crab_fjr_478.xml in  out_files_478
will tar file CMSSW_478.stdout in  out_files_478
will tar file CMSSW_478.stderr in  out_files_478
WARNING: output file Watchdog_478.log.gz not found!
>>> padding time: Sleeping the wrapper for 599 seconds
STOPPING WATCHDOG. CrabWatchdog PID is 
kill: usage: kill [-s sigspec | -n signum | -sigspec] pid | jobspec ... or kill -l [sigspec]
********** LAST 50 LINES OF WATCHDOG LOG
tail: cannot open `Watchdog_478.log' for reading: No such file or directory
********** WATCHDOG LOG ENDED
ZIPPING WATCHDOG LOG
gzip: Watchdog_478.log: No such file or directory
Disk space used:
du -sh /data1/condor_local/execute/dir_28087/https_3a_2f_2fwms313.cern.ch_3a9000_2fPD6ketSVT7JrcjEbHpKtNw
59M	/data1/condor_local/execute/dir_28087/https_3a_2f_2fwms313.cern.ch_3a9000_2fPD6ketSVT7JrcjEbHpKtNw
Found unusual stderr, rename for OSB
`/data1/condor_local/execute/dir_28087/https_3a_2f_2fwms313.cern.ch_3a9000_2fPD6ketSVT7JrcjEbHpKtNw/CMSSW_478.stdout' -> `CMSSW_478.stderr'
crab_fjr_478.xml
CMSSW_478.stdout
tar: CMSSW_478.stdout: file changed as we read it
CMSSW_478.stderr
tar: Watchdog_478.log.gz: Cannot stat: No such file or directory
tar: Exiting with failure status due to previous errors
Total Output dimension: 2054
WARNING: output files size limit is set to: 55000000
Total Output dimension 2054 is fine.
JOB_EXIT_STATUS = 10016
>>> info for dashboard:
***** Cat /data1/condor_local/execute/dir_28087/https_3a_2f_2fwms313.cern.ch_3a9000_2fPD6ketSVT7JrcjEbHpKtNw/jobreport.txt *****
MonitorJobID=478_https://wms313.cern.ch:9000/PD6ketSVT7JrcjEbHpKtNw
MonitorID=inaranjo_PFTauIdEff-V18-DYJetsToLL-madgraph-DR53X-Summer12-v2_ipq426
CrabUserCpuTime=
CrabSysCpuTime=
CrabCpuPercentage=
CrabWrapperTime=600
CrabStageoutTime=NULL
JobExitCode=10016
***** End Cat jobreport *****
Parameters sent to Dashboard.
crab_fjr_478.xml
