This script was generated by crab (version 2.8.8).
Running ./CMSSW.sh with 2 positional parameters: 427 1
Today is Wed Aug 14 23:38:45 PDT 2013
Job submitted on host cabinet-1-1-4.t2.ucsd.edu
Linux cabinet-1-1-4.t2.ucsd.edu 2.6.32-358.11.1.el6.x86_64 #1 SMP Wed Jun 12 03:34:52 UTC 2013 x86_64 x86_64 x86_64 GNU/Linux
>>> current directory (RUNTIME_AREA): /data8/condor_local/execute/dir_21245/https_3a_2f_2fwms313.cern.ch_3a9000_2fO-Xyn4oBMxIFP3LWO_5f-gdA
>>> current user: uid=36066(cuser20) gid=36066(cuser20) groups=36066(cuser20)
>>> directory permission set to 0700
>>> umask set to:  u=rwx,g=,o=
>>> stdout stderr permission set to 0704
>>> voms proxy information:
subject   : /O=GRID-FR/C=FR/O=CNRS/OU=LLR/CN=Ivo Naranjo/CN=proxy/CN=proxy/CN=limited proxy/CN=limited proxy
issuer    : /O=GRID-FR/C=FR/O=CNRS/OU=LLR/CN=Ivo Naranjo/CN=proxy/CN=proxy/CN=limited proxy
identity  : /O=GRID-FR/C=FR/O=CNRS/OU=LLR/CN=Ivo Naranjo/CN=proxy/CN=proxy/CN=limited proxy
type      : limited proxy
strength  : 512 bits
path      : /data8/condor_local/execute/dir_21245/x509_user_proxy
timeleft  : 23:59:29
key usage : 
=== VO cms extension information ===
VO        : cms
subject   : /O=GRID-FR/C=FR/O=CNRS/OU=LLR/CN=Ivo Naranjo
issuer    : /DC=ch/DC=cern/OU=computers/CN=lcg-voms.cern.ch
attribute : /cms/Role=NULL/Capability=NULL
timeleft  : 171:00:53
uri       : lcg-voms.cern.ch:15002
>>> tar --no-same-permissions -xf /data8/condor_local/execute/dir_21245/https_3a_2f_2fwms313.cern.ch_3a9000_2fO-Xyn4oBMxIFP3LWO_5f-gdA/default.tgz :
Successful untar
>>> Include /data8/condor_local/execute/dir_21245/https_3a_2f_2fwms313.cern.ch_3a9000_2fO-Xyn4oBMxIFP3LWO_5f-gdA in PYTHONPATH:
strip arguments
env var CRAB_UNIQUE_JOB_ID set to: inaranjo_PFTauIdEff-V18-DYJetsToLL-madgraph-DR53X-Summer12-v2_ipq426_427_1_Kal
out_files_427
>>> list of expected files on output sandbox
output files: crab_fjr_427.xml CMSSW_427.stdout CMSSW_427.stderr Watchdog_427.log.gz
>>> GridFlavour discovery: 
source OSG GRID setup script
GridFlavour=OSG
>>> SyncSite discovery: 
not reporting SyncSite
>>> SyncCE discovery: 
getting SyncCE from OSG_JOB_CONTACT
SyncCE=osg-gw-7.t2.ucsd.edu/jobmanager-condor
>>> info for dashboard:
***** Cat /data8/condor_local/execute/dir_21245/https_3a_2f_2fwms313.cern.ch_3a9000_2fO-Xyn4oBMxIFP3LWO_5f-gdA/jobreport.txt *****
MonitorJobID=427_https://wms313.cern.ch:9000/O-Xyn4oBMxIFP3LWO_-gdA
SyncGridJobId=https://wms313.cern.ch:9000/O-Xyn4oBMxIFP3LWO_-gdA
MonitorID=inaranjo_PFTauIdEff-V18-DYJetsToLL-madgraph-DR53X-Summer12-v2_ipq426
GridFlavour=OSG
SyncCE=osg-gw-7.t2.ucsd.edu/jobmanager-condor
***** End Cat jobreport *****
Parameters sent to Dashboard.
>>> setup environment
set SCRAM ARCH to slc5_amd64_gcc462
SCRAM_ARCH = slc5_amd64_gcc462
/bin/mktemp: failed to create directory via template `$_CONDOR_SCRATCH_DIR/cms_XXXXXXXXXXXX': No such file or directory
ERROR ==> OSG  could not be created on WN cabinet-1-1-4.t2.ucsd.edu
Checking output files:  
will tar file crab_fjr_427.xml in  out_files_427
will tar file CMSSW_427.stdout in  out_files_427
will tar file CMSSW_427.stderr in  out_files_427
WARNING: output file Watchdog_427.log.gz not found!
>>> padding time: Sleeping the wrapper for 599 seconds
STOPPING WATCHDOG. CrabWatchdog PID is 
kill: usage: kill [-s sigspec | -n signum | -sigspec] pid | jobspec ... or kill -l [sigspec]
********** LAST 50 LINES OF WATCHDOG LOG
tail: cannot open `Watchdog_427.log' for reading: No such file or directory
********** WATCHDOG LOG ENDED
ZIPPING WATCHDOG LOG
gzip: Watchdog_427.log: No such file or directory
Disk space used:
du -sh /data8/condor_local/execute/dir_21245/https_3a_2f_2fwms313.cern.ch_3a9000_2fO-Xyn4oBMxIFP3LWO_5f-gdA
59M	/data8/condor_local/execute/dir_21245/https_3a_2f_2fwms313.cern.ch_3a9000_2fO-Xyn4oBMxIFP3LWO_5f-gdA
Found unusual stderr, rename for OSB
`/data8/condor_local/execute/dir_21245/https_3a_2f_2fwms313.cern.ch_3a9000_2fO-Xyn4oBMxIFP3LWO_5f-gdA/CMSSW_427.stdout' -> `CMSSW_427.stderr'
crab_fjr_427.xml
CMSSW_427.stdout
tar: CMSSW_427.stdout: file changed as we read it
CMSSW_427.stderr
tar: Watchdog_427.log.gz: Cannot stat: No such file or directory
tar: Exiting with failure status due to previous errors
Total Output dimension: 2056
WARNING: output files size limit is set to: 55000000
Total Output dimension 2056 is fine.
JOB_EXIT_STATUS = 10016
>>> info for dashboard:
***** Cat /data8/condor_local/execute/dir_21245/https_3a_2f_2fwms313.cern.ch_3a9000_2fO-Xyn4oBMxIFP3LWO_5f-gdA/jobreport.txt *****
MonitorJobID=427_https://wms313.cern.ch:9000/O-Xyn4oBMxIFP3LWO_-gdA
MonitorID=inaranjo_PFTauIdEff-V18-DYJetsToLL-madgraph-DR53X-Summer12-v2_ipq426
CrabUserCpuTime=
CrabSysCpuTime=
CrabCpuPercentage=
CrabWrapperTime=600
CrabStageoutTime=NULL
JobExitCode=10016
***** End Cat jobreport *****
Parameters sent to Dashboard.
crab_fjr_427.xml
