This script was generated by crab (version 2.8.8).
Running ./CMSSW.sh with 2 positional parameters: 550 1
Today is Wed Aug 14 23:38:41 PDT 2013
Job submitted on host cabinet-6-6-21.t2.ucsd.edu
Linux cabinet-6-6-21.t2.ucsd.edu 2.6.32-279.22.1.el6.x86_64 #1 SMP Wed Feb 6 03:10:46 UTC 2013 x86_64 x86_64 x86_64 GNU/Linux
>>> current directory (RUNTIME_AREA): /data2/condor_local/execute/dir_8377/https_3a_2f_2fwms317.cern.ch_3a9000_2ffa7mwGQGBCZdg6BQfYQYFw
>>> current user: uid=36071(cuser25) gid=36071(cuser25) groups=36071(cuser25)
>>> directory permission set to 0700
>>> umask set to:  u=rwx,g=,o=
>>> stdout stderr permission set to 0704
>>> voms proxy information:
subject   : /O=GRID-FR/C=FR/O=CNRS/OU=LLR/CN=Ivo Naranjo/CN=proxy/CN=proxy/CN=limited proxy/CN=limited proxy
issuer    : /O=GRID-FR/C=FR/O=CNRS/OU=LLR/CN=Ivo Naranjo/CN=proxy/CN=proxy/CN=limited proxy
identity  : /O=GRID-FR/C=FR/O=CNRS/OU=LLR/CN=Ivo Naranjo/CN=proxy/CN=proxy/CN=limited proxy
type      : limited proxy
strength  : 512 bits
path      : /data2/condor_local/execute/dir_8377/x509_user_proxy
timeleft  : 23:59:34
key usage : 
=== VO cms extension information ===
VO        : cms
subject   : /O=GRID-FR/C=FR/O=CNRS/OU=LLR/CN=Ivo Naranjo
issuer    : /DC=ch/DC=cern/OU=computers/CN=lcg-voms.cern.ch
attribute : /cms/Role=NULL/Capability=NULL
timeleft  : 170:53:48
uri       : lcg-voms.cern.ch:15002
>>> tar --no-same-permissions -xf /data2/condor_local/execute/dir_8377/https_3a_2f_2fwms317.cern.ch_3a9000_2ffa7mwGQGBCZdg6BQfYQYFw/default.tgz :
Successful untar
>>> Include /data2/condor_local/execute/dir_8377/https_3a_2f_2fwms317.cern.ch_3a9000_2ffa7mwGQGBCZdg6BQfYQYFw in PYTHONPATH:
strip arguments
env var CRAB_UNIQUE_JOB_ID set to: inaranjo_PFTauIdEff-V18-DYJetsToLL-madgraph-DR53X-Summer12-v2_ipq426_550_1_UJv
out_files_550
>>> list of expected files on output sandbox
output files: crab_fjr_550.xml CMSSW_550.stdout CMSSW_550.stderr Watchdog_550.log.gz
>>> GridFlavour discovery: 
source OSG GRID setup script
GridFlavour=OSG
>>> SyncSite discovery: 
not reporting SyncSite
>>> SyncCE discovery: 
getting SyncCE from OSG_JOB_CONTACT
SyncCE=osg-gw-7.t2.ucsd.edu/jobmanager-condor
>>> info for dashboard:
***** Cat /data2/condor_local/execute/dir_8377/https_3a_2f_2fwms317.cern.ch_3a9000_2ffa7mwGQGBCZdg6BQfYQYFw/jobreport.txt *****
MonitorJobID=550_https://wms317.cern.ch:9000/fa7mwGQGBCZdg6BQfYQYFw
SyncGridJobId=https://wms317.cern.ch:9000/fa7mwGQGBCZdg6BQfYQYFw
MonitorID=inaranjo_PFTauIdEff-V18-DYJetsToLL-madgraph-DR53X-Summer12-v2_ipq426
GridFlavour=OSG
SyncCE=osg-gw-7.t2.ucsd.edu/jobmanager-condor
***** End Cat jobreport *****
Parameters sent to Dashboard.
>>> setup environment
set SCRAM ARCH to slc5_amd64_gcc462
SCRAM_ARCH = slc5_amd64_gcc462
/bin/mktemp: failed to create directory via template `$_CONDOR_SCRATCH_DIR/cms_XXXXXXXXXXXX': No such file or directory
ERROR ==> OSG  could not be created on WN cabinet-6-6-21.t2.ucsd.edu
Checking output files:  
will tar file crab_fjr_550.xml in  out_files_550
will tar file CMSSW_550.stdout in  out_files_550
will tar file CMSSW_550.stderr in  out_files_550
WARNING: output file Watchdog_550.log.gz not found!
>>> padding time: Sleeping the wrapper for 598 seconds
STOPPING WATCHDOG. CrabWatchdog PID is 
kill: usage: kill [-s sigspec | -n signum | -sigspec] pid | jobspec ... or kill -l [sigspec]
********** LAST 50 LINES OF WATCHDOG LOG
tail: cannot open `Watchdog_550.log' for reading: No such file or directory
********** WATCHDOG LOG ENDED
ZIPPING WATCHDOG LOG
gzip: Watchdog_550.log: No such file or directory
Disk space used:
du -sh /data2/condor_local/execute/dir_8377/https_3a_2f_2fwms317.cern.ch_3a9000_2ffa7mwGQGBCZdg6BQfYQYFw
59M	/data2/condor_local/execute/dir_8377/https_3a_2f_2fwms317.cern.ch_3a9000_2ffa7mwGQGBCZdg6BQfYQYFw
Found unusual stderr, rename for OSB
