This script was generated by crab (version 2.8.8).
Running ./CMSSW.sh with 2 positional parameters: 676 1
Today is Wed Aug 14 23:37:22 PDT 2013
Job submitted on host cabinet-1-1-26.t2.ucsd.edu
Linux cabinet-1-1-26.t2.ucsd.edu 2.6.32-358.11.1.el6.x86_64 #1 SMP Wed Jun 12 03:34:52 UTC 2013 x86_64 x86_64 x86_64 GNU/Linux
>>> current directory (RUNTIME_AREA): /data4/condor_local/execute/dir_654/https_3a_2f_2fwms317.cern.ch_3a9000_2fN1G2oy0YaBjrz4TypLJGuA
>>> current user: uid=36062(cuser16) gid=36062(cuser16) groups=36062(cuser16)
>>> directory permission set to 0700
>>> umask set to:  u=rwx,g=,o=
>>> stdout stderr permission set to 0704
>>> voms proxy information:
subject   : /O=GRID-FR/C=FR/O=CNRS/OU=LLR/CN=Ivo Naranjo/CN=proxy/CN=proxy/CN=limited proxy/CN=limited proxy
issuer    : /O=GRID-FR/C=FR/O=CNRS/OU=LLR/CN=Ivo Naranjo/CN=proxy/CN=proxy/CN=limited proxy
identity  : /O=GRID-FR/C=FR/O=CNRS/OU=LLR/CN=Ivo Naranjo/CN=proxy/CN=proxy/CN=limited proxy
type      : limited proxy
strength  : 512 bits
path      : /data4/condor_local/execute/dir_654/x509_user_proxy
timeleft  : 23:59:30
key usage : 
=== VO cms extension information ===
VO        : cms
subject   : /O=GRID-FR/C=FR/O=CNRS/OU=LLR/CN=Ivo Naranjo
issuer    : /DC=ch/DC=cern/OU=computers/CN=lcg-voms.cern.ch
attribute : /cms/Role=NULL/Capability=NULL
timeleft  : 170:55:07
uri       : lcg-voms.cern.ch:15002
>>> tar --no-same-permissions -xf /data4/condor_local/execute/dir_654/https_3a_2f_2fwms317.cern.ch_3a9000_2fN1G2oy0YaBjrz4TypLJGuA/default.tgz :
Successful untar
>>> Include /data4/condor_local/execute/dir_654/https_3a_2f_2fwms317.cern.ch_3a9000_2fN1G2oy0YaBjrz4TypLJGuA in PYTHONPATH:
strip arguments
env var CRAB_UNIQUE_JOB_ID set to: inaranjo_PFTauIdEff-V18-DYJetsToLL-madgraph-DR53X-Summer12-v2_ipq426_676_1_xm9
out_files_676
>>> list of expected files on output sandbox
output files: crab_fjr_676.xml CMSSW_676.stdout CMSSW_676.stderr Watchdog_676.log.gz
>>> GridFlavour discovery: 
source OSG GRID setup script
GridFlavour=OSG
>>> SyncSite discovery: 
not reporting SyncSite
>>> SyncCE discovery: 
getting SyncCE from OSG_JOB_CONTACT
SyncCE=osg-gw-6.t2.ucsd.edu/jobmanager-condor
>>> info for dashboard:
***** Cat /data4/condor_local/execute/dir_654/https_3a_2f_2fwms317.cern.ch_3a9000_2fN1G2oy0YaBjrz4TypLJGuA/jobreport.txt *****
MonitorJobID=676_https://wms317.cern.ch:9000/N1G2oy0YaBjrz4TypLJGuA
SyncGridJobId=https://wms317.cern.ch:9000/N1G2oy0YaBjrz4TypLJGuA
MonitorID=inaranjo_PFTauIdEff-V18-DYJetsToLL-madgraph-DR53X-Summer12-v2_ipq426
GridFlavour=OSG
SyncCE=osg-gw-6.t2.ucsd.edu/jobmanager-condor
***** End Cat jobreport *****
Parameters sent to Dashboard.
>>> setup environment
set SCRAM ARCH to slc5_amd64_gcc462
SCRAM_ARCH = slc5_amd64_gcc462
/bin/mktemp: failed to create directory via template `$_CONDOR_SCRATCH_DIR/cms_XXXXXXXXXXXX': No such file or directory
ERROR ==> OSG  could not be created on WN cabinet-1-1-26.t2.ucsd.edu
Checking output files:  
will tar file crab_fjr_676.xml in  out_files_676
will tar file CMSSW_676.stdout in  out_files_676
will tar file CMSSW_676.stderr in  out_files_676
WARNING: output file Watchdog_676.log.gz not found!
>>> padding time: Sleeping the wrapper for 599 seconds
STOPPING WATCHDOG. CrabWatchdog PID is 
kill: usage: kill [-s sigspec | -n signum | -sigspec] pid | jobspec ... or kill -l [sigspec]
********** LAST 50 LINES OF WATCHDOG LOG
tail: cannot open `Watchdog_676.log' for reading: No such file or directory
********** WATCHDOG LOG ENDED
ZIPPING WATCHDOG LOG
gzip: Watchdog_676.log: No such file or directory
Disk space used:
du -sh /data4/condor_local/execute/dir_654/https_3a_2f_2fwms317.cern.ch_3a9000_2fN1G2oy0YaBjrz4TypLJGuA
59M	/data4/condor_local/execute/dir_654/https_3a_2f_2fwms317.cern.ch_3a9000_2fN1G2oy0YaBjrz4TypLJGuA
Found unusual stderr, rename for OSB
`/data4/condor_local/execute/dir_654/https_3a_2f_2fwms317.cern.ch_3a9000_2fN1G2oy0YaBjrz4TypLJGuA/CMSSW_676.stdout' -> `CMSSW_676.stderr'
crab_fjr_676.xml
CMSSW_676.stdout
tar: CMSSW_676.stdout: file changed as we read it
CMSSW_676.stderr
tar: Watchdog_676.log.gz: Cannot stat: No such file or directory
tar: Exiting with failure status due to previous errors
Total Output dimension: 2048
WARNING: output files size limit is set to: 55000000
Total Output dimension 2048 is fine.
JOB_EXIT_STATUS = 10016
>>> info for dashboard:
***** Cat /data4/condor_local/execute/dir_654/https_3a_2f_2fwms317.cern.ch_3a9000_2fN1G2oy0YaBjrz4TypLJGuA/jobreport.txt *****
MonitorJobID=676_https://wms317.cern.ch:9000/N1G2oy0YaBjrz4TypLJGuA
MonitorID=inaranjo_PFTauIdEff-V18-DYJetsToLL-madgraph-DR53X-Summer12-v2_ipq426
CrabUserCpuTime=
CrabSysCpuTime=
CrabCpuPercentage=
CrabWrapperTime=600
CrabStageoutTime=NULL
JobExitCode=10016
***** End Cat jobreport *****
Parameters sent to Dashboard.
crab_fjr_676.xml
