This script was generated by crab (version 2.8.8).
Running ./CMSSW.sh with 2 positional parameters: 492 1
Today is Wed Aug 14 23:35:50 PDT 2013
Job submitted on host cabinet-2-2-7.t2.ucsd.edu
Linux cabinet-2-2-7.t2.ucsd.edu 2.6.32-358.11.1.el6.x86_64 #1 SMP Wed Jun 12 03:34:52 UTC 2013 x86_64 x86_64 x86_64 GNU/Linux
>>> current directory (RUNTIME_AREA): /data5/condor_local/execute/dir_26208/https_3a_2f_2fwms313.cern.ch_3a9000_2f2jId5Boqo-1RQiJaQ0tZQA
>>> current user: uid=36059(cuser13) gid=36059(cuser13) groups=36059(cuser13)
>>> directory permission set to 0700
>>> umask set to:  u=rwx,g=,o=
>>> stdout stderr permission set to 0704
>>> voms proxy information:
subject   : /O=GRID-FR/C=FR/O=CNRS/OU=LLR/CN=Ivo Naranjo/CN=proxy/CN=proxy/CN=limited proxy/CN=limited proxy
issuer    : /O=GRID-FR/C=FR/O=CNRS/OU=LLR/CN=Ivo Naranjo/CN=proxy/CN=proxy/CN=limited proxy
identity  : /O=GRID-FR/C=FR/O=CNRS/OU=LLR/CN=Ivo Naranjo/CN=proxy/CN=proxy/CN=limited proxy
type      : limited proxy
strength  : 512 bits
path      : /data5/condor_local/execute/dir_26208/x509_user_proxy
timeleft  : 23:59:34
key usage : 
=== VO cms extension information ===
VO        : cms
subject   : /O=GRID-FR/C=FR/O=CNRS/OU=LLR/CN=Ivo Naranjo
issuer    : /DC=ch/DC=cern/OU=computers/CN=lcg-voms.cern.ch
attribute : /cms/Role=NULL/Capability=NULL
timeleft  : 171:03:48
uri       : lcg-voms.cern.ch:15002
>>> tar --no-same-permissions -xf /data5/condor_local/execute/dir_26208/https_3a_2f_2fwms313.cern.ch_3a9000_2f2jId5Boqo-1RQiJaQ0tZQA/default.tgz :
Successful untar
>>> Include /data5/condor_local/execute/dir_26208/https_3a_2f_2fwms313.cern.ch_3a9000_2f2jId5Boqo-1RQiJaQ0tZQA in PYTHONPATH:
strip arguments
env var CRAB_UNIQUE_JOB_ID set to: inaranjo_PFTauIdEff-V18-DYJetsToLL-madgraph-DR53X-Summer12-v2_ipq426_492_1_MbF
out_files_492
>>> list of expected files on output sandbox
output files: crab_fjr_492.xml CMSSW_492.stdout CMSSW_492.stderr Watchdog_492.log.gz
>>> GridFlavour discovery: 
source OSG GRID setup script
GridFlavour=OSG
>>> SyncSite discovery: 
not reporting SyncSite
>>> SyncCE discovery: 
getting SyncCE from OSG_JOB_CONTACT
SyncCE=osg-gw-6.t2.ucsd.edu/jobmanager-condor
>>> info for dashboard:
***** Cat /data5/condor_local/execute/dir_26208/https_3a_2f_2fwms313.cern.ch_3a9000_2f2jId5Boqo-1RQiJaQ0tZQA/jobreport.txt *****
MonitorJobID=492_https://wms313.cern.ch:9000/2jId5Boqo-1RQiJaQ0tZQA
SyncGridJobId=https://wms313.cern.ch:9000/2jId5Boqo-1RQiJaQ0tZQA
MonitorID=inaranjo_PFTauIdEff-V18-DYJetsToLL-madgraph-DR53X-Summer12-v2_ipq426
GridFlavour=OSG
SyncCE=osg-gw-6.t2.ucsd.edu/jobmanager-condor
***** End Cat jobreport *****
Parameters sent to Dashboard.
>>> setup environment
set SCRAM ARCH to slc5_amd64_gcc462
SCRAM_ARCH = slc5_amd64_gcc462
/bin/mktemp: failed to create directory via template `$_CONDOR_SCRATCH_DIR/cms_XXXXXXXXXXXX': No such file or directory
ERROR ==> OSG  could not be created on WN cabinet-2-2-7.t2.ucsd.edu
Checking output files:  
will tar file crab_fjr_492.xml in  out_files_492
will tar file CMSSW_492.stdout in  out_files_492
will tar file CMSSW_492.stderr in  out_files_492
WARNING: output file Watchdog_492.log.gz not found!
>>> padding time: Sleeping the wrapper for 599 seconds
STOPPING WATCHDOG. CrabWatchdog PID is 
kill: usage: kill [-s sigspec | -n signum | -sigspec] pid | jobspec ... or kill -l [sigspec]
********** LAST 50 LINES OF WATCHDOG LOG
tail: cannot open `Watchdog_492.log' for reading: No such file or directory
********** WATCHDOG LOG ENDED
ZIPPING WATCHDOG LOG
gzip: Watchdog_492.log: No such file or directory
Disk space used:
du -sh /data5/condor_local/execute/dir_26208/https_3a_2f_2fwms313.cern.ch_3a9000_2f2jId5Boqo-1RQiJaQ0tZQA
59M	/data5/condor_local/execute/dir_26208/https_3a_2f_2fwms313.cern.ch_3a9000_2f2jId5Boqo-1RQiJaQ0tZQA
Found unusual stderr, rename for OSB
`/data5/condor_local/execute/dir_26208/https_3a_2f_2fwms313.cern.ch_3a9000_2f2jId5Boqo-1RQiJaQ0tZQA/CMSSW_492.stdout' -> `CMSSW_492.stderr'
crab_fjr_492.xml
CMSSW_492.stdout
tar: CMSSW_492.stdout: file changed as we read it
CMSSW_492.stderr
tar: Watchdog_492.log.gz: Cannot stat: No such file or directory
tar: Exiting with failure status due to previous errors
Total Output dimension: 2053
WARNING: output files size limit is set to: 55000000
Total Output dimension 2053 is fine.
JOB_EXIT_STATUS = 10016
>>> info for dashboard:
***** Cat /data5/condor_local/execute/dir_26208/https_3a_2f_2fwms313.cern.ch_3a9000_2f2jId5Boqo-1RQiJaQ0tZQA/jobreport.txt *****
MonitorJobID=492_https://wms313.cern.ch:9000/2jId5Boqo-1RQiJaQ0tZQA
MonitorID=inaranjo_PFTauIdEff-V18-DYJetsToLL-madgraph-DR53X-Summer12-v2_ipq426
CrabUserCpuTime=
CrabSysCpuTime=
CrabCpuPercentage=
CrabWrapperTime=600
CrabStageoutTime=NULL
JobExitCode=10016
***** End Cat jobreport *****
Parameters sent to Dashboard.
crab_fjr_492.xml
