This script was generated by crab (version 2.8.8).
Running ./CMSSW.sh with 2 positional parameters: 547 1
Today is Wed Aug 14 23:37:18 PDT 2013
Job submitted on host cabinet-2-2-4.t2.ucsd.edu
Linux cabinet-2-2-4.t2.ucsd.edu 2.6.32-358.11.1.el6.x86_64 #1 SMP Wed Jun 12 03:34:52 UTC 2013 x86_64 x86_64 x86_64 GNU/Linux
>>> current directory (RUNTIME_AREA): /data7/condor_local/execute/dir_7222/https_3a_2f_2fwms317.cern.ch_3a9000_2ffkIOup5YG9zjKxCt2h-m7A
>>> current user: uid=36061(cuser15) gid=36061(cuser15) groups=36061(cuser15)
>>> directory permission set to 0700
>>> umask set to:  u=rwx,g=,o=
>>> stdout stderr permission set to 0704
>>> voms proxy information:
subject   : /O=GRID-FR/C=FR/O=CNRS/OU=LLR/CN=Ivo Naranjo/CN=proxy/CN=proxy/CN=limited proxy/CN=limited proxy
issuer    : /O=GRID-FR/C=FR/O=CNRS/OU=LLR/CN=Ivo Naranjo/CN=proxy/CN=proxy/CN=limited proxy
identity  : /O=GRID-FR/C=FR/O=CNRS/OU=LLR/CN=Ivo Naranjo/CN=proxy/CN=proxy/CN=limited proxy
type      : limited proxy
strength  : 512 bits
path      : /data7/condor_local/execute/dir_7222/x509_user_proxy
timeleft  : 23:59:33
key usage : 
=== VO cms extension information ===
VO        : cms
subject   : /O=GRID-FR/C=FR/O=CNRS/OU=LLR/CN=Ivo Naranjo
issuer    : /DC=ch/DC=cern/OU=computers/CN=lcg-voms.cern.ch
attribute : /cms/Role=NULL/Capability=NULL
timeleft  : 170:55:11
uri       : lcg-voms.cern.ch:15002
>>> tar --no-same-permissions -xf /data7/condor_local/execute/dir_7222/https_3a_2f_2fwms317.cern.ch_3a9000_2ffkIOup5YG9zjKxCt2h-m7A/default.tgz :
Successful untar
>>> Include /data7/condor_local/execute/dir_7222/https_3a_2f_2fwms317.cern.ch_3a9000_2ffkIOup5YG9zjKxCt2h-m7A in PYTHONPATH:
strip arguments
env var CRAB_UNIQUE_JOB_ID set to: inaranjo_PFTauIdEff-V18-DYJetsToLL-madgraph-DR53X-Summer12-v2_ipq426_547_1_euj
out_files_547
>>> list of expected files on output sandbox
output files: crab_fjr_547.xml CMSSW_547.stdout CMSSW_547.stderr Watchdog_547.log.gz
>>> GridFlavour discovery: 
source OSG GRID setup script
GridFlavour=OSG
>>> SyncSite discovery: 
not reporting SyncSite
>>> SyncCE discovery: 
getting SyncCE from OSG_JOB_CONTACT
SyncCE=osg-gw-6.t2.ucsd.edu/jobmanager-condor
>>> info for dashboard:
***** Cat /data7/condor_local/execute/dir_7222/https_3a_2f_2fwms317.cern.ch_3a9000_2ffkIOup5YG9zjKxCt2h-m7A/jobreport.txt *****
MonitorJobID=547_https://wms317.cern.ch:9000/fkIOup5YG9zjKxCt2h-m7A
SyncGridJobId=https://wms317.cern.ch:9000/fkIOup5YG9zjKxCt2h-m7A
MonitorID=inaranjo_PFTauIdEff-V18-DYJetsToLL-madgraph-DR53X-Summer12-v2_ipq426
GridFlavour=OSG
SyncCE=osg-gw-6.t2.ucsd.edu/jobmanager-condor
***** End Cat jobreport *****
Parameters sent to Dashboard.
>>> setup environment
set SCRAM ARCH to slc5_amd64_gcc462
SCRAM_ARCH = slc5_amd64_gcc462
/bin/mktemp: failed to create directory via template `$_CONDOR_SCRATCH_DIR/cms_XXXXXXXXXXXX': No such file or directory
ERROR ==> OSG  could not be created on WN cabinet-2-2-4.t2.ucsd.edu
Checking output files:  
will tar file crab_fjr_547.xml in  out_files_547
will tar file CMSSW_547.stdout in  out_files_547
will tar file CMSSW_547.stderr in  out_files_547
WARNING: output file Watchdog_547.log.gz not found!
>>> padding time: Sleeping the wrapper for 599 seconds
STOPPING WATCHDOG. CrabWatchdog PID is 
kill: usage: kill [-s sigspec | -n signum | -sigspec] pid | jobspec ... or kill -l [sigspec]
********** LAST 50 LINES OF WATCHDOG LOG
tail: cannot open `Watchdog_547.log' for reading: No such file or directory
********** WATCHDOG LOG ENDED
ZIPPING WATCHDOG LOG
gzip: Watchdog_547.log: No such file or directory
Disk space used:
du -sh /data7/condor_local/execute/dir_7222/https_3a_2f_2fwms317.cern.ch_3a9000_2ffkIOup5YG9zjKxCt2h-m7A
59M	/data7/condor_local/execute/dir_7222/https_3a_2f_2fwms317.cern.ch_3a9000_2ffkIOup5YG9zjKxCt2h-m7A
Found unusual stderr, rename for OSB
