This script was generated by crab (version 2.8.8).
Running ./CMSSW.sh with 2 positional parameters: 199 1
Today is Wed Aug 14 20:17:44 CDT 2013
Job submitted on host g18n25.hep.wisc.edu
Linux g18n25.hep.wisc.edu 2.6.18-348.6.1.el5 #1 SMP Tue May 21 15:44:27 EDT 2013 x86_64 x86_64 x86_64 GNU/Linux
>>> current directory (RUNTIME_AREA): /scratch/condor/execute/dir_11023/https_3a_2f_2fwms313.cern.ch_3a9000_2f_5f96RzNAQW79xh5gme7d1yQ
>>> current user: uid=3349(osg_cmsuser2393) gid=622(osg_uscms01) groups=100(users),622(osg_uscms01) context=system_u:system_r:unconfined_execmem_t:s0
>>> directory permission set to 0700
>>> umask set to:  u=rwx,g=,o=
>>> stdout stderr permission set to 0704
>>> voms proxy information:
subject   : /O=GRID-FR/C=FR/O=CNRS/OU=LLR/CN=Ivo Naranjo/CN=proxy/CN=proxy/CN=limited proxy
issuer    : /O=GRID-FR/C=FR/O=CNRS/OU=LLR/CN=Ivo Naranjo/CN=proxy/CN=proxy
identity  : /O=GRID-FR/C=FR/O=CNRS/OU=LLR/CN=Ivo Naranjo/CN=proxy/CN=proxy
type      : limited proxy
strength  : 512 bits
path      : /var/condor/.execute-links/slot27/dir_11023/x509_user_proxy
timeleft  : 176:21:38
key usage : 
=== VO cms extension information ===
VO        : cms
subject   : /O=GRID-FR/C=FR/O=CNRS/OU=LLR/CN=Ivo Naranjo
issuer    : /DC=ch/DC=cern/OU=computers/CN=lcg-voms.cern.ch
attribute : /cms/Role=NULL/Capability=NULL
timeleft  : 176:21:54
uri       : lcg-voms.cern.ch:15002
>>> tar --no-same-permissions -xf /scratch/condor/execute/dir_11023/https_3a_2f_2fwms313.cern.ch_3a9000_2f_5f96RzNAQW79xh5gme7d1yQ/default.tgz :
Successful untar
>>> Include /scratch/condor/execute/dir_11023/https_3a_2f_2fwms313.cern.ch_3a9000_2f_5f96RzNAQW79xh5gme7d1yQ in PYTHONPATH:
strip arguments
env var CRAB_UNIQUE_JOB_ID set to: inaranjo_PFTauIdEff-V18-DYJetsToLL-madgraph-DR53X-Summer12-v2_ipq426_199_1_k0h
out_files_199
>>> list of expected files on output sandbox
output files: crab_fjr_199.xml CMSSW_199.stdout CMSSW_199.stderr Watchdog_199.log.gz
>>> GridFlavour discovery: 
source OSG GRID setup script
GridFlavour=OSG
>>> SyncSite discovery: 
not reporting SyncSite
>>> SyncCE discovery: 
getting SyncCE from OSG_JOB_CONTACT
SyncCE=cmsgrid01.hep.wisc.edu/jobmanager-condor
>>> info for dashboard:
***** Cat /scratch/condor/execute/dir_11023/https_3a_2f_2fwms313.cern.ch_3a9000_2f_5f96RzNAQW79xh5gme7d1yQ/jobreport.txt *****
MonitorJobID=199_https://wms313.cern.ch:9000/_96RzNAQW79xh5gme7d1yQ
SyncGridJobId=https://wms313.cern.ch:9000/_96RzNAQW79xh5gme7d1yQ
MonitorID=inaranjo_PFTauIdEff-V18-DYJetsToLL-madgraph-DR53X-Summer12-v2_ipq426
GridFlavour=OSG
SyncCE=cmsgrid01.hep.wisc.edu/jobmanager-condor
***** End Cat jobreport *****
Parameters sent to Dashboard.
>>> setup environment
set SCRAM ARCH to slc5_amd64_gcc462
SCRAM_ARCH = slc5_amd64_gcc462
>>> Created working directory: /var/condor/.execute-links/slot27/dir_11023/cms_rLzqRUs14165
Change to working directory: /var/condor/.execute-links/slot27/dir_11023/cms_rLzqRUs14165
>>> current directory (WORKING_DIR): /var/condor/.execute-links/slot27/dir_11023/cms_rLzqRUs14165
>>> setup CMS OSG environment:
set SCRAM ARCH to slc5_amd64_gcc462
SCRAM_ARCH = slc5_amd64_gcc462
OSG_APP is /cvmfs/cms.hep.wisc.edu/osg/app
sourcing /cvmfs/cms.hep.wisc.edu/osg/app/cmssoft/cms/cmsset_default.sh ...
==> setup cms environment ok
SCRAM_ARCH = slc5_amd64_gcc462
>>> specific cmssw setup environment:
CMSSW_VERSION =  CMSSW_5_3_11_patch3
>>> current directory (SOFTWARE_DIR): /var/condor/.execute-links/slot27/dir_11023/cms_rLzqRUs14165/CMSSW_5_3_11_patch3
PreserveSeeds: <>
IncrementSeeds:<>
{}
WNHostName=g18n25.hep.wisc.edu
>>> info for dashboard:
***** Cat /scratch/condor/execute/dir_11023/https_3a_2f_2fwms313.cern.ch_3a9000_2f_5f96RzNAQW79xh5gme7d1yQ/jobreport.txt *****
MonitorJobID=199_https://wms313.cern.ch:9000/_96RzNAQW79xh5gme7d1yQ
MonitorID=inaranjo_PFTauIdEff-V18-DYJetsToLL-madgraph-DR53X-Summer12-v2_ipq426
WNHostName=g18n25.hep.wisc.edu
***** End Cat jobreport *****
Parameters sent to Dashboard.
crabWatchdog started as process 15314
>>> moving CMSSW software directories in /var/condor/.execute-links/slot27/dir_11023/cms_rLzqRUs14165/CMSSW_5_3_11_patch3
mv: cannot stat `/scratch/condor/execute/dir_11023/https_3a_2f_2fwms313.cern.ch_3a9000_2f_5f96RzNAQW79xh5gme7d1yQ/module/': No such file or directory
>>> Include /scratch/condor/execute/dir_11023/https_3a_2f_2fwms313.cern.ch_3a9000_2f_5f96RzNAQW79xh5gme7d1yQ in PYTHONPATH:
PYTHONPATH=/scratch/condor/execute/dir_11023/https_3a_2f_2fwms313.cern.ch_3a9000_2f_5f96RzNAQW79xh5gme7d1yQ/:/scratch/condor/execute/dir_11023/cms_rLzqRUs14165/CMSSW_5_3_11_patch3/python:/scratch/condor/execute/dir_11023/cms_rLzqRUs14165/CMSSW_5_3_11_patch3/lib/slc5_amd64_gcc462:/cvmfs/cms.cern.ch/slc5_amd64_gcc462/cms/cmssw-patch/CMSSW_5_3_11_patch3/python:/cvmfs/cms.cern.ch/slc5_amd64_gcc462/cms/cmssw-patch/CMSSW_5_3_11_patch3/lib/slc5_amd64_gcc462:/cvmfs/cms.cern.ch/slc5_amd64_gcc462/cms/cmssw/CMSSW_5_3_11/bin/slc5_amd64_gcc462:/cvmfs/cms.cern.ch/slc5_amd64_gcc462/cms/cmssw/CMSSW_5_3_11/lib/slc5_amd64_gcc462:/cvmfs/cms.cern.ch/slc5_amd64_gcc462/cms/coral/CORAL_2_3_21-cms35/slc5_amd64_gcc462/python:/cvmfs/cms.cern.ch/slc5_amd64_gcc462/cms/coral/CORAL_2_3_21-cms35/slc5_amd64_gcc462/lib:/cvmfs/cms.cern.ch/slc5_amd64_gcc462/external/pyqt/4.8.1/lib/python2.6/site-packages:/cvmfs/cms.cern.ch/slc5_amd64_gcc462/external/py2-scipy/0.8.0/lib/python2.6/site-packages:/cvmfs/cms.cern.ch/slc5_amd64_gcc462/external/py2-matplotlib/1.0.1/lib/python2.6/site-packages:/cvmfs/cms.cern.ch/slc5_amd64_gcc462/external/python-ldap/2.3.5/lib/python2.6/site-packages:/cvmfs/cms.cern.ch/slc5_amd64_gcc462/external/sip/4.11.2/lib/python2.6/site-packages:/cvmfs/cms.cern.ch/slc5_amd64_gcc462/external/py2-pycurl/7.19.0/lib/python2.6/site-packages:/cvmfs/cms.cern.ch/slc5_amd64_gcc462/external/py2-numpy/1.6.1/lib/python2.6/site-packages:/cvmfs/cms.cern.ch/slc5_amd64_gcc462/external/py2-ipython/0.10/lib/python2.6/site-packages:/cvmfs/cms.cern.ch/slc5_amd64_gcc462/external/py2-cx-oracle/5.1-cms11/lib/python2.6/site-packages:/cvmfs/cms.cern.ch/slc5_amd64_gcc462/external/py2-cjson/1.0.5/lib/python2.6/site-packages:/cvmfs/cms.cern.ch/slc5_amd64_gcc462/cms/das-client/1.9.5/bin:/cvmfs/cms.cern.ch/slc5_amd64_gcc462/external/elementtree/1.2.6/share/lib/python2.6/site-packages:/cvmfs/cms.cern.ch/slc5_amd64_gcc462/external/rivet/1.8.2/lib/python2.6/site-packages:/cvmfs/cms.cern.ch/slc5_amd64_gcc462/external/pyminuit2/0.0.1-cms39/lib/python2.6/site-packages:/cvmfs/cms.cern.ch/slc5_amd64_gcc462/external/professor/1.0.0-cms40/lib/python2.6/site-packages:/cvmfs/cms.cern.ch/slc5_amd64_gcc462/lcg/root/5.32.00-cms21/lib:/cvmfs/cms.cern.ch/slc5_amd64_gcc462/cms/dbs-client/DBS_2_1_9-cms3/lib:/cvmfs/cms.cern.ch/slc5_amd64_gcc462/cms/dbs-client/DBS_2_1_9-cms3/lib/DBSAPI:/cvmfs/cms.cern.ch/slc5_amd64_gcc462/external/cvs2git/5419/lib:/scratch/condor/execute/dir_11023/https_3a_2f_2fwms313.cern.ch_3a9000_2f_5f96RzNAQW79xh5gme7d1yQ/
 
# LIMITS USED BY CRAB WATCHDOG:
# RSS  (KBytes)   : 2300000
# VSZ  (KBytes)   : 100000000
# DISK (MBytes)   : 19000
# CPU TIME        : 720h:0m:0s
# WALL CLOCK TIME : 21h:50m:0s
 
ad1530fd04abf2a74b3716344e50f888
PSETHASH = ad1530fd04abf2a74b3716344e50f888
/scratch/condor/execute/dir_11023/https_3a_2f_2fwms313.cern.ch_3a9000_2f_5f96RzNAQW79xh5gme7d1yQ/writeCfg.py pset.py pset.py
Importing .py file
Setting parameters
inputBlocks=/DYJetsToLL_M-50_TuneZ2Star_8TeV-madgraph-tarball/Summer12_DR53X-PU_S10_START53_V7A-v1/AODSIM#c4a5a9ba-d267-11e1-80c6-003048f02c8a
inputFiles=/store/mc/Summer12_DR53X/DYJetsToLL_M-50_TuneZ2Star_8TeV-madgraph-tarball/AODSIM/PU_S10_START53_V7A-v1/0000/1607D523-93D2-E111-8806-001E6739726F.root;/store/mc/Summer12_DR53X/DYJetsToLL_M-50_TuneZ2Star_8TeV-madgraph-tarball/AODSIM/PU_S10_START53_V7A-v1/0000/52E8C59C-93D2-E111-A71D-002481E15008.root;/store/mc/Summer12_DR53X/DYJetsToLL_M-50_TuneZ2Star_8TeV-madgraph-tarball/AODSIM/PU_S10_START53_V7A-v1/0000/4C6D71DB-C5D2-E111-9717-001E67398C37.root;/store/mc/Summer12_DR53X/DYJetsToLL_M-50_TuneZ2Star_8TeV-madgraph-tarball/AODSIM/PU_S10_START53_V7A-v1/0000/2C03F031-C6D2-E111-A294-001E67397EDB.root
parentFiles=
lumisRange=
>>> Executable cmsRun
/cvmfs/cms.cern.ch/slc5_amd64_gcc462/cms/cmssw-patch/CMSSW_5_3_11_patch3/bin/slc5_amd64_gcc462/cmsRun
ok executable found
>>> info for dashboard:
***** Cat /scratch/condor/execute/dir_11023/https_3a_2f_2fwms313.cern.ch_3a9000_2f_5f96RzNAQW79xh5gme7d1yQ/jobreport.txt *****
MonitorJobID=199_https://wms313.cern.ch:9000/_96RzNAQW79xh5gme7d1yQ
MonitorID=inaranjo_PFTauIdEff-V18-DYJetsToLL-madgraph-DR53X-Summer12-v2_ipq426
ExeStart=cmsRun
***** End Cat jobreport *****
Parameters sent to Dashboard.
>>> cmsRun started at Thu Aug 15 01:18:24 UTC 2013
>>> cmsRun ended at Thu Aug 15 02:13:59 UTC 2013
>>> crab_fjr_*.xml  permission set to 0704
>>> info for dashboard:
***** Cat /scratch/condor/execute/dir_11023/https_3a_2f_2fwms313.cern.ch_3a9000_2f_5f96RzNAQW79xh5gme7d1yQ/jobreport.txt *****
MonitorJobID=199_https://wms313.cern.ch:9000/_96RzNAQW79xh5gme7d1yQ
MonitorID=inaranjo_PFTauIdEff-V18-DYJetsToLL-madgraph-DR53X-Summer12-v2_ipq426
ExeEnd=cmsRun
***** End Cat jobreport *****
Parameters sent to Dashboard.
TIME_EXE = 3335 sec
>>> cmsRun wrote 14 lines of stdout+stderr
>>> START OF printout of 14 lines from stdout+stderr
14-Aug-2013 20:18:38 CDT  Initiating request to open file root://cmsxrootd.hep.wisc.edu//store/mc/Summer12_DR53X/DYJetsToLL_M-50_TuneZ2Star_8TeV-madgraph-tarball/AODSIM/PU_S10_START53_V7A-v1/0000/1607D523-93D2-E111-8806-001E6739726F.root
130814 20:18:38 17235 Xrd: GoToAnotherServer: Going to: g14n29.hep.wisc.edu:31094
130814 20:39:08 17235 Xrd: XrdClientMessage::ReadRaw: Failed to read header (8 bytes).
14-Aug-2013 20:56:35 CDT  Successfully opened file root://cmsxrootd.hep.wisc.edu//store/mc/Summer12_DR53X/DYJetsToLL_M-50_TuneZ2Star_8TeV-madgraph-tarball/AODSIM/PU_S10_START53_V7A-v1/0000/1607D523-93D2-E111-8806-001E6739726F.root
130814 21:13:57 001 Xrd: CheckErrorStatus: Server [cmshdfs02.hep.wisc.edu:1094] declared: Unable to read /store/mc/Summer12_DR53X/DYJetsToLL_M-50_TuneZ2Star_8TeV-madgraph-tarball/AODSIM/PU_S10_START53_V7A-v1/0000/1607D523-93D2-E111-8806-001E6739726F.root; operation not permitted(error code: 3010)
14-Aug-2013 21:13:57 CDT  Closed file root://cmsxrootd.hep.wisc.edu//store/mc/Summer12_DR53X/DYJetsToLL_M-50_TuneZ2Star_8TeV-madgraph-tarball/AODSIM/PU_S10_START53_V7A-v1/0000/1607D523-93D2-E111-8806-001E6739726F.root
----- Begin Fatal Exception 14-Aug-2013 21:13:58 CDT-----------------------
An exception of category 'FileReadError' occurred while
   [0] Constructing the EventProcessor
   [1] Constructing input source of type PoolSource
   [2] Reading branch EventAuxiliary
Exception Message:
Unable to cache 134217728 byte file segment at 134217728: got only 0 bytes back
----- End Fatal Exception -------------------------------------------------
>>> END OF printout of 14 lines from stdout+stderr
>>> ERROR: Fatal Exception from CMSSW:
----- Begin Fatal Exception 14-Aug-2013 21:13:58 CDT-----------------------
An exception of category 'FileReadError' occurred while
   [0] Constructing the EventProcessor
   [1] Constructing input source of type PoolSource
   [2] Reading branch EventAuxiliary
Exception Message:
Unable to cache 134217728 byte file segment at 134217728: got only 0 bytes back
----- End Fatal Exception -------------------------------------------------
>>> Parse FrameworkJobReport crab_fjr.xml
Result of parsing the FrameworkJobReport crab_fjr.xml: Popularity start
lumisRange : 
lumisParentRange : 
Basename : /store/mc/Summer12_DR53X/DYJetsToLL_M-50_TuneZ2Star_8TeV-madgraph-tarball/AODSIM/PU_S10_START53_V7A-v1/0000/
BasenameParent : 
parentFiles : 
inputBlocks : /DYJetsToLL_M-50_TuneZ2Star_8TeV-madgraph-tarball/Summer12_DR53X-PU_S10_START53_V7A-v1/AODSIM#c4a5a9ba-d267-11e1-80c6-003048f02c8a
inputFiles : 1607D523-93D2-E111-8806-001E6739726F.root::2::Unknown::Unknown::Unknown;52E8C59C-93D2-E111-A71D-002481E15008.root::2::Unknown::Unknown::Unknown;4C6D71DB-C5D2-E111-9717-001E67398C37.root::2::Unknown::Unknown::Unknown;2C03F031-C6D2-E111-A294-001E67397EDB.root::2::Unknown::Unknown::Unknown;
Popularity stop
Extracted ExitStatus from FrameworkJobReport parsing output: 8021
>>> Executable failed  8021
ExeExitCode=8021
EXECUTABLE_EXIT_STATUS = 8021
Checking output files:  
will tar file crab_fjr_199.xml in  out_files_199
will tar file CMSSW_199.stdout in  out_files_199
will tar file CMSSW_199.stderr in  out_files_199
WARNING: output file Watchdog_199.log.gz not found!
>>> working dir = /var/condor/.execute-links/slot27/dir_11023/cms_rLzqRUs14165
>>> current directory (RUNTIME_AREA): /scratch/condor/execute/dir_11023/https_3a_2f_2fwms313.cern.ch_3a9000_2f_5f96RzNAQW79xh5gme7d1yQ
>>> Remove working directory: /var/condor/.execute-links/slot27/dir_11023/cms_rLzqRUs14165
>>> padding time: Wrapper lasting more than 600 seconds. No sleep required.
STOPPING WATCHDOG. CrabWatchdog PID is 15314
********** LAST 50 LINES OF WATCHDOG LOG
# THERE IS NO PRINTOUT FOR CPU/WALL TIME INCREASE
 
# TIME			PID	RSS(KB)	VSZ(KB)	Dsk(MB)	tCPU(s)	tWALL(s)	COMMAND
 Aug 14 20:18:12 CDT	14123	928	9168	0	0	0	/bin/sh /var/condor/.execute-links/slot27/dir_11023/_osg_wrapper/_osg_wrapper_exec 'UI=000000:NS=0000000004:WM=000006:BH=0000000000:JSS=000003:LM=000000:LRMS=000000:APP=000000:LBS=000000'        
 Aug 14 20:18:12 CDT	14129	1488	9168	0	0	0	/bin/sh ./CMSSW.sh 199 1       
 Aug 14 20:18:12 CDT	15338	1488	32176	0	0	0	edmConfigHash pset.py         
 Aug 14 20:18:12 CDT	---	1488	32176	52	----	----	----
 Aug 14 20:19:12 CDT	17235	250448	519212	52	10	61	cmsRun -j /scratch/condor/execute/dir_11023/https_3a_2f_2fwms313.cern.ch_3a9000_2f_5f96RzNAQW79xh5gme7d1yQ/crab_fjr_199.xml -p pset.py      
 Aug 14 20:19:12 CDT	---	250448	519212	53	----	----	----
 Aug 14 20:20:13 CDT	17235	258648	523820	53	10	121	cmsRun -j /scratch/condor/execute/dir_11023/https_3a_2f_2fwms313.cern.ch_3a9000_2f_5f96RzNAQW79xh5gme7d1yQ/crab_fjr_199.xml -p pset.py      
 Aug 14 20:21:13 CDT	17235	270948	530732	53	10	181	cmsRun -j /scratch/condor/execute/dir_11023/https_3a_2f_2fwms313.cern.ch_3a9000_2f_5f96RzNAQW79xh5gme7d1yQ/crab_fjr_199.xml -p pset.py      
 Aug 14 20:22:14 CDT	17235	279148	535340	53	10	242	cmsRun -j /scratch/condor/execute/dir_11023/https_3a_2f_2fwms313.cern.ch_3a9000_2f_5f96RzNAQW79xh5gme7d1yQ/crab_fjr_199.xml -p pset.py      
 Aug 14 20:23:14 CDT	17235	287828	542252	53	10	302	cmsRun -j /scratch/condor/execute/dir_11023/https_3a_2f_2fwms313.cern.ch_3a9000_2f_5f96RzNAQW79xh5gme7d1yQ/crab_fjr_199.xml -p pset.py      
 Aug 14 20:24:14 CDT	17235	294380	542252	53	10	363	cmsRun -j /scratch/condor/execute/dir_11023/https_3a_2f_2fwms313.cern.ch_3a9000_2f_5f96RzNAQW79xh5gme7d1yQ/crab_fjr_199.xml -p pset.py      
 Aug 14 20:25:15 CDT	17235	299640	542252	53	10	423	cmsRun -j /scratch/condor/execute/dir_11023/https_3a_2f_2fwms313.cern.ch_3a9000_2f_5f96RzNAQW79xh5gme7d1yQ/crab_fjr_199.xml -p pset.py      
 Aug 14 20:26:15 CDT	17235	303568	542252	53	10	483	cmsRun -j /scratch/condor/execute/dir_11023/https_3a_2f_2fwms313.cern.ch_3a9000_2f_5f96RzNAQW79xh5gme7d1yQ/crab_fjr_199.xml -p pset.py      
 Aug 14 20:27:15 CDT	17235	309196	542252	53	10	544	cmsRun -j /scratch/condor/execute/dir_11023/https_3a_2f_2fwms313.cern.ch_3a9000_2f_5f96RzNAQW79xh5gme7d1yQ/crab_fjr_199.xml -p pset.py      
 Aug 14 20:28:16 CDT	17235	313976	542252	53	11	605	cmsRun -j /scratch/condor/execute/dir_11023/https_3a_2f_2fwms313.cern.ch_3a9000_2f_5f96RzNAQW79xh5gme7d1yQ/crab_fjr_199.xml -p pset.py      
 Aug 14 20:29:17 CDT	17235	320120	542252	53	11	665	cmsRun -j /scratch/condor/execute/dir_11023/https_3a_2f_2fwms313.cern.ch_3a9000_2f_5f96RzNAQW79xh5gme7d1yQ/crab_fjr_199.xml -p pset.py      
 Aug 14 20:30:17 CDT	17235	326132	542252	53	11	725	cmsRun -j /scratch/condor/execute/dir_11023/https_3a_2f_2fwms313.cern.ch_3a9000_2f_5f96RzNAQW79xh5gme7d1yQ/crab_fjr_199.xml -p pset.py      
 Aug 14 20:31:17 CDT	17235	330360	542252	53	11	786	cmsRun -j /scratch/condor/execute/dir_11023/https_3a_2f_2fwms313.cern.ch_3a9000_2f_5f96RzNAQW79xh5gme7d1yQ/crab_fjr_199.xml -p pset.py      
 Aug 14 20:32:18 CDT	17235	336504	542252	53	11	846	cmsRun -j /scratch/condor/execute/dir_11023/https_3a_2f_2fwms313.cern.ch_3a9000_2f_5f96RzNAQW79xh5gme7d1yQ/crab_fjr_199.xml -p pset.py      
 Aug 14 20:33:18 CDT	17235	340600	542252	53	11	906	cmsRun -j /scratch/condor/execute/dir_11023/https_3a_2f_2fwms313.cern.ch_3a9000_2f_5f96RzNAQW79xh5gme7d1yQ/crab_fjr_199.xml -p pset.py      
 Aug 14 20:34:18 CDT	17235	344696	542252	53	11	967	cmsRun -j /scratch/condor/execute/dir_11023/https_3a_2f_2fwms313.cern.ch_3a9000_2f_5f96RzNAQW79xh5gme7d1yQ/crab_fjr_199.xml -p pset.py      
 Aug 14 20:35:19 CDT	17235	352888	542252	53	11	1027	cmsRun -j /scratch/condor/execute/dir_11023/https_3a_2f_2fwms313.cern.ch_3a9000_2f_5f96RzNAQW79xh5gme7d1yQ/crab_fjr_199.xml -p pset.py      
 Aug 14 20:36:19 CDT	17235	356984	542252	53	11	1088	cmsRun -j /scratch/condor/execute/dir_11023/https_3a_2f_2fwms313.cern.ch_3a9000_2f_5f96RzNAQW79xh5gme7d1yQ/crab_fjr_199.xml -p pset.py      
 Aug 14 20:37:20 CDT	17235	363128	542252	53	11	1148	cmsRun -j /scratch/condor/execute/dir_11023/https_3a_2f_2fwms313.cern.ch_3a9000_2f_5f96RzNAQW79xh5gme7d1yQ/crab_fjr_199.xml -p pset.py      
 Aug 14 20:38:20 CDT	17235	369276	542252	53	11	1208	cmsRun -j /scratch/condor/execute/dir_11023/https_3a_2f_2fwms313.cern.ch_3a9000_2f_5f96RzNAQW79xh5gme7d1yQ/crab_fjr_199.xml -p pset.py      
 Aug 14 20:39:20 CDT	17235	375448	542252	53	11	1269	cmsRun -j /scratch/condor/execute/dir_11023/https_3a_2f_2fwms313.cern.ch_3a9000_2f_5f96RzNAQW79xh5gme7d1yQ/crab_fjr_199.xml -p pset.py      
 Aug 14 20:40:21 CDT	17235	379544	542252	53	11	1329	cmsRun -j /scratch/condor/execute/dir_11023/https_3a_2f_2fwms313.cern.ch_3a9000_2f_5f96RzNAQW79xh5gme7d1yQ/crab_fjr_199.xml -p pset.py      
 Aug 14 20:41:21 CDT	17235	385688	542252	53	11	1389	cmsRun -j /scratch/condor/execute/dir_11023/https_3a_2f_2fwms313.cern.ch_3a9000_2f_5f96RzNAQW79xh5gme7d1yQ/crab_fjr_199.xml -p pset.py      
 Aug 14 20:42:21 CDT	17235	389784	542252	53	11	1450	cmsRun -j /scratch/condor/execute/dir_11023/https_3a_2f_2fwms313.cern.ch_3a9000_2f_5f96RzNAQW79xh5gme7d1yQ/crab_fjr_199.xml -p pset.py      
 Aug 14 20:57:27 CDT	17235	426244	698716	53	15	2355	cmsRun -j /scratch/condor/execute/dir_11023/https_3a_2f_2fwms313.cern.ch_3a9000_2f_5f96RzNAQW79xh5gme7d1yQ/crab_fjr_199.xml -p pset.py      
# TIME			PID	RSS(KB)	VSZ(KB)	Dsk(MB)	tCPU(s)	tWALL(s)	COMMAND
 Aug 14 20:58:27 CDT	17235	430340	698716	53	15	2415	cmsRun -j /scratch/condor/execute/dir_11023/https_3a_2f_2fwms313.cern.ch_3a9000_2f_5f96RzNAQW79xh5gme7d1yQ/crab_fjr_199.xml -p pset.py      
 Aug 14 20:59:27 CDT	17235	434436	698716	53	15	2476	cmsRun -j /scratch/condor/execute/dir_11023/https_3a_2f_2fwms313.cern.ch_3a9000_2f_5f96RzNAQW79xh5gme7d1yQ/crab_fjr_199.xml -p pset.py      
 Aug 14 21:00:28 CDT	17235	438804	701020	53	15	2536	cmsRun -j /scratch/condor/execute/dir_11023/https_3a_2f_2fwms313.cern.ch_3a9000_2f_5f96RzNAQW79xh5gme7d1yQ/crab_fjr_199.xml -p pset.py      
 Aug 14 21:01:28 CDT	17235	444724	701020	53	15	2596	cmsRun -j /scratch/condor/execute/dir_11023/https_3a_2f_2fwms313.cern.ch_3a9000_2f_5f96RzNAQW79xh5gme7d1yQ/crab_fjr_199.xml -p pset.py      
 Aug 14 21:02:28 CDT	17235	450868	701020	53	15	2657	cmsRun -j /scratch/condor/execute/dir_11023/https_3a_2f_2fwms313.cern.ch_3a9000_2f_5f96RzNAQW79xh5gme7d1yQ/crab_fjr_199.xml -p pset.py      
 Aug 14 21:03:29 CDT	17235	454964	701020	53	15	2717	cmsRun -j /scratch/condor/execute/dir_11023/https_3a_2f_2fwms313.cern.ch_3a9000_2f_5f96RzNAQW79xh5gme7d1yQ/crab_fjr_199.xml -p pset.py      
 Aug 14 21:04:29 CDT	17235	459060	701020	53	15	2777	cmsRun -j /scratch/condor/execute/dir_11023/https_3a_2f_2fwms313.cern.ch_3a9000_2f_5f96RzNAQW79xh5gme7d1yQ/crab_fjr_199.xml -p pset.py      
 Aug 14 21:05:29 CDT	17235	463156	701020	53	15	2838	cmsRun -j /scratch/condor/execute/dir_11023/https_3a_2f_2fwms313.cern.ch_3a9000_2f_5f96RzNAQW79xh5gme7d1yQ/crab_fjr_199.xml -p pset.py      
 Aug 14 21:06:30 CDT	17235	469300	701020	53	15	2899	cmsRun -j /scratch/condor/execute/dir_11023/https_3a_2f_2fwms313.cern.ch_3a9000_2f_5f96RzNAQW79xh5gme7d1yQ/crab_fjr_199.xml -p pset.py      
 Aug 14 21:07:31 CDT	17235	473396	701020	53	15	2959	cmsRun -j /scratch/condor/execute/dir_11023/https_3a_2f_2fwms313.cern.ch_3a9000_2f_5f96RzNAQW79xh5gme7d1yQ/crab_fjr_199.xml -p pset.py      
 Aug 14 21:08:31 CDT	17235	479540	701020	53	15	3019	cmsRun -j /scratch/condor/execute/dir_11023/https_3a_2f_2fwms313.cern.ch_3a9000_2f_5f96RzNAQW79xh5gme7d1yQ/crab_fjr_199.xml -p pset.py      
 Aug 14 21:09:31 CDT	17235	483636	701020	53	15	3080	cmsRun -j /scratch/condor/execute/dir_11023/https_3a_2f_2fwms313.cern.ch_3a9000_2f_5f96RzNAQW79xh5gme7d1yQ/crab_fjr_199.xml -p pset.py      
 Aug 14 21:10:32 CDT	17235	485684	701020	53	15	3140	cmsRun -j /scratch/condor/execute/dir_11023/https_3a_2f_2fwms313.cern.ch_3a9000_2f_5f96RzNAQW79xh5gme7d1yQ/crab_fjr_199.xml -p pset.py      
 Aug 14 21:11:32 CDT	17235	491828	701020	53	15	3200	cmsRun -j /scratch/condor/execute/dir_11023/https_3a_2f_2fwms313.cern.ch_3a9000_2f_5f96RzNAQW79xh5gme7d1yQ/crab_fjr_199.xml -p pset.py      
 Aug 14 21:12:32 CDT	17235	497972	701020	53	15	3261	cmsRun -j /scratch/condor/execute/dir_11023/https_3a_2f_2fwms313.cern.ch_3a9000_2f_5f96RzNAQW79xh5gme7d1yQ/crab_fjr_199.xml -p pset.py      
 Aug 14 21:13:33 CDT	17235	504116	701020	53	15	3321	cmsRun -j /scratch/condor/execute/dir_11023/https_3a_2f_2fwms313.cern.ch_3a9000_2f_5f96RzNAQW79xh5gme7d1yQ/crab_fjr_199.xml -p pset.py      
********** WATCHDOG LOG ENDED
ZIPPING WATCHDOG LOG
Disk space used:
du -sh /scratch/condor/execute/dir_11023/https_3a_2f_2fwms313.cern.ch_3a9000_2f_5f96RzNAQW79xh5gme7d1yQ
16M	/scratch/condor/execute/dir_11023/https_3a_2f_2fwms313.cern.ch_3a9000_2f_5f96RzNAQW79xh5gme7d1yQ
Found unusual stderr, rename for OSB
