This script was generated by crab (version 2.8.8).
Running ./CMSSW.sh with 2 positional parameters: 340 1
Today is Wed Aug 14 19:58:34 CDT 2013
Job submitted on host g16n13.hep.wisc.edu
Linux g16n13.hep.wisc.edu 2.6.18-348.6.1.el5 #1 SMP Tue May 21 15:44:27 EDT 2013 x86_64 x86_64 x86_64 GNU/Linux
>>> current directory (RUNTIME_AREA): /var/condor/execute/dir_12709/https_3a_2f_2fwms313.cern.ch_3a9000_2f3VvPFnsSSuSWsnOX7vvLZg
>>> current user: uid=3349(osg_cmsuser2393) gid=622(osg_uscms01) groups=100(users),622(osg_uscms01) context=system_u:system_r:unconfined_execmem_t:s0
>>> directory permission set to 0700
>>> umask set to:  u=rwx,g=,o=
>>> stdout stderr permission set to 0704
>>> voms proxy information:
subject   : /O=GRID-FR/C=FR/O=CNRS/OU=LLR/CN=Ivo Naranjo/CN=proxy/CN=proxy/CN=limited proxy
issuer    : /O=GRID-FR/C=FR/O=CNRS/OU=LLR/CN=Ivo Naranjo/CN=proxy/CN=proxy
identity  : /O=GRID-FR/C=FR/O=CNRS/OU=LLR/CN=Ivo Naranjo/CN=proxy/CN=proxy
type      : limited proxy
strength  : 512 bits
path      : /var/condor/.execute-links/slot12/dir_12709/x509_user_proxy
timeleft  : 176:40:48
key usage : 
=== VO cms extension information ===
VO        : cms
subject   : /O=GRID-FR/C=FR/O=CNRS/OU=LLR/CN=Ivo Naranjo
issuer    : /DC=ch/DC=cern/OU=computers/CN=lcg-voms.cern.ch
attribute : /cms/Role=NULL/Capability=NULL
timeleft  : 176:41:04
uri       : lcg-voms.cern.ch:15002
>>> tar --no-same-permissions -xf /var/condor/execute/dir_12709/https_3a_2f_2fwms313.cern.ch_3a9000_2f3VvPFnsSSuSWsnOX7vvLZg/default.tgz :
Successful untar
>>> Include /var/condor/execute/dir_12709/https_3a_2f_2fwms313.cern.ch_3a9000_2f3VvPFnsSSuSWsnOX7vvLZg in PYTHONPATH:
strip arguments
env var CRAB_UNIQUE_JOB_ID set to: inaranjo_PFTauIdEff-V18-DYJetsToLL-madgraph-DR53X-Summer12-v2_ipq426_340_1_ccK
out_files_340
>>> list of expected files on output sandbox
output files: crab_fjr_340.xml CMSSW_340.stdout CMSSW_340.stderr Watchdog_340.log.gz
>>> GridFlavour discovery: 
source OSG GRID setup script
GridFlavour=OSG
>>> SyncSite discovery: 
not reporting SyncSite
>>> SyncCE discovery: 
getting SyncCE from OSG_JOB_CONTACT
SyncCE=cmsgrid02.hep.wisc.edu/jobmanager-condor
>>> info for dashboard:
***** Cat /var/condor/execute/dir_12709/https_3a_2f_2fwms313.cern.ch_3a9000_2f3VvPFnsSSuSWsnOX7vvLZg/jobreport.txt *****
MonitorJobID=340_https://wms313.cern.ch:9000/3VvPFnsSSuSWsnOX7vvLZg
SyncGridJobId=https://wms313.cern.ch:9000/3VvPFnsSSuSWsnOX7vvLZg
MonitorID=inaranjo_PFTauIdEff-V18-DYJetsToLL-madgraph-DR53X-Summer12-v2_ipq426
GridFlavour=OSG
SyncCE=cmsgrid02.hep.wisc.edu/jobmanager-condor
***** End Cat jobreport *****
Parameters sent to Dashboard.
>>> setup environment
set SCRAM ARCH to slc5_amd64_gcc462
SCRAM_ARCH = slc5_amd64_gcc462
>>> Created working directory: /var/condor/.execute-links/slot12/dir_12709/cms_ClYgFAM13507
Change to working directory: /var/condor/.execute-links/slot12/dir_12709/cms_ClYgFAM13507
>>> current directory (WORKING_DIR): /var/condor/.execute-links/slot12/dir_12709/cms_ClYgFAM13507
>>> setup CMS OSG environment:
set SCRAM ARCH to slc5_amd64_gcc462
SCRAM_ARCH = slc5_amd64_gcc462
OSG_APP is /cvmfs/cms.hep.wisc.edu/osg/app
sourcing /cvmfs/cms.hep.wisc.edu/osg/app/cmssoft/cms/cmsset_default.sh ...
==> setup cms environment ok
SCRAM_ARCH = slc5_amd64_gcc462
>>> specific cmssw setup environment:
CMSSW_VERSION =  CMSSW_5_3_11_patch3
>>> current directory (SOFTWARE_DIR): /var/condor/.execute-links/slot12/dir_12709/cms_ClYgFAM13507/CMSSW_5_3_11_patch3
PreserveSeeds: <>
IncrementSeeds:<>
{}
WNHostName=g16n13.hep.wisc.edu
>>> info for dashboard:
***** Cat /var/condor/execute/dir_12709/https_3a_2f_2fwms313.cern.ch_3a9000_2f3VvPFnsSSuSWsnOX7vvLZg/jobreport.txt *****
MonitorJobID=340_https://wms313.cern.ch:9000/3VvPFnsSSuSWsnOX7vvLZg
MonitorID=inaranjo_PFTauIdEff-V18-DYJetsToLL-madgraph-DR53X-Summer12-v2_ipq426
WNHostName=g16n13.hep.wisc.edu
***** End Cat jobreport *****
Parameters sent to Dashboard.
crabWatchdog started as process 13623
>>> moving CMSSW software directories in /var/condor/.execute-links/slot12/dir_12709/cms_ClYgFAM13507/CMSSW_5_3_11_patch3
mv: cannot stat `/var/condor/execute/dir_12709/https_3a_2f_2fwms313.cern.ch_3a9000_2f3VvPFnsSSuSWsnOX7vvLZg/module/': No such file or directory
>>> Include /var/condor/execute/dir_12709/https_3a_2f_2fwms313.cern.ch_3a9000_2f3VvPFnsSSuSWsnOX7vvLZg in PYTHONPATH:
PYTHONPATH=/var/condor/execute/dir_12709/https_3a_2f_2fwms313.cern.ch_3a9000_2f3VvPFnsSSuSWsnOX7vvLZg/:/var/condor/execute/dir_12709/cms_ClYgFAM13507/CMSSW_5_3_11_patch3/python:/var/condor/execute/dir_12709/cms_ClYgFAM13507/CMSSW_5_3_11_patch3/lib/slc5_amd64_gcc462:/cvmfs/cms.cern.ch/slc5_amd64_gcc462/cms/cmssw-patch/CMSSW_5_3_11_patch3/python:/cvmfs/cms.cern.ch/slc5_amd64_gcc462/cms/cmssw-patch/CMSSW_5_3_11_patch3/lib/slc5_amd64_gcc462:/cvmfs/cms.cern.ch/slc5_amd64_gcc462/cms/cmssw/CMSSW_5_3_11/bin/slc5_amd64_gcc462:/cvmfs/cms.cern.ch/slc5_amd64_gcc462/cms/cmssw/CMSSW_5_3_11/lib/slc5_amd64_gcc462:/cvmfs/cms.cern.ch/slc5_amd64_gcc462/cms/coral/CORAL_2_3_21-cms35/slc5_amd64_gcc462/python:/cvmfs/cms.cern.ch/slc5_amd64_gcc462/cms/coral/CORAL_2_3_21-cms35/slc5_amd64_gcc462/lib:/cvmfs/cms.cern.ch/slc5_amd64_gcc462/external/pyqt/4.8.1/lib/python2.6/site-packages:/cvmfs/cms.cern.ch/slc5_amd64_gcc462/external/py2-scipy/0.8.0/lib/python2.6/site-packages:/cvmfs/cms.cern.ch/slc5_amd64_gcc462/external/py2-matplotlib/1.0.1/lib/python2.6/site-packages:/cvmfs/cms.cern.ch/slc5_amd64_gcc462/external/python-ldap/2.3.5/lib/python2.6/site-packages:/cvmfs/cms.cern.ch/slc5_amd64_gcc462/external/sip/4.11.2/lib/python2.6/site-packages:/cvmfs/cms.cern.ch/slc5_amd64_gcc462/external/py2-pycurl/7.19.0/lib/python2.6/site-packages:/cvmfs/cms.cern.ch/slc5_amd64_gcc462/external/py2-numpy/1.6.1/lib/python2.6/site-packages:/cvmfs/cms.cern.ch/slc5_amd64_gcc462/external/py2-ipython/0.10/lib/python2.6/site-packages:/cvmfs/cms.cern.ch/slc5_amd64_gcc462/external/py2-cx-oracle/5.1-cms11/lib/python2.6/site-packages:/cvmfs/cms.cern.ch/slc5_amd64_gcc462/external/py2-cjson/1.0.5/lib/python2.6/site-packages:/cvmfs/cms.cern.ch/slc5_amd64_gcc462/cms/das-client/1.9.5/bin:/cvmfs/cms.cern.ch/slc5_amd64_gcc462/external/elementtree/1.2.6/share/lib/python2.6/site-packages:/cvmfs/cms.cern.ch/slc5_amd64_gcc462/external/rivet/1.8.2/lib/python2.6/site-packages:/cvmfs/cms.cern.ch/slc5_amd64_gcc462/external/pyminuit2/0.0.1-cms39/lib/python2.6/site-packages:/cvmfs/cms.cern.ch/slc5_amd64_gcc462/external/professor/1.0.0-cms40/lib/python2.6/site-packages:/cvmfs/cms.cern.ch/slc5_amd64_gcc462/lcg/root/5.32.00-cms21/lib:/cvmfs/cms.cern.ch/slc5_amd64_gcc462/cms/dbs-client/DBS_2_1_9-cms3/lib:/cvmfs/cms.cern.ch/slc5_amd64_gcc462/cms/dbs-client/DBS_2_1_9-cms3/lib/DBSAPI:/cvmfs/cms.cern.ch/slc5_amd64_gcc462/external/cvs2git/5419/lib:/var/condor/execute/dir_12709/https_3a_2f_2fwms313.cern.ch_3a9000_2f3VvPFnsSSuSWsnOX7vvLZg/
 
# LIMITS USED BY CRAB WATCHDOG:
# RSS  (KBytes)   : 2300000
# VSZ  (KBytes)   : 100000000
# DISK (MBytes)   : 19000
# CPU TIME        : 720h:0m:0s
# WALL CLOCK TIME : 21h:50m:0s
 
ad1530fd04abf2a74b3716344e50f888
PSETHASH = ad1530fd04abf2a74b3716344e50f888
/var/condor/execute/dir_12709/https_3a_2f_2fwms313.cern.ch_3a9000_2f3VvPFnsSSuSWsnOX7vvLZg/writeCfg.py pset.py pset.py
Importing .py file
Setting parameters
inputBlocks=/DYJetsToLL_M-50_TuneZ2Star_8TeV-madgraph-tarball/Summer12_DR53X-PU_S10_START53_V7A-v1/AODSIM#32e717f2-d352-11e1-80c6-003048f02c8a
inputFiles=/store/mc/Summer12_DR53X/DYJetsToLL_M-50_TuneZ2Star_8TeV-madgraph-tarball/AODSIM/PU_S10_START53_V7A-v1/0001/A0AB0F45-76D3-E111-9B81-001E67396A63.root;/store/mc/Summer12_DR53X/DYJetsToLL_M-50_TuneZ2Star_8TeV-madgraph-tarball/AODSIM/PU_S10_START53_V7A-v1/0001/66053447-76D3-E111-A64C-0025B31E3330.root;/store/mc/Summer12_DR53X/DYJetsToLL_M-50_TuneZ2Star_8TeV-madgraph-tarball/AODSIM/PU_S10_START53_V7A-v1/0001/2E0E4334-6DD3-E111-AC0D-002481E1511E.root;/store/mc/Summer12_DR53X/DYJetsToLL_M-50_TuneZ2Star_8TeV-madgraph-tarball/AODSIM/PU_S10_START53_V7A-v1/0001/045D15CE-6DD3-E111-A878-003048D47A6A.root;/store/mc/Summer12_DR53X/DYJetsToLL_M-50_TuneZ2Star_8TeV-madgraph-tarball/AODSIM/PU_S10_START53_V7A-v1/0001/D28A69D3-6DD3-E111-8325-001E67397D91.root
parentFiles=
lumisRange=
>>> Executable cmsRun
/cvmfs/cms.cern.ch/slc5_amd64_gcc462/cms/cmssw-patch/CMSSW_5_3_11_patch3/bin/slc5_amd64_gcc462/cmsRun
ok executable found
>>> info for dashboard:
***** Cat /var/condor/execute/dir_12709/https_3a_2f_2fwms313.cern.ch_3a9000_2f3VvPFnsSSuSWsnOX7vvLZg/jobreport.txt *****
MonitorJobID=340_https://wms313.cern.ch:9000/3VvPFnsSSuSWsnOX7vvLZg
MonitorID=inaranjo_PFTauIdEff-V18-DYJetsToLL-madgraph-DR53X-Summer12-v2_ipq426
ExeStart=cmsRun
***** End Cat jobreport *****
Parameters sent to Dashboard.
>>> cmsRun started at Thu Aug 15 00:58:58 UTC 2013
>>> cmsRun ended at Thu Aug 15 03:17:39 UTC 2013
>>> crab_fjr_*.xml  permission set to 0704
>>> info for dashboard:
***** Cat /var/condor/execute/dir_12709/https_3a_2f_2fwms313.cern.ch_3a9000_2f3VvPFnsSSuSWsnOX7vvLZg/jobreport.txt *****
MonitorJobID=340_https://wms313.cern.ch:9000/3VvPFnsSSuSWsnOX7vvLZg
MonitorID=inaranjo_PFTauIdEff-V18-DYJetsToLL-madgraph-DR53X-Summer12-v2_ipq426
ExeEnd=cmsRun
***** End Cat jobreport *****
Parameters sent to Dashboard.
TIME_EXE = 8321 sec
>>> cmsRun wrote 208 lines of stdout+stderr
>>> START OF printout of 208 lines from stdout+stderr
14-Aug-2013 19:59:15 CDT  Initiating request to open file root://cmsxrootd.hep.wisc.edu//store/mc/Summer12_DR53X/DYJetsToLL_M-50_TuneZ2Star_8TeV-madgraph-tarball/AODSIM/PU_S10_START53_V7A-v1/0001/A0AB0F45-76D3-E111-9B81-001E67396A63.root
130814 19:59:15 14092 Xrd: GoToAnotherServer: Going to: g19n18.hep.wisc.edu:31094
14-Aug-2013 19:59:46 CDT  Successfully opened file root://cmsxrootd.hep.wisc.edu//store/mc/Summer12_DR53X/DYJetsToLL_M-50_TuneZ2Star_8TeV-madgraph-tarball/AODSIM/PU_S10_START53_V7A-v1/0001/A0AB0F45-76D3-E111-9B81-001E67396A63.root
Begin processing the 1st record. Run 1, Event 39827695, LumiSection 99649 at 14-Aug-2013 20:08:05.405 CDT
Problem in dminphi
Problem in dminphi
Problem in dminphi
Problem in dminphi
Problem in dminphi
Problem in dminphi
Begin processing the 101st record. Run 1, Event 39827933, LumiSection 99649 at 14-Aug-2013 20:09:41.483 CDT
Begin processing the 201st record. Run 1, Event 39829762, LumiSection 99654 at 14-Aug-2013 20:11:05.765 CDT
Begin processing the 301st record. Run 1, Event 39829979, LumiSection 99654 at 14-Aug-2013 20:12:32.007 CDT
130814 20:13:16 14092 Xrd: XrdClientMessage::ReadRaw: Failed to read header (8 bytes).
Begin processing the 401st record. Run 1, Event 39908219, LumiSection 99850 at 14-Aug-2013 20:13:49.643 CDT
Problem in dminphi
Problem in dminphi
Begin processing the 501st record. Run 1, Event 39977676, LumiSection 100024 at 14-Aug-2013 20:14:58.589 CDT
Begin processing the 601st record. Run 1, Event 39977891, LumiSection 100024 at 14-Aug-2013 20:16:24.809 CDT
Problem in dminphi
Problem in dminphi
Problem in dminphi
Problem in dminphi
Begin processing the 701st record. Run 1, Event 43042516, LumiSection 107693 at 14-Aug-2013 20:17:44.035 CDT
Begin processing the 801st record. Run 1, Event 43042733, LumiSection 107693 at 14-Aug-2013 20:19:00.902 CDT
130814 20:19:46 14092 Xrd: XrdClientMessage::ReadRaw: Failed to read header (8 bytes).
Begin processing the 901st record. Run 1, Event 41641759, LumiSection 104188 at 14-Aug-2013 20:20:20.270 CDT
Begin processing the 1001st record. Run 1, Event 41641998, LumiSection 104188 at 14-Aug-2013 20:21:37.864 CDT
Problem in dminphi
Problem in dminphi
Problem in dminphi
Problem in dminphi
Begin processing the 1101st record. Run 1, Event 41752228, LumiSection 104464 at 14-Aug-2013 20:22:49.481 CDT
Problem in dminphi
Problem in dminphi
Begin processing the 1201st record. Run 1, Event 41886853, LumiSection 104801 at 14-Aug-2013 20:24:08.859 CDT
Begin processing the 1301st record. Run 1, Event 41887102, LumiSection 104801 at 14-Aug-2013 20:25:23.599 CDT
Problem in dminphi
Problem in dminphi
Begin processing the 1401st record. Run 1, Event 53741346, LumiSection 134461 at 14-Aug-2013 20:26:50.382 CDT
Begin processing the 1501st record. Run 1, Event 53741571, LumiSection 134461 at 14-Aug-2013 20:28:07.699 CDT
Problem in dminphi
Problem in dminphi
Begin processing the 1601st record. Run 1, Event 55025798, LumiSection 137675 at 14-Aug-2013 20:29:20.120 CDT
Problem in dminphi
Problem in dminphi
Begin processing the 1701st record. Run 1, Event 43044411, LumiSection 107698 at 14-Aug-2013 20:30:43.333 CDT
Begin processing the 1801st record. Run 1, Event 43044670, LumiSection 107698 at 14-Aug-2013 20:32:01.923 CDT
Problem in dminphi
Problem in dminphi
Problem in dminphi
Problem in dminphi
Begin processing the 1901st record. Run 1, Event 43213704, LumiSection 108121 at 14-Aug-2013 20:33:19.499 CDT
Begin processing the 2001st record. Run 1, Event 43213949, LumiSection 108121 at 14-Aug-2013 20:34:41.115 CDT
Begin processing the 2101st record. Run 1, Event 43337390, LumiSection 108430 at 14-Aug-2013 20:36:05.037 CDT
Problem in dminphi
Problem in dminphi
Problem in dminphi
Problem in dminphi
Begin processing the 2201st record. Run 1, Event 63397242, LumiSection 158620 at 14-Aug-2013 20:37:24.334 CDT
Begin processing the 2301st record. Run 1, Event 63397471, LumiSection 158620 at 14-Aug-2013 20:38:41.173 CDT
Begin processing the 2401st record. Run 1, Event 43219681, LumiSection 108136 at 14-Aug-2013 20:40:07.765 CDT
Problem in dminphi
Problem in dminphi
Problem in dminphi
Problem in dminphi
Begin processing the 2501st record. Run 1, Event 43219915, LumiSection 108136 at 14-Aug-2013 20:41:29.881 CDT
Begin processing the 2601st record. Run 1, Event 43469730, LumiSection 108761 at 14-Aug-2013 20:42:57.799 CDT
Begin processing the 2701st record. Run 1, Event 43469972, LumiSection 108761 at 14-Aug-2013 20:44:18.468 CDT
Begin processing the 2801st record. Run 1, Event 43498225, LumiSection 108832 at 14-Aug-2013 20:45:40.894 CDT
Begin processing the 2901st record. Run 1, Event 46134060, LumiSection 115428 at 14-Aug-2013 20:46:53.854 CDT
Problem in dminphi
Problem in dminphi
Problem in dminphi
Problem in dminphi
Begin processing the 3001st record. Run 1, Event 46134297, LumiSection 115428 at 14-Aug-2013 20:48:14.081 CDT
Begin processing the 3101st record. Run 1, Event 46136529, LumiSection 115434 at 14-Aug-2013 20:49:32.237 CDT
Begin processing the 3201st record. Run 1, Event 46136759, LumiSection 115434 at 14-Aug-2013 20:51:02.408 CDT
Problem in dminphi
Problem in dminphi
Begin processing the 3301st record. Run 1, Event 51981035, LumiSection 130056 at 14-Aug-2013 20:52:22.101 CDT
Begin processing the 3401st record. Run 1, Event 51987686, LumiSection 130073 at 14-Aug-2013 20:53:45.008 CDT
Problem in dminphi
Problem in dminphi
Problem in dminphi
Problem in dminphi
Begin processing the 3501st record. Run 1, Event 51987902, LumiSection 130073 at 14-Aug-2013 20:54:59.962 CDT
Problem in dminphi
Problem in dminphi
Problem in dminphi
Problem in dminphi
Problem in dminphi
Problem in dminphi
Begin processing the 3601st record. Run 1, Event 51989328, LumiSection 130077 at 14-Aug-2013 20:56:22.780 CDT
Begin processing the 3701st record. Run 1, Event 51989579, LumiSection 130077 at 14-Aug-2013 20:57:51.555 CDT
Problem in dminphi
Problem in dminphi
Begin processing the 3801st record. Run 1, Event 51991003, LumiSection 130081 at 14-Aug-2013 20:59:09.459 CDT
Problem in dminphi
Problem in dminphi
Begin processing the 3901st record. Run 1, Event 52240075, LumiSection 130705 at 14-Aug-2013 21:00:24.176 CDT
Problem in dminphi
Problem in dminphi
Begin processing the 4001st record. Run 1, Event 52240328, LumiSection 130705 at 14-Aug-2013 21:01:47.730 CDT
Problem in dminphi
Problem in dminphi
Begin processing the 4101st record. Run 1, Event 53282563, LumiSection 133313 at 14-Aug-2013 21:03:08.234 CDT
Begin processing the 4201st record. Run 1, Event 53282793, LumiSection 133313 at 14-Aug-2013 21:04:22.268 CDT
Problem in dminphi
Problem in dminphi
Begin processing the 4301st record. Run 1, Event 53283027, LumiSection 133314 at 14-Aug-2013 21:05:38.702 CDT
Begin processing the 4401st record. Run 1, Event 56256046, LumiSection 140753 at 14-Aug-2013 21:06:53.389 CDT
Problem in dminphi
Problem in dminphi
Problem in dminphi
Problem in dminphi
Problem in dminphi
Problem in dminphi
Begin processing the 4501st record. Run 1, Event 56256285, LumiSection 140753 at 14-Aug-2013 21:08:22.522 CDT
Problem in dminphi
Problem in dminphi
Problem in dminphi
Problem in dminphi
Begin processing the 4601st record. Run 1, Event 56256506, LumiSection 140754 at 14-Aug-2013 21:09:31.309 CDT
Problem in dminphi
Problem in dminphi
Begin processing the 4701st record. Run 1, Event 56256742, LumiSection 140754 at 14-Aug-2013 21:10:46.938 CDT
Problem in dminphi
Problem in dminphi
Begin processing the 4801st record. Run 1, Event 56257418, LumiSection 140756 at 14-Aug-2013 21:12:02.577 CDT
Problem in dminphi
Problem in dminphi
Begin processing the 4901st record. Run 1, Event 55121242, LumiSection 137914 at 14-Aug-2013 21:13:21.040 CDT
Problem in dminphi
Problem in dminphi
Begin processing the 5001st record. Run 1, Event 55121479, LumiSection 137914 at 14-Aug-2013 21:14:42.401 CDT
Begin processing the 5101st record. Run 1, Event 55244904, LumiSection 138223 at 14-Aug-2013 21:15:54.772 CDT
Begin processing the 5201st record. Run 1, Event 55245113, LumiSection 138223 at 14-Aug-2013 21:17:22.097 CDT
Problem in dminphi
Problem in dminphi
Begin processing the 5301st record. Run 1, Event 55245775, LumiSection 138225 at 14-Aug-2013 21:18:41.751 CDT
Problem in dminphi
Problem in dminphi
Problem in dminphi
Problem in dminphi
Begin processing the 5401st record. Run 1, Event 55245997, LumiSection 138225 at 14-Aug-2013 21:20:00.145 CDT
Problem in dminphi
Problem in dminphi
Begin processing the 5501st record. Run 1, Event 55247031, LumiSection 138228 at 14-Aug-2013 21:21:25.883 CDT
Begin processing the 5601st record. Run 1, Event 55250066, LumiSection 138236 at 14-Aug-2013 21:22:42.503 CDT
Begin processing the 5701st record. Run 1, Event 55250289, LumiSection 138236 at 14-Aug-2013 21:24:02.122 CDT
Problem in dminphi
Problem in dminphi
Problem in dminphi
Problem in dminphi
Problem in dminphi
Problem in dminphi
Begin processing the 5801st record. Run 1, Event 56728121, LumiSection 141934 at 14-Aug-2013 21:25:25.692 CDT
Begin processing the 5901st record. Run 1, Event 56728355, LumiSection 141934 at 14-Aug-2013 21:26:41.980 CDT
Begin processing the 6001st record. Run 1, Event 56728976, LumiSection 141936 at 14-Aug-2013 21:28:02.306 CDT
Problem in dminphi
Problem in dminphi
Begin processing the 6101st record. Run 1, Event 65256002, LumiSection 163271 at 14-Aug-2013 21:29:22.955 CDT
Begin processing the 6201st record. Run 1, Event 65256213, LumiSection 163271 at 14-Aug-2013 21:30:44.271 CDT
Begin processing the 6301st record. Run 1, Event 67481254, LumiSection 168838 at 14-Aug-2013 21:31:55.240 CDT
Problem in dminphi
Problem in dminphi
Begin processing the 6401st record. Run 1, Event 67481502, LumiSection 168838 at 14-Aug-2013 21:33:12.257 CDT
Problem in dminphi
Problem in dminphi
Begin processing the 6501st record. Run 1, Event 67483780, LumiSection 168844 at 14-Aug-2013 21:34:37.638 CDT
14-Aug-2013 21:35:53 CDT  Closed file root://cmsxrootd.hep.wisc.edu//store/mc/Summer12_DR53X/DYJetsToLL_M-50_TuneZ2Star_8TeV-madgraph-tarball/AODSIM/PU_S10_START53_V7A-v1/0001/A0AB0F45-76D3-E111-9B81-001E67396A63.root
14-Aug-2013 21:35:53 CDT  Initiating request to open file root://cmsxrootd.hep.wisc.edu//store/mc/Summer12_DR53X/DYJetsToLL_M-50_TuneZ2Star_8TeV-madgraph-tarball/AODSIM/PU_S10_START53_V7A-v1/0001/66053447-76D3-E111-A64C-0025B31E3330.root
130814 21:35:53 001 Xrd: CheckErrorStatus: Server [cmsxrootd.hep.wisc.edu] declared: session not found(error code: 3011)
130814 21:35:53 14092 Xrd: GoToAnotherServer: Going to: g14n29.hep.wisc.edu:31094
130814 21:56:16 14092 Xrd: XrdClientMessage::ReadRaw: Failed to read header (8 bytes).
14-Aug-2013 22:13:49 CDT  Successfully opened file root://cmsxrootd.hep.wisc.edu//store/mc/Summer12_DR53X/DYJetsToLL_M-50_TuneZ2Star_8TeV-madgraph-tarball/AODSIM/PU_S10_START53_V7A-v1/0001/66053447-76D3-E111-A64C-0025B31E3330.root
130814 22:17:36 001 Xrd: CheckErrorStatus: Server [cmshdfs02.hep.wisc.edu:1094] declared: Unable to read /store/mc/Summer12_DR53X/DYJetsToLL_M-50_TuneZ2Star_8TeV-madgraph-tarball/AODSIM/PU_S10_START53_V7A-v1/0001/66053447-76D3-E111-A64C-0025B31E3330.root; operation not permitted(error code: 3010)
14-Aug-2013 22:17:37 CDT  Closed file root://cmsxrootd.hep.wisc.edu//store/mc/Summer12_DR53X/DYJetsToLL_M-50_TuneZ2Star_8TeV-madgraph-tarball/AODSIM/PU_S10_START53_V7A-v1/0001/66053447-76D3-E111-A64C-0025B31E3330.root
----- Begin Fatal Exception 14-Aug-2013 22:17:37 CDT-----------------------
An exception of category 'FileReadError' occurred while
   [0] Calling InputSource::readFile_
   [1] Reading branch EventAuxiliary
Exception Message:
Unable to cache 134217728 byte file segment at 134217728: got only 0 bytes back
----- End Fatal Exception -------------------------------------------------

=============================================

MessageLogger Summary

 type     category        sev    module        subroutine        count    total
 ---- -------------------- -- ---------------- ----------------  -----    -----
    1 Fatal Exception      -s AfterFile                              1        1
    2 fileAction           -s AfterFile                              1        1
    3 fileAction           -s file_close                             1        1
    4 fileAction           -s file_open                              4        4

 type    category    Examples: run/evt        run/evt          run/evt
 ---- -------------------- ---------------- ---------------- ----------------
    1 Fatal Exception      PostProcessEvent                  
    2 fileAction           PostProcessEvent                  
    3 fileAction           PostProcessEvent                  
    4 fileAction           pre-events       pre-events       PostProcessEvent

Severity    # Occurrences   Total Occurrences
--------    -------------   -----------------
System                  7                   7
>>> END OF printout of 208 lines from stdout+stderr
>>> ERROR: Fatal Exception from CMSSW:
----- Begin Fatal Exception 14-Aug-2013 22:17:37 CDT-----------------------
An exception of category 'FileReadError' occurred while
   [0] Calling InputSource::readFile_
   [1] Reading branch EventAuxiliary
Exception Message:
Unable to cache 134217728 byte file segment at 134217728: got only 0 bytes back
----- End Fatal Exception -------------------------------------------------
>>> Parse FrameworkJobReport crab_fjr.xml
Result of parsing the FrameworkJobReport crab_fjr.xml: Popularity start
lumisRange : 1::99649,99654,99850,100024,104188,104464,104801,107693,107698,108121,108136,108430,108761,108832,115428,115434,130056,130073,130077,130081,130705,133313-133314,134461,137675,137914,138223,138225,138228,138236,140753-140754,140756,141934,141936,158620,163271,168838,168844::1;
lumisParentRange : 
Basename : /store/mc/Summer12_DR53X/DYJetsToLL_M-50_TuneZ2Star_8TeV-madgraph-tarball/AODSIM/PU_S10_START53_V7A-v1/0001/
BasenameParent : 
parentFiles : 
inputBlocks : /DYJetsToLL_M-50_TuneZ2Star_8TeV-madgraph-tarball/Summer12_DR53X-PU_S10_START53_V7A-v1/AODSIM#32e717f2-d352-11e1-80c6-003048f02c8a
inputFiles : A0AB0F45-76D3-E111-9B81-001E67396A63.root::1::EDM::Remote::1;66053447-76D3-E111-A64C-0025B31E3330.root::2::Unknown::Unknown::Unknown;2E0E4334-6DD3-E111-AC0D-002481E1511E.root::2::Unknown::Unknown::Unknown;045D15CE-6DD3-E111-A878-003048D47A6A.root::2::Unknown::Unknown::Unknown;D28A69D3-6DD3-E111-8325-001E67397D91.root::2::Unknown::Unknown::Unknown;
Popularity stop
Extracted ExitStatus from FrameworkJobReport parsing output: 8021
>>> Executable failed  8021
ExeExitCode=8021
EXECUTABLE_EXIT_STATUS = 8021
Checking output files:  
will tar file crab_fjr_340.xml in  out_files_340
will tar file CMSSW_340.stdout in  out_files_340
will tar file CMSSW_340.stderr in  out_files_340
WARNING: output file Watchdog_340.log.gz not found!
>>> working dir = /var/condor/.execute-links/slot12/dir_12709/cms_ClYgFAM13507
>>> current directory (RUNTIME_AREA): /var/condor/execute/dir_12709/https_3a_2f_2fwms313.cern.ch_3a9000_2f3VvPFnsSSuSWsnOX7vvLZg
>>> Remove working directory: /var/condor/.execute-links/slot12/dir_12709/cms_ClYgFAM13507
>>> padding time: Wrapper lasting more than 600 seconds. No sleep required.
STOPPING WATCHDOG. CrabWatchdog PID is 13623
********** LAST 50 LINES OF WATCHDOG LOG
# THERE IS NO PRINTOUT FOR CPU/WALL TIME INCREASE
 
# TIME			PID	RSS(KB)	VSZ(KB)	Dsk(MB)	tCPU(s)	tWALL(s)	COMMAND
 Aug 14 19:58:50 CDT	13404	924	9168	0	0	0	/bin/sh /var/condor/.execute-links/slot12/dir_12709/_osg_wrapper/_osg_wrapper_exec 'UI=000000:NS=0000000004:WM=000006:BH=0000000000:JSS=000003:LM=000000:LRMS=000000:APP=000000:LBS=000000'        
 Aug 14 19:58:50 CDT	13409	1488	9168	0	0	0	/bin/sh ./CMSSW.sh 340 1       
 Aug 14 19:58:50 CDT	13636	1488	34868	0	0	0	edmConfigHash pset.py         
 Aug 14 19:58:50 CDT	---	1488	34868	52	----	----	----
 Aug 14 19:59:50 CDT	14092	467980	699484	52	9	61	cmsRun -j /var/condor/execute/dir_12709/https_3a_2f_2fwms313.cern.ch_3a9000_2f3VvPFnsSSuSWsnOX7vvLZg/crab_fjr_340.xml -p pset.py      
 Aug 14 19:59:50 CDT	---	467980	699484	53	----	----	----
 Aug 14 20:00:51 CDT	14092	525332	699484	53	13	121	cmsRun -j /var/condor/execute/dir_12709/https_3a_2f_2fwms313.cern.ch_3a9000_2f3VvPFnsSSuSWsnOX7vvLZg/crab_fjr_340.xml -p pset.py      
 Aug 14 20:01:51 CDT	14092	537620	699484	53	17	181	cmsRun -j /var/condor/execute/dir_12709/https_3a_2f_2fwms313.cern.ch_3a9000_2f3VvPFnsSSuSWsnOX7vvLZg/crab_fjr_340.xml -p pset.py      
 Aug 14 20:03:53 CDT	14092	537620	701788	53	22	305	cmsRun -j /var/condor/execute/dir_12709/https_3a_2f_2fwms313.cern.ch_3a9000_2f3VvPFnsSSuSWsnOX7vvLZg/crab_fjr_340.xml -p pset.py      
 Aug 14 20:08:59 CDT	14092	612988	824980	53	76	610	cmsRun -j /var/condor/execute/dir_12709/https_3a_2f_2fwms313.cern.ch_3a9000_2f3VvPFnsSSuSWsnOX7vvLZg/crab_fjr_340.xml -p pset.py      
 Aug 14 20:10:00 CDT	14092	614500	827028	53	137	671	cmsRun -j /var/condor/execute/dir_12709/https_3a_2f_2fwms313.cern.ch_3a9000_2f3VvPFnsSSuSWsnOX7vvLZg/crab_fjr_340.xml -p pset.py      
 Aug 14 20:17:09 CDT	14092	615016	827284	53	565	1100	cmsRun -j /var/condor/execute/dir_12709/https_3a_2f_2fwms313.cern.ch_3a9000_2f3VvPFnsSSuSWsnOX7vvLZg/crab_fjr_340.xml -p pset.py      
 Aug 14 20:19:11 CDT	14092	615388	827540	53	687	1222	cmsRun -j /var/condor/execute/dir_12709/https_3a_2f_2fwms313.cern.ch_3a9000_2f3VvPFnsSSuSWsnOX7vvLZg/crab_fjr_340.xml -p pset.py      
 Aug 14 20:20:13 CDT	14092	615940	828308	53	748	1284	cmsRun -j /var/condor/execute/dir_12709/https_3a_2f_2fwms313.cern.ch_3a9000_2f3VvPFnsSSuSWsnOX7vvLZg/crab_fjr_340.xml -p pset.py      
 Aug 14 20:21:14 CDT	14092	615940	828564	53	809	1345	cmsRun -j /var/condor/execute/dir_12709/https_3a_2f_2fwms313.cern.ch_3a9000_2f3VvPFnsSSuSWsnOX7vvLZg/crab_fjr_340.xml -p pset.py      
 Aug 14 20:26:20 CDT	14092	616024	828564	53	1113	1651	cmsRun -j /var/condor/execute/dir_12709/https_3a_2f_2fwms313.cern.ch_3a9000_2f3VvPFnsSSuSWsnOX7vvLZg/crab_fjr_340.xml -p pset.py      
 Aug 14 20:27:21 CDT	14092	617004	829076	53	1175	1712	cmsRun -j /var/condor/execute/dir_12709/https_3a_2f_2fwms313.cern.ch_3a9000_2f3VvPFnsSSuSWsnOX7vvLZg/crab_fjr_340.xml -p pset.py      
 Aug 14 20:29:24 CDT	14092	617096	829076	53	1298	1835	cmsRun -j /var/condor/execute/dir_12709/https_3a_2f_2fwms313.cern.ch_3a9000_2f3VvPFnsSSuSWsnOX7vvLZg/crab_fjr_340.xml -p pset.py      
 Aug 14 20:31:27 CDT	14092	617576	829588	53	1420	1958	cmsRun -j /var/condor/execute/dir_12709/https_3a_2f_2fwms313.cern.ch_3a9000_2f3VvPFnsSSuSWsnOX7vvLZg/crab_fjr_340.xml -p pset.py      
 Aug 14 20:37:35 CDT	14092	620856	832916	53	1786	2326	cmsRun -j /var/condor/execute/dir_12709/https_3a_2f_2fwms313.cern.ch_3a9000_2f3VvPFnsSSuSWsnOX7vvLZg/crab_fjr_340.xml -p pset.py      
 Aug 14 20:57:01 CDT	14092	621916	832916	53	2944	3492	cmsRun -j /var/condor/execute/dir_12709/https_3a_2f_2fwms313.cern.ch_3a9000_2f3VvPFnsSSuSWsnOX7vvLZg/crab_fjr_340.xml -p pset.py      
 Aug 14 21:03:08 CDT	14092	622148	832916	53	3305	3859	cmsRun -j /var/condor/execute/dir_12709/https_3a_2f_2fwms313.cern.ch_3a9000_2f3VvPFnsSSuSWsnOX7vvLZg/crab_fjr_340.xml -p pset.py      
 Aug 14 21:04:10 CDT	14092	622308	833172	53	3366	3920	cmsRun -j /var/condor/execute/dir_12709/https_3a_2f_2fwms313.cern.ch_3a9000_2f3VvPFnsSSuSWsnOX7vvLZg/crab_fjr_340.xml -p pset.py      
 Aug 14 21:09:16 CDT	14092	622836	833172	53	3671	4227	cmsRun -j /var/condor/execute/dir_12709/https_3a_2f_2fwms313.cern.ch_3a9000_2f3VvPFnsSSuSWsnOX7vvLZg/crab_fjr_340.xml -p pset.py      
 Aug 14 21:14:23 CDT	14092	623104	833940	53	3972	4534	cmsRun -j /var/condor/execute/dir_12709/https_3a_2f_2fwms313.cern.ch_3a9000_2f3VvPFnsSSuSWsnOX7vvLZg/crab_fjr_340.xml -p pset.py      
 Aug 14 21:16:25 CDT	---	623104	833940	54	----	----	----
 Aug 14 21:31:48 CDT	14092	625704	836500	54	4996	5579	cmsRun -j /var/condor/execute/dir_12709/https_3a_2f_2fwms313.cern.ch_3a9000_2f3VvPFnsSSuSWsnOX7vvLZg/crab_fjr_340.xml -p pset.py      
 Aug 14 21:36:53 CDT	14092	625704	887188	54	5236	5883	cmsRun -j /var/condor/execute/dir_12709/https_3a_2f_2fwms313.cern.ch_3a9000_2f3VvPFnsSSuSWsnOX7vvLZg/crab_fjr_340.xml -p pset.py      
 Aug 14 21:37:53 CDT	14092	625704	894100	54	5236	5943	cmsRun -j /var/condor/execute/dir_12709/https_3a_2f_2fwms313.cern.ch_3a9000_2f3VvPFnsSSuSWsnOX7vvLZg/crab_fjr_340.xml -p pset.py      
 Aug 14 21:38:53 CDT	14092	625704	898708	54	5236	6004	cmsRun -j /var/condor/execute/dir_12709/https_3a_2f_2fwms313.cern.ch_3a9000_2f3VvPFnsSSuSWsnOX7vvLZg/crab_fjr_340.xml -p pset.py      
# TIME			PID	RSS(KB)	VSZ(KB)	Dsk(MB)	tCPU(s)	tWALL(s)	COMMAND
 Aug 14 21:39:54 CDT	14092	625704	907924	54	5236	6064	cmsRun -j /var/condor/execute/dir_12709/https_3a_2f_2fwms313.cern.ch_3a9000_2f3VvPFnsSSuSWsnOX7vvLZg/crab_fjr_340.xml -p pset.py      
 Aug 14 21:44:55 CDT	14092	628348	907924	54	5236	6365	cmsRun -j /var/condor/execute/dir_12709/https_3a_2f_2fwms313.cern.ch_3a9000_2f3VvPFnsSSuSWsnOX7vvLZg/crab_fjr_340.xml -p pset.py      
 Aug 14 21:45:55 CDT	14092	634492	907924	54	5236	6425	cmsRun -j /var/condor/execute/dir_12709/https_3a_2f_2fwms313.cern.ch_3a9000_2f3VvPFnsSSuSWsnOX7vvLZg/crab_fjr_340.xml -p pset.py      
 Aug 14 21:46:56 CDT	14092	640636	907924	54	5236	6487	cmsRun -j /var/condor/execute/dir_12709/https_3a_2f_2fwms313.cern.ch_3a9000_2f3VvPFnsSSuSWsnOX7vvLZg/crab_fjr_340.xml -p pset.py      
 Aug 14 21:48:00 CDT	14092	648828	907924	54	5236	6550	cmsRun -j /var/condor/execute/dir_12709/https_3a_2f_2fwms313.cern.ch_3a9000_2f3VvPFnsSSuSWsnOX7vvLZg/crab_fjr_340.xml -p pset.py      
 Aug 14 21:49:00 CDT	14092	654972	907924	54	5236	6610	cmsRun -j /var/condor/execute/dir_12709/https_3a_2f_2fwms313.cern.ch_3a9000_2f3VvPFnsSSuSWsnOX7vvLZg/crab_fjr_340.xml -p pset.py      
 Aug 14 21:50:00 CDT	14092	661116	907924	54	5236	6671	cmsRun -j /var/condor/execute/dir_12709/https_3a_2f_2fwms313.cern.ch_3a9000_2f3VvPFnsSSuSWsnOX7vvLZg/crab_fjr_340.xml -p pset.py      
 Aug 14 21:51:01 CDT	14092	667260	907924	54	5236	6731	cmsRun -j /var/condor/execute/dir_12709/https_3a_2f_2fwms313.cern.ch_3a9000_2f3VvPFnsSSuSWsnOX7vvLZg/crab_fjr_340.xml -p pset.py      
 Aug 14 21:52:01 CDT	14092	673408	907924	54	5236	6791	cmsRun -j /var/condor/execute/dir_12709/https_3a_2f_2fwms313.cern.ch_3a9000_2f3VvPFnsSSuSWsnOX7vvLZg/crab_fjr_340.xml -p pset.py      
 Aug 14 21:53:01 CDT	14092	679552	907924	54	5236	6851	cmsRun -j /var/condor/execute/dir_12709/https_3a_2f_2fwms313.cern.ch_3a9000_2f3VvPFnsSSuSWsnOX7vvLZg/crab_fjr_340.xml -p pset.py      
 Aug 14 21:54:01 CDT	14092	685696	907924	54	5236	6911	cmsRun -j /var/condor/execute/dir_12709/https_3a_2f_2fwms313.cern.ch_3a9000_2f3VvPFnsSSuSWsnOX7vvLZg/crab_fjr_340.xml -p pset.py      
 Aug 14 21:55:01 CDT	14092	693888	907924	54	5236	6972	cmsRun -j /var/condor/execute/dir_12709/https_3a_2f_2fwms313.cern.ch_3a9000_2f3VvPFnsSSuSWsnOX7vvLZg/crab_fjr_340.xml -p pset.py      
 Aug 14 21:56:02 CDT	14092	700032	907924	54	5236	7032	cmsRun -j /var/condor/execute/dir_12709/https_3a_2f_2fwms313.cern.ch_3a9000_2f3VvPFnsSSuSWsnOX7vvLZg/crab_fjr_340.xml -p pset.py      
 Aug 14 21:57:02 CDT	14092	704140	907924	54	5236	7092	cmsRun -j /var/condor/execute/dir_12709/https_3a_2f_2fwms313.cern.ch_3a9000_2f3VvPFnsSSuSWsnOX7vvLZg/crab_fjr_340.xml -p pset.py      
 Aug 14 22:14:07 CDT	14092	704140	915860	54	5238	8117	cmsRun -j /var/condor/execute/dir_12709/https_3a_2f_2fwms313.cern.ch_3a9000_2f3VvPFnsSSuSWsnOX7vvLZg/crab_fjr_340.xml -p pset.py      
 Aug 14 22:17:08 CDT	14092	704140	916372	54	5238	8298	cmsRun -j /var/condor/execute/dir_12709/https_3a_2f_2fwms313.cern.ch_3a9000_2f3VvPFnsSSuSWsnOX7vvLZg/crab_fjr_340.xml -p pset.py      
********** WATCHDOG LOG ENDED
ZIPPING WATCHDOG LOG
Disk space used:
du -sh /var/condor/execute/dir_12709/https_3a_2f_2fwms313.cern.ch_3a9000_2f3VvPFnsSSuSWsnOX7vvLZg
16M	/var/condor/execute/dir_12709/https_3a_2f_2fwms313.cern.ch_3a9000_2f3VvPFnsSSuSWsnOX7vvLZg
Found unusual stderr, rename for OSB
`/var/condor/execute/dir_12709/https_3a_2f_2fwms313.cern.ch_3a9000_2f3VvPFnsSSuSWsnOX7vvLZg/CMSSW_340.stdout' -> `CMSSW_340.stderr'
crab_fjr_340.xml
CMSSW_340.stdout
CMSSW_340.stderr
Watchdog_340.log.gz
Total Output dimension: 20292
WARNING: output files size limit is set to: 55000000
Total Output dimension 20292 is fine.
JOB_EXIT_STATUS = 8021
>>> info for dashboard:
***** Cat /var/condor/execute/dir_12709/https_3a_2f_2fwms313.cern.ch_3a9000_2f3VvPFnsSSuSWsnOX7vvLZg/jobreport.txt *****
MonitorJobID=340_https://wms313.cern.ch:9000/3VvPFnsSSuSWsnOX7vvLZg
MonitorID=inaranjo_PFTauIdEff-V18-DYJetsToLL-madgraph-DR53X-Summer12-v2_ipq426
ExeTime=8321
ExeExitCode=8021
CrabUserCpuTime=5198.26
CrabSysCpuTime=40.81
CrabCpuPercentage=62%
CrabWrapperTime=8364
CrabStageoutTime=NULL
JobExitCode=8021
***** End Cat jobreport *****
Parameters sent to Dashboard.
crab_fjr_340.xml
