This script was generated by crab (version 2.8.8).
Running ./CMSSW.sh with 2 positional parameters: 557 1
Today is Wed Aug 14 23:37:18 PDT 2013
Job submitted on host cabinet-6-6-0.t2.ucsd.edu
Linux cabinet-6-6-0.t2.ucsd.edu 2.6.32-279.22.1.el6.x86_64 #1 SMP Wed Feb 6 03:10:46 UTC 2013 x86_64 x86_64 x86_64 GNU/Linux
>>> current directory (RUNTIME_AREA): /data2/condor_local/execute/dir_22792/https_3a_2f_2fwms317.cern.ch_3a9000_2fV10Y9q7qkob41VRl9JcAbw
>>> current user: uid=36074(cuser28) gid=36074(cuser28) groups=36074(cuser28)
>>> directory permission set to 0700
>>> umask set to:  u=rwx,g=,o=
>>> stdout stderr permission set to 0704
>>> voms proxy information:
subject   : /O=GRID-FR/C=FR/O=CNRS/OU=LLR/CN=Ivo Naranjo/CN=proxy/CN=proxy/CN=limited proxy/CN=limited proxy
issuer    : /O=GRID-FR/C=FR/O=CNRS/OU=LLR/CN=Ivo Naranjo/CN=proxy/CN=proxy/CN=limited proxy
identity  : /O=GRID-FR/C=FR/O=CNRS/OU=LLR/CN=Ivo Naranjo/CN=proxy/CN=proxy/CN=limited proxy
type      : limited proxy
strength  : 512 bits
path      : /data2/condor_local/execute/dir_22792/x509_user_proxy
timeleft  : 23:58:34
key usage : 
=== VO cms extension information ===
VO        : cms
subject   : /O=GRID-FR/C=FR/O=CNRS/OU=LLR/CN=Ivo Naranjo
issuer    : /DC=ch/DC=cern/OU=computers/CN=lcg-voms.cern.ch
attribute : /cms/Role=NULL/Capability=NULL
timeleft  : 170:55:11
uri       : lcg-voms.cern.ch:15002
>>> tar --no-same-permissions -xf /data2/condor_local/execute/dir_22792/https_3a_2f_2fwms317.cern.ch_3a9000_2fV10Y9q7qkob41VRl9JcAbw/default.tgz :
Successful untar
>>> Include /data2/condor_local/execute/dir_22792/https_3a_2f_2fwms317.cern.ch_3a9000_2fV10Y9q7qkob41VRl9JcAbw in PYTHONPATH:
strip arguments
env var CRAB_UNIQUE_JOB_ID set to: inaranjo_PFTauIdEff-V18-DYJetsToLL-madgraph-DR53X-Summer12-v2_ipq426_557_1_XrO
out_files_557
>>> list of expected files on output sandbox
output files: crab_fjr_557.xml CMSSW_557.stdout CMSSW_557.stderr Watchdog_557.log.gz
>>> GridFlavour discovery: 
source OSG GRID setup script
GridFlavour=OSG
>>> SyncSite discovery: 
not reporting SyncSite
>>> SyncCE discovery: 
getting SyncCE from OSG_JOB_CONTACT
SyncCE=osg-gw-6.t2.ucsd.edu/jobmanager-condor
>>> info for dashboard:
***** Cat /data2/condor_local/execute/dir_22792/https_3a_2f_2fwms317.cern.ch_3a9000_2fV10Y9q7qkob41VRl9JcAbw/jobreport.txt *****
MonitorJobID=557_https://wms317.cern.ch:9000/V10Y9q7qkob41VRl9JcAbw
SyncGridJobId=https://wms317.cern.ch:9000/V10Y9q7qkob41VRl9JcAbw
MonitorID=inaranjo_PFTauIdEff-V18-DYJetsToLL-madgraph-DR53X-Summer12-v2_ipq426
GridFlavour=OSG
SyncCE=osg-gw-6.t2.ucsd.edu/jobmanager-condor
***** End Cat jobreport *****
Parameters sent to Dashboard.
>>> setup environment
set SCRAM ARCH to slc5_amd64_gcc462
SCRAM_ARCH = slc5_amd64_gcc462
/bin/mktemp: failed to create directory via template `$_CONDOR_SCRATCH_DIR/cms_XXXXXXXXXXXX': No such file or directory
ERROR ==> OSG  could not be created on WN cabinet-6-6-0.t2.ucsd.edu
Checking output files:  
will tar file crab_fjr_557.xml in  out_files_557
will tar file CMSSW_557.stdout in  out_files_557
will tar file CMSSW_557.stderr in  out_files_557
WARNING: output file Watchdog_557.log.gz not found!
>>> padding time: Sleeping the wrapper for 599 seconds
STOPPING WATCHDOG. CrabWatchdog PID is 
kill: usage: kill [-s sigspec | -n signum | -sigspec] pid | jobspec ... or kill -l [sigspec]
********** LAST 50 LINES OF WATCHDOG LOG
tail: cannot open `Watchdog_557.log' for reading: No such file or directory
********** WATCHDOG LOG ENDED
ZIPPING WATCHDOG LOG
gzip: Watchdog_557.log: No such file or directory
Disk space used:
du -sh /data2/condor_local/execute/dir_22792/https_3a_2f_2fwms317.cern.ch_3a9000_2fV10Y9q7qkob41VRl9JcAbw
59M	/data2/condor_local/execute/dir_22792/https_3a_2f_2fwms317.cern.ch_3a9000_2fV10Y9q7qkob41VRl9JcAbw
Found unusual stderr, rename for OSB
`/data2/condor_local/execute/dir_22792/https_3a_2f_2fwms317.cern.ch_3a9000_2fV10Y9q7qkob41VRl9JcAbw/CMSSW_557.stdout' -> `CMSSW_557.stderr'
crab_fjr_557.xml
CMSSW_557.stdout
tar: CMSSW_557.stdout: file changed as we read it
CMSSW_557.stderr
tar: Watchdog_557.log.gz: Cannot stat: No such file or directory
tar: Exiting with failure status due to previous errors
Total Output dimension: 2053
WARNING: output files size limit is set to: 55000000
Total Output dimension 2053 is fine.
JOB_EXIT_STATUS = 10016
>>> info for dashboard:
***** Cat /data2/condor_local/execute/dir_22792/https_3a_2f_2fwms317.cern.ch_3a9000_2fV10Y9q7qkob41VRl9JcAbw/jobreport.txt *****
MonitorJobID=557_https://wms317.cern.ch:9000/V10Y9q7qkob41VRl9JcAbw
MonitorID=inaranjo_PFTauIdEff-V18-DYJetsToLL-madgraph-DR53X-Summer12-v2_ipq426
CrabUserCpuTime=
CrabSysCpuTime=
CrabCpuPercentage=
CrabWrapperTime=600
CrabStageoutTime=NULL
JobExitCode=10016
***** End Cat jobreport *****
Parameters sent to Dashboard.
crab_fjr_557.xml
