This script was generated by crab (version 2.8.8).
Running ./CMSSW.sh with 2 positional parameters: 436 1
Today is Wed Aug 14 23:37:16 PDT 2013
Job submitted on host cabinet-3-3-2.t2.ucsd.edu
Linux cabinet-3-3-2.t2.ucsd.edu 2.6.32-358.14.1.el6.x86_64 #1 SMP Tue Jul 16 23:51:20 UTC 2013 x86_64 x86_64 x86_64 GNU/Linux
>>> current directory (RUNTIME_AREA): /data4/condor_local/execute/dir_17427/https_3a_2f_2fwms313.cern.ch_3a9000_2fAFVzqdr-a5p1g_5fjX7wV0YQ
>>> current user: uid=36058(cuser12) gid=36058(cuser12) groups=36058(cuser12)
>>> directory permission set to 0700
>>> umask set to:  u=rwx,g=,o=
>>> stdout stderr permission set to 0704
>>> voms proxy information:
subject   : /O=GRID-FR/C=FR/O=CNRS/OU=LLR/CN=Ivo Naranjo/CN=proxy/CN=proxy/CN=limited proxy/CN=limited proxy
issuer    : /O=GRID-FR/C=FR/O=CNRS/OU=LLR/CN=Ivo Naranjo/CN=proxy/CN=proxy/CN=limited proxy
identity  : /O=GRID-FR/C=FR/O=CNRS/OU=LLR/CN=Ivo Naranjo/CN=proxy/CN=proxy/CN=limited proxy
type      : limited proxy
strength  : 512 bits
path      : /data4/condor_local/execute/dir_17427/x509_user_proxy
timeleft  : 23:59:34
key usage : 
=== VO cms extension information ===
VO        : cms
subject   : /O=GRID-FR/C=FR/O=CNRS/OU=LLR/CN=Ivo Naranjo
issuer    : /DC=ch/DC=cern/OU=computers/CN=lcg-voms.cern.ch
attribute : /cms/Role=NULL/Capability=NULL
timeleft  : 171:02:22
uri       : lcg-voms.cern.ch:15002
>>> tar --no-same-permissions -xf /data4/condor_local/execute/dir_17427/https_3a_2f_2fwms313.cern.ch_3a9000_2fAFVzqdr-a5p1g_5fjX7wV0YQ/default.tgz :
Successful untar
>>> Include /data4/condor_local/execute/dir_17427/https_3a_2f_2fwms313.cern.ch_3a9000_2fAFVzqdr-a5p1g_5fjX7wV0YQ in PYTHONPATH:
strip arguments
env var CRAB_UNIQUE_JOB_ID set to: inaranjo_PFTauIdEff-V18-DYJetsToLL-madgraph-DR53X-Summer12-v2_ipq426_436_1_QyE
out_files_436
>>> list of expected files on output sandbox
output files: crab_fjr_436.xml CMSSW_436.stdout CMSSW_436.stderr Watchdog_436.log.gz
>>> GridFlavour discovery: 
source OSG GRID setup script
GridFlavour=OSG
>>> SyncSite discovery: 
not reporting SyncSite
>>> SyncCE discovery: 
getting SyncCE from OSG_JOB_CONTACT
SyncCE=osg-gw-6.t2.ucsd.edu/jobmanager-condor
>>> info for dashboard:
***** Cat /data4/condor_local/execute/dir_17427/https_3a_2f_2fwms313.cern.ch_3a9000_2fAFVzqdr-a5p1g_5fjX7wV0YQ/jobreport.txt *****
MonitorJobID=436_https://wms313.cern.ch:9000/AFVzqdr-a5p1g_jX7wV0YQ
SyncGridJobId=https://wms313.cern.ch:9000/AFVzqdr-a5p1g_jX7wV0YQ
MonitorID=inaranjo_PFTauIdEff-V18-DYJetsToLL-madgraph-DR53X-Summer12-v2_ipq426
GridFlavour=OSG
SyncCE=osg-gw-6.t2.ucsd.edu/jobmanager-condor
***** End Cat jobreport *****
Parameters sent to Dashboard.
>>> setup environment
set SCRAM ARCH to slc5_amd64_gcc462
SCRAM_ARCH = slc5_amd64_gcc462
/bin/mktemp: failed to create directory via template `$_CONDOR_SCRATCH_DIR/cms_XXXXXXXXXXXX': No such file or directory
ERROR ==> OSG  could not be created on WN cabinet-3-3-2.t2.ucsd.edu
Checking output files:  
will tar file crab_fjr_436.xml in  out_files_436
will tar file CMSSW_436.stdout in  out_files_436
will tar file CMSSW_436.stderr in  out_files_436
WARNING: output file Watchdog_436.log.gz not found!
>>> padding time: Sleeping the wrapper for 599 seconds
STOPPING WATCHDOG. CrabWatchdog PID is 
kill: usage: kill [-s sigspec | -n signum | -sigspec] pid | jobspec ... or kill -l [sigspec]
********** LAST 50 LINES OF WATCHDOG LOG
tail: cannot open `Watchdog_436.log' for reading: No such file or directory
********** WATCHDOG LOG ENDED
ZIPPING WATCHDOG LOG
gzip: Watchdog_436.log: No such file or directory
Disk space used:
du -sh /data4/condor_local/execute/dir_17427/https_3a_2f_2fwms313.cern.ch_3a9000_2fAFVzqdr-a5p1g_5fjX7wV0YQ
59M	/data4/condor_local/execute/dir_17427/https_3a_2f_2fwms313.cern.ch_3a9000_2fAFVzqdr-a5p1g_5fjX7wV0YQ
Found unusual stderr, rename for OSB
