This script was generated by crab (version 2.8.8).
Running ./CMSSW.sh with 2 positional parameters: 456 1
Today is Wed Aug 14 23:37:19 PDT 2013
Job submitted on host cabinet-1-1-3.t2.ucsd.edu
Linux cabinet-1-1-3.t2.ucsd.edu 2.6.32-358.11.1.el6.x86_64 #1 SMP Wed Jun 12 03:34:52 UTC 2013 x86_64 x86_64 x86_64 GNU/Linux
>>> current directory (RUNTIME_AREA): /data3/condor_local/execute/dir_17488/https_3a_2f_2fwms313.cern.ch_3a9000_2fxIg6WzNImUiOoDT7Dl-dSA
>>> current user: uid=36061(cuser15) gid=36061(cuser15) groups=36061(cuser15)
>>> directory permission set to 0700
>>> umask set to:  u=rwx,g=,o=
>>> stdout stderr permission set to 0704
>>> voms proxy information:
subject   : /O=GRID-FR/C=FR/O=CNRS/OU=LLR/CN=Ivo Naranjo/CN=proxy/CN=proxy/CN=limited proxy/CN=limited proxy
issuer    : /O=GRID-FR/C=FR/O=CNRS/OU=LLR/CN=Ivo Naranjo/CN=proxy/CN=proxy/CN=limited proxy
identity  : /O=GRID-FR/C=FR/O=CNRS/OU=LLR/CN=Ivo Naranjo/CN=proxy/CN=proxy/CN=limited proxy
type      : limited proxy
strength  : 512 bits
path      : /data3/condor_local/execute/dir_17488/x509_user_proxy
timeleft  : 23:59:31
key usage : 
=== VO cms extension information ===
VO        : cms
subject   : /O=GRID-FR/C=FR/O=CNRS/OU=LLR/CN=Ivo Naranjo
issuer    : /DC=ch/DC=cern/OU=computers/CN=lcg-voms.cern.ch
attribute : /cms/Role=NULL/Capability=NULL
timeleft  : 171:02:19
uri       : lcg-voms.cern.ch:15002
>>> tar --no-same-permissions -xf /data3/condor_local/execute/dir_17488/https_3a_2f_2fwms313.cern.ch_3a9000_2fxIg6WzNImUiOoDT7Dl-dSA/default.tgz :
Successful untar
>>> Include /data3/condor_local/execute/dir_17488/https_3a_2f_2fwms313.cern.ch_3a9000_2fxIg6WzNImUiOoDT7Dl-dSA in PYTHONPATH:
strip arguments
env var CRAB_UNIQUE_JOB_ID set to: inaranjo_PFTauIdEff-V18-DYJetsToLL-madgraph-DR53X-Summer12-v2_ipq426_456_1_D2S
out_files_456
>>> list of expected files on output sandbox
output files: crab_fjr_456.xml CMSSW_456.stdout CMSSW_456.stderr Watchdog_456.log.gz
>>> GridFlavour discovery: 
source OSG GRID setup script
GridFlavour=OSG
>>> SyncSite discovery: 
not reporting SyncSite
>>> SyncCE discovery: 
getting SyncCE from OSG_JOB_CONTACT
SyncCE=osg-gw-6.t2.ucsd.edu/jobmanager-condor
>>> info for dashboard:
***** Cat /data3/condor_local/execute/dir_17488/https_3a_2f_2fwms313.cern.ch_3a9000_2fxIg6WzNImUiOoDT7Dl-dSA/jobreport.txt *****
MonitorJobID=456_https://wms313.cern.ch:9000/xIg6WzNImUiOoDT7Dl-dSA
SyncGridJobId=https://wms313.cern.ch:9000/xIg6WzNImUiOoDT7Dl-dSA
MonitorID=inaranjo_PFTauIdEff-V18-DYJetsToLL-madgraph-DR53X-Summer12-v2_ipq426
GridFlavour=OSG
SyncCE=osg-gw-6.t2.ucsd.edu/jobmanager-condor
***** End Cat jobreport *****
Parameters sent to Dashboard.
>>> setup environment
set SCRAM ARCH to slc5_amd64_gcc462
SCRAM_ARCH = slc5_amd64_gcc462
/bin/mktemp: failed to create directory via template `$_CONDOR_SCRATCH_DIR/cms_XXXXXXXXXXXX': No such file or directory
ERROR ==> OSG  could not be created on WN cabinet-1-1-3.t2.ucsd.edu
Checking output files:  
will tar file crab_fjr_456.xml in  out_files_456
will tar file CMSSW_456.stdout in  out_files_456
will tar file CMSSW_456.stderr in  out_files_456
WARNING: output file Watchdog_456.log.gz not found!
>>> padding time: Sleeping the wrapper for 598 seconds
STOPPING WATCHDOG. CrabWatchdog PID is 
kill: usage: kill [-s sigspec | -n signum | -sigspec] pid | jobspec ... or kill -l [sigspec]
********** LAST 50 LINES OF WATCHDOG LOG
tail: cannot open `Watchdog_456.log' for reading: No such file or directory
********** WATCHDOG LOG ENDED
ZIPPING WATCHDOG LOG
gzip: Watchdog_456.log: No such file or directory
Disk space used:
du -sh /data3/condor_local/execute/dir_17488/https_3a_2f_2fwms313.cern.ch_3a9000_2fxIg6WzNImUiOoDT7Dl-dSA
59M	/data3/condor_local/execute/dir_17488/https_3a_2f_2fwms313.cern.ch_3a9000_2fxIg6WzNImUiOoDT7Dl-dSA
Found unusual stderr, rename for OSB
`/data3/condor_local/execute/dir_17488/https_3a_2f_2fwms313.cern.ch_3a9000_2fxIg6WzNImUiOoDT7Dl-dSA/CMSSW_456.stdout' -> `CMSSW_456.stderr'
crab_fjr_456.xml
CMSSW_456.stdout
tar: CMSSW_456.stdout: file changed as we read it
CMSSW_456.stderr
tar: Watchdog_456.log.gz: Cannot stat: No such file or directory
tar: Exiting with failure status due to previous errors
Total Output dimension: 2052
WARNING: output files size limit is set to: 55000000
Total Output dimension 2052 is fine.
JOB_EXIT_STATUS = 10016
>>> info for dashboard:
***** Cat /data3/condor_local/execute/dir_17488/https_3a_2f_2fwms313.cern.ch_3a9000_2fxIg6WzNImUiOoDT7Dl-dSA/jobreport.txt *****
MonitorJobID=456_https://wms313.cern.ch:9000/xIg6WzNImUiOoDT7Dl-dSA
MonitorID=inaranjo_PFTauIdEff-V18-DYJetsToLL-madgraph-DR53X-Summer12-v2_ipq426
CrabUserCpuTime=
CrabSysCpuTime=
CrabCpuPercentage=
CrabWrapperTime=600
CrabStageoutTime=NULL
JobExitCode=10016
***** End Cat jobreport *****
Parameters sent to Dashboard.
crab_fjr_456.xml
